01-13 05:52:33.213  2277 11015 I Finsky:background: [149] qwf.call(974): DS: request_id=10 generated with shared preferences
01-13 05:52:33.215  2277 11015 I Finsky:background: [149] qwf.call(995): DS: enqueue(request_id=10, files_to_download=[com.android.vending.dm(size:45293)], context[group_id=com.android.vending:BydSLwktSt2EfYuCUB-ewg], display_data[invisible=true, title=Google Play Store], network_restrictions=ANY_NETWORK
01-13 05:52:33.217  2277 10913 I Finsky:background: [137] vxu.Q(41): IQ: Notifying installation update. [Package:com.google.android.webview, isid:yfuyYFmDTkyBgwmzxozvXQ], status=SCHEDULED, status_code=0, reason=auto_update, tsc=PT4.5S, attempt=0
01-13 05:52:33.246  2277 11015 I Finsky:background: [149] rji.c(106): DSC::L: Update all listeners for download <9:RUNNING:0%[0%]> in group com.android.vending:BydSLwktSt2EfYuCUB-ewg
01-13 05:52:33.246  2277 11015 I Finsky:background: [149] rji.c(146): DSC::L: Updating listener DownloadServiceManagerListener::ptr@67381c4 for download <9:RUNNING:0%[0%]>
01-13 05:52:33.246  2277 11015 I Finsky:background: [149] rji.c(146): DSC::L: Updating listener rdp@25028ad for download <9:RUNNING:0%[0%]>
01-13 05:52:33.246  2277 11015 I Finsky:background: [149] rji.c(146): DSC::L: Updating listener DownloadServiceManagerListener::afqu@b9577cf for download <9:RUNNING:0%[0%]>
01-13 05:52:33.246  2277 11015 I Finsky:background: [149] afqu.f(13): DS: Received onProgress request_id=9
01-13 05:52:33.247  2277 11015 I Finsky:background: [149] bmnr.j(45): RM: receive resource status onStart com.android.vending.apk reason: su_auto_update isid: BydSLwktSt2EfYuCUB-ewg, 2, 192, size: 0/19785619
01-13 05:52:33.247  2277 11015 I Finsky:background: [149] bmnr.i(61): RM: receive resource status onProgress download_request_id=9, group_id=com.android.vending.apk reason: su_auto_update isid: BydSLwktSt2EfYuCUB-ewg, status_code=RESOURCE_STATUS_IN_PROGRESS, legacy_status_code=192, size: 0/19785619
01-13 05:52:33.247  2277 11015 I Finsky:background: [149] ardf.l(30): DS::IDC: updateWith: <9:RUNNING:0%[0%]>
01-13 05:52:33.270  2277  2457 I Finsky:background: [59] bbbi.n(11): DSC: getDownload(9)
01-13 05:52:33.271  2277  2457 I Finsky:background: [59] bbbi.n(11): DSC: getDownload(9)
01-13 05:52:33.274  2277  2277 I Finsky:background: [2] aeoz.jf(51): PIM: Ignore install package event for: com.google.android.webview, isid: yfuyYFmDTkyBgwmzxozvXQ
01-13 05:52:33.273  2277  2443 I Finsky:background: [51] rfu.i(13): DS: getDownload(request_id=9)
01-13 05:52:33.279  2277  2457 I Finsky:background: [59] rfu.i(13): DS: getDownload(request_id=9)
01-13 05:52:33.283  1885  1885 I Finsky  : [2] aovu.e(257): DL: Data loader session turned off due to Incremental install not requested: com.google.android.webview
01-13 05:52:33.284  2277 11015 I Finsky:background: [149] rfu.h(316): DS: onGetDownload(request_id=9, files_to_download=[com.android.vending.apk(size:19785619)], context[group_id=com.android.vending:BydSLwktSt2EfYuCUB-ewg], display_data[invisible=true, title=Google Play Store], network_restrictions=ANY_NETWORK status=running, bytes_downloaded=0, total_bytes=19785619, retry[count=0, next_retry=n/a])
01-13 05:52:33.285  2277 11015 I Finsky:background: [149] rfu.h(316): DS: onGetDownload(request_id=9, files_to_download=[com.android.vending.apk(size:19785619)], context[group_id=com.android.vending:BydSLwktSt2EfYuCUB-ewg], display_data[invisible=true, title=Google Play Store], network_restrictions=ANY_NETWORK status=running, bytes_downloaded=0, total_bytes=19785619, retry[count=0, next_retry=n/a])
01-13 05:52:33.290  2277 10913 I Finsky:background: [137] vxu.Q(41): IQ: Notifying installation update. [Package:com.google.android.contacts, isid:JSwbOI9DRH6pwkC7U6aI-w], status=SCHEDULED, status_code=0, reason=auto_update, tsc=PT4.391S, attempt=0
01-13 05:52:33.298  2277  2277 I Finsky:background: [2] afpy.a(65): RF: onProgress 9
01-13 05:52:33.297  2277  2462 I Finsky:background: [63] bbbi.n(11): DSC: getDownload(9)
01-13 05:52:33.298  2277  2277 I Finsky:background: [2] afqa.i(77): RF: resourceStatus for request_id=9 group=com.android.vending artifact=com.android.vending.apk collectedBytes= 0 / 19785619
01-13 05:52:33.298  2277  2277 I Finsky:background: [2] afqa.i(144): RF: Group=com.android.vending totalBytesDownloaded= 0 / 26013975 for 1 artifacts
01-13 05:52:33.301  2277  2443 I Finsky:background: [51] rfu.i(13): DS: getDownload(request_id=9)
01-13 05:52:33.305  2277 11015 I Finsky:background: [149] rfu.h(316): DS: onGetDownload(request_id=9, files_to_download=[com.android.vending.apk(size:19785619)], context[group_id=com.android.vending:BydSLwktSt2EfYuCUB-ewg], display_data[invisible=true, title=Google Play Store], network_restrictions=ANY_NETWORK status=running, bytes_downloaded=0, total_bytes=19785619, retry[count=0, next_retry=n/a])
01-13 05:52:33.312  2277  2277 I Finsky:background: [2] afqa.j(74): bytesCompleted/bytesTotal/ratio = 0 / 26013975 / 0.000000
01-13 05:52:33.315  2277 11015 I Finsky:background: [149] rii.e(30): DS: enqueue with parallel downloads (request_id=10,groupId=com.android.vending:BydSLwktSt2EfYuCUB-ewg)
01-13 05:52:33.315  2277 11015 I Finsky:background: [149] rhx.b(11): DS::CD: download(10)
01-13 05:52:33.320  2277  2277 I Finsky:background: [2] afqq.run(413): RF: onStart 9
01-13 05:52:33.327  2277  2277 I Finsky:background: [2] afqa.p(53): RF: Preventing total bytes update to listeners
01-13 05:52:33.329  2277 11015 I Finsky:background: [149] rji.c(106): DSC::L: Update all listeners for download <10:QUEUED with WAITING_FOR_START:0%[0%]> in group com.android.vending:BydSLwktSt2EfYuCUB-ewg
01-13 05:52:33.329  2277 11015 I Finsky:background: [149] rji.c(146): DSC::L: Updating listener DownloadServiceManagerListener::ptr@67381c4 for download <10:QUEUED with WAITING_FOR_START:0%[0%]>
01-13 05:52:33.339  2277 11184 I Finsky:background: [151] mcr.accept(261): IV2: onTaskProgress com.android.vending[iid:0] [isid:BydSLwktSt2EfYuCUB-ewg] status:RESOURCE_FETCH_PROGRESS, size: 0/26013975
01-13 05:52:33.339  2277 11015 I Finsky:background: [149] rji.c(146): DSC::L: Updating listener rdp@25028ad for download <10:QUEUED with WAITING_FOR_START:0%[0%]>
01-13 05:52:33.339  2277 11015 I Finsky:background: [149] rji.c(146): DSC::L: Updating listener DownloadServiceManagerListener::afqu@b9577cf for download <10:QUEUED with WAITING_FOR_START:0%[0%]>
01-13 05:52:33.343  2277  2444 I Finsky:background: [52] rtl.accept(58): SCH: Scheduling phonesky job Id: 40-9998, CT: 1768283553209, Constraints: [{ L: 0, D: 86400000, C: CHARGING_NONE, I: IDLE_NONE, N: NET_ANY, B: BATTERY_ANY }, { L: 0, D: 0, C: CHARGING_NONE, I: IDLE_NONE, N: NET_NONE, B: BATTERY_ANY }]
01-13 05:52:33.344  2277 11015 I Finsky:background: [149] ardf.l(30): DS::IDC: updateWith: <10:QUEUED with WAITING_FOR_START:0%[0%]>
01-13 05:52:33.353  2277  2444 I Finsky:background: [52] apcs.r(331): SCH: Scheduling system job 10041 to resume after 0 ms
01-13 05:52:33.355  2277  2457 I Finsky:background: [59] bbbi.m(10): DSC: enqueue()
01-13 05:52:33.359  2277  2444 I Finsky:background: [52] apcs.r(331): SCH: Scheduling system job 10042 to resume after 0 ms
01-13 05:52:33.368  2277 10934 I ding:background: IncrementDisableThreadFlip blocked for 9.749ms
01-13 05:52:33.371  2277 11003 I ding:background: IncrementDisableThreadFlip blocked for 12.064ms
01-13 05:52:33.372  2277  2445 I Finsky:background: [53] avsy.k(31): SCH: Resuming system job 10041 from hub.
01-13 05:52:33.375  2277 11015 I Finsky:background: [149] rji.c(106): DSC::L: Update all listeners for download <10:RUNNING:0%[0%]> in group com.android.vending:BydSLwktSt2EfYuCUB-ewg
01-13 05:52:33.375  2277 11015 I Finsky:background: [149] rji.c(146): DSC::L: Updating listener DownloadServiceManagerListener::ptr@67381c4 for download <10:RUNNING:0%[0%]>
01-13 05:52:33.377  2277  2440 I Finsky:background: [50] avsy.k(31): SCH: Resuming system job 10042 from hub.
01-13 05:52:33.378  2277 11015 I Finsky:background: [149] rji.c(146): DSC::L: Updating listener rdp@25028ad for download <10:RUNNING:0%[0%]>
01-13 05:52:33.378  2277 11015 I Finsky:background: [149] rji.c(146): DSC::L: Updating listener DownloadServiceManagerListener::afqu@b9577cf for download <10:RUNNING:0%[0%]>
01-13 05:52:33.378  2277 11015 I Finsky:background: [149] afqu.f(13): DS: Received onProgress request_id=10
01-13 05:52:33.378  2277 11015 I Finsky:background: [149] bmnr.i(61): RM: receive resource status onProgress download_request_id=10, group_id=com.android.vending.dm reason: su_auto_update isid: BydSLwktSt2EfYuCUB-ewg, status_code=RESOURCE_STATUS_IN_PROGRESS, legacy_status_code=192, size: 0/45293
01-13 05:52:33.380  2277 11015 I Finsky:background: [149] ardf.l(30): DS::IDC: updateWith: <10:RUNNING:0%[0%]>
01-13 05:52:33.387  2277 10884 I Finsky:background: [131] nav.a(185): SCH: Satisfied jobs for 10041 are: 3-1, 40-9998
01-13 05:52:33.390  2277 11015 I Finsky:background: [149] qwf.call(974): DS: request_id=11 generated with shared preferences
01-13 05:52:33.391  2277 11015 I Finsky:background: [149] qwf.call(995): DS: enqueue(request_id=11, files_to_download=[config.en(size:74457)], context[group_id=com.android.vending:BydSLwktSt2EfYuCUB-ewg], display_data[invisible=true, title=Google Play Store], network_restrictions=ANY_NETWORK
01-13 05:52:33.392  2277  2445 I Finsky:background: [53] naw.apply(251): SCH: Scheduling 0 system job(s)
01-13 05:52:33.395  2277 10884 I Finsky:background: [131] nav.a(185): SCH: Satisfied jobs for 10042 are: 3-1, 40-9998
01-13 05:52:33.397  2277 10880 I Finsky:background: [130] aheo.accept(94): SCH: Job 40-9998 starting
01-13 05:52:33.399  2277  2277 I Finsky:background: [2] InvisibleRunJob.i(6): DS::IRJ: Running InvisibleRunJob
01-13 05:52:33.405  1885  1885 I Finsky  : [2] aovu.e(257): DL: Data loader session turned off due to Incremental install not requested: com.google.android.contacts
01-13 05:52:33.407  2277  2462 I Finsky:background: [63] bbbi.m(10): DSC: enqueue()
01-13 05:52:33.413  2277  2277 I Finsky:background: [2] aeoz.jf(51): PIM: Ignore install package event for: com.google.android.contacts, isid: JSwbOI9DRH6pwkC7U6aI-w
01-13 05:52:33.421  2277  2443 I Finsky:background: [51] bbbi.n(11): DSC: getDownload(10)
01-13 05:52:33.427  2277  2457 I Finsky:background: [59] bbbi.n(11): DSC: getDownload(10)
01-13 05:52:33.429  2277 11015 I Finsky:background: [149] qwf.call(974): DS: request_id=12 generated with shared preferences
01-13 05:52:33.429  2277 11015 I Finsky:background: [149] qwf.call(995): DS: enqueue(request_id=12, files_to_download=[config.x86_64(size:3511498)], context[group_id=com.android.vending:BydSLwktSt2EfYuCUB-ewg], display_data[invisible=true, title=Google Play Store], network_restrictions=ANY_NETWORK
01-13 05:52:33.429  2277  2443 I Finsky:background: [51] rfu.i(13): DS: getDownload(request_id=10)
01-13 05:52:33.431  2277  2457 I Finsky:background: [59] rfu.i(13): DS: getDownload(request_id=10)
01-13 05:52:33.447  2277 11015 I Finsky:background: [149] rfu.h(316): DS: onGetDownload(request_id=10, files_to_download=[com.android.vending.dm(size:45293)], context[group_id=com.android.vending:BydSLwktSt2EfYuCUB-ewg], display_data[invisible=true, title=Google Play Store], network_restrictions=ANY_NETWORK status=running, bytes_downloaded=0, total_bytes=45293, retry[count=0, next_retry=n/a])
01-13 05:52:33.448  2277 11015 I Finsky:background: [149] rfu.h(316): DS: onGetDownload(request_id=10, files_to_download=[com.android.vending.dm(size:45293)], context[group_id=com.android.vending:BydSLwktSt2EfYuCUB-ewg], display_data[invisible=true, title=Google Play Store], network_restrictions=ANY_NETWORK status=running, bytes_downloaded=0, total_bytes=45293, retry[count=0, next_retry=n/a])
01-13 05:52:33.448  2277 10913 I Finsky:background: [137] vxu.Q(41): IQ: Notifying installation update. [Package:com.android.chrome, isid:i5KxzKTUTEyIbRg05R23fQ], status=SCHEDULED, status_code=0, reason=auto_update, tsc=PT4.573S, attempt=0
01-13 05:52:33.454  2277  2277 I Finsky:background: [2] afpy.a(65): RF: onProgress 10
01-13 05:52:33.456  2277  2277 I Finsky:background: [2] afqa.i(77): RF: resourceStatus for request_id=10 group=com.android.vending artifact=com.android.vending.dm collectedBytes= 0 / 45293
01-13 05:52:33.457  2277  2277 I Finsky:background: [2] afqa.i(144): RF: Group=com.android.vending totalBytesDownloaded= 0 / 26013975 for 2 artifacts
01-13 05:52:33.462  2277  2277 I Finsky:background: [2] afqa.p(53): RF: Preventing total bytes update to listeners
01-13 05:52:33.485  2277 11015 I Finsky:background: [149] rii.e(30): DS: enqueue with parallel downloads (request_id=11,groupId=com.android.vending:BydSLwktSt2EfYuCUB-ewg)
01-13 05:52:33.486  2277 11015 I Finsky:background: [149] rhx.b(11): DS::CD: download(11)
01-13 05:52:33.486  2277 11015 I Finsky:background: [149] rji.c(106): DSC::L: Update all listeners for download <11:QUEUED with WAITING_FOR_START:0%[0%]> in group com.android.vending:BydSLwktSt2EfYuCUB-ewg
01-13 05:52:33.491  2277 11015 I Finsky:background: [149] rji.c(146): DSC::L: Updating listener DownloadServiceManagerListener::ptr@67381c4 for download <11:QUEUED with WAITING_FOR_START:0%[0%]>
01-13 05:52:33.495  2277 11015 I Finsky:background: [149] rji.c(146): DSC::L: Updating listener rdp@25028ad for download <11:QUEUED with WAITING_FOR_START:0%[0%]>
01-13 05:52:33.495  2277 11015 I Finsky:background: [149] rji.c(146): DSC::L: Updating listener DownloadServiceManagerListener::afqu@b9577cf for download <11:QUEUED with WAITING_FOR_START:0%[0%]>
01-13 05:52:33.495  2277 11015 I Finsky:background: [149] ardf.l(30): DS::IDC: updateWith: <11:QUEUED with WAITING_FOR_START:0%[0%]>
01-13 05:52:33.523   270 11062 I keystore2: system/security/keystore2/watchdog/src/lib.rs:377 - Watchdog thread idle -> terminating. Have a great day.
01-13 05:52:33.525  2277  2277 I Finsky:background: [2] aeoz.jf(51): PIM: Ignore install package event for: com.android.chrome, isid: i5KxzKTUTEyIbRg05R23fQ
01-13 05:52:33.531  1885  1885 I Finsky  : [2] aovu.e(257): DL: Data loader session turned off due to Incremental install not requested: com.android.chrome
01-13 05:52:33.537  2277 10913 I Finsky:background: [137] vxu.Q(41): IQ: Notifying installation update. [Package:com.google.android.gms, isid:ka4tCSkTRvuw77W1c5SoAw], status=SCHEDULED, status_code=0, reason=auto_update, tsc=PT4.797S, attempt=0
01-13 05:52:33.559  2277 11015 I Finsky:background: [149] rji.c(106): DSC::L: Update all listeners for download <11:RUNNING:0%[0%]> in group com.android.vending:BydSLwktSt2EfYuCUB-ewg
01-13 05:52:33.561  2277 11015 I Finsky:background: [149] rji.c(146): DSC::L: Updating listener DownloadServiceManagerListener::ptr@67381c4 for download <11:RUNNING:0%[0%]>
01-13 05:52:33.562  2277 11015 I Finsky:background: [149] rji.c(146): DSC::L: Updating listener rdp@25028ad for download <11:RUNNING:0%[0%]>
01-13 05:52:33.562  2277 11015 I Finsky:background: [149] rji.c(146): DSC::L: Updating listener DownloadServiceManagerListener::afqu@b9577cf for download <11:RUNNING:0%[0%]>
01-13 05:52:33.563  2277 11015 I Finsky:background: [149] afqu.f(13): DS: Received onProgress request_id=11
01-13 05:52:33.563  2277 11015 I Finsky:background: [149] bmnr.i(61): RM: receive resource status onProgress download_request_id=11, group_id=config.en reason: su_auto_update isid: BydSLwktSt2EfYuCUB-ewg, status_code=RESOURCE_STATUS_IN_PROGRESS, legacy_status_code=192, size: 0/74457
01-13 05:52:33.571  2277  2457 I Finsky:background: [59] bbbi.m(10): DSC: enqueue()
01-13 05:52:33.575  2277  2457 I Finsky:background: [59] bbbi.n(11): DSC: getDownload(11)
01-13 05:52:33.575  2277 11015 I Finsky:background: [149] ardf.l(30): DS::IDC: updateWith: <11:RUNNING:0%[0%]>
01-13 05:52:33.577  2277  2457 I Finsky:background: [59] rfu.i(13): DS: getDownload(request_id=11)
01-13 05:52:33.580  2277  2462 I Finsky:background: [63] bbbi.n(11): DSC: getDownload(11)
01-13 05:52:33.581  2277  2462 I Finsky:background: [63] rfu.i(13): DS: getDownload(request_id=11)
01-13 05:52:33.593  2277 11015 I Finsky:background: [149] qwf.call(974): DS: request_id=13 generated with shared preferences
01-13 05:52:33.597  2277 11015 I Finsky:background: [149] qwf.call(995): DS: enqueue(request_id=13, files_to_download=[phonesky_data_loader(size:7047)], context[group_id=com.android.vending:BydSLwktSt2EfYuCUB-ewg], display_data[invisible=true, title=Google Play Store], network_restrictions=ANY_NETWORK
01-13 05:52:33.619  2277  2277 I Finsky:background: [2] aeoz.jf(51): PIM: Ignore install package event for: com.google.android.gms, isid: ka4tCSkTRvuw77W1c5SoAw
01-13 05:52:33.619  2277 11015 I Finsky:background: [149] rfu.h(316): DS: onGetDownload(request_id=11, files_to_download=[config.en(size:74457)], context[group_id=com.android.vending:BydSLwktSt2EfYuCUB-ewg], display_data[invisible=true, title=Google Play Store], network_restrictions=ANY_NETWORK status=running, bytes_downloaded=0, total_bytes=74457, retry[count=0, next_retry=n/a])
01-13 05:52:33.619  2277 11015 I Finsky:background: [149] rfu.h(316): DS: onGetDownload(request_id=11, files_to_download=[config.en(size:74457)], context[group_id=com.android.vending:BydSLwktSt2EfYuCUB-ewg], display_data[invisible=true, title=Google Play Store], network_restrictions=ANY_NETWORK status=running, bytes_downloaded=0, total_bytes=74457, retry[count=0, next_retry=n/a])
01-13 05:52:33.619  1885  1885 I Finsky  : [2] aovu.e(257): DL: Data loader session turned off due to Incremental install not requested: com.google.android.gms
01-13 05:52:33.619  2277 11015 I Finsky:background: [149] rii.e(30): DS: enqueue with parallel downloads (request_id=12,groupId=com.android.vending:BydSLwktSt2EfYuCUB-ewg)
01-13 05:52:33.620  2277 11015 I Finsky:background: [149] rhx.b(11): DS::CD: download(12)
01-13 05:52:33.620  2277 11015 I Finsky:background: [149] rji.c(106): DSC::L: Update all listeners for download <12:QUEUED with WAITING_FOR_START:0%[0%]> in group com.android.vending:BydSLwktSt2EfYuCUB-ewg
01-13 05:52:33.620  2277 11015 I Finsky:background: [149] rji.c(146): DSC::L: Updating listener DownloadServiceManagerListener::ptr@67381c4 for download <12:QUEUED with WAITING_FOR_START:0%[0%]>
01-13 05:52:33.620  2277 11015 I Finsky:background: [149] rji.c(146): DSC::L: Updating listener rdp@25028ad for download <12:QUEUED with WAITING_FOR_START:0%[0%]>
01-13 05:52:33.620  2277 11015 I Finsky:background: [149] rji.c(146): DSC::L: Updating listener DownloadServiceManagerListener::afqu@b9577cf for download <12:QUEUED with WAITING_FOR_START:0%[0%]>
01-13 05:52:33.620  2277 11015 I Finsky:background: [149] ardf.l(30): DS::IDC: updateWith: <12:QUEUED with WAITING_FOR_START:0%[0%]>
01-13 05:52:33.629  2277  2277 I Finsky:background: [2] afpy.a(65): RF: onProgress 11
01-13 05:52:33.629  2277  2277 I Finsky:background: [2] afqa.i(77): RF: resourceStatus for request_id=11 group=com.android.vending artifact=config.en collectedBytes= 0 / 74457
01-13 05:52:33.629  2277  2277 I Finsky:background: [2] afqa.i(144): RF: Group=com.android.vending totalBytesDownloaded= 0 / 26013975 for 3 artifacts
01-13 05:52:33.629  2277  2277 I Finsky:background: [2] afqa.p(53): RF: Preventing total bytes update to listeners
01-13 05:52:33.643  2277 10913 I Finsky:background: [137] vxu.Q(41): IQ: Notifying installation update. [Package:com.google.android.tts, isid:gderj3mrSrisn5nqF54QnQ], status=SCHEDULED, status_code=0, reason=auto_update, tsc=PT5.077S, attempt=0
01-13 05:52:33.651  2277  2462 I Finsky:background: [63] bbbi.m(10): DSC: enqueue()
01-13 05:52:33.663  2277 11015 I Finsky:background: [149] qwf.call(974): DS: request_id=14 generated with shared preferences
01-13 05:52:33.663  2277 11015 I Finsky:background: [149] qwf.call(995): DS: enqueue(request_id=14, files_to_download=[phonesky_data_loader.config.x86_64(size:17722)], context[group_id=com.android.vending:BydSLwktSt2EfYuCUB-ewg], display_data[invisible=true, title=Google Play Store], network_restrictions=ANY_NETWORK
01-13 05:52:33.680  2277 11015 I Finsky:background: [149] rji.c(106): DSC::L: Update all listeners for download <12:RUNNING:0%[0%]> in group com.android.vending:BydSLwktSt2EfYuCUB-ewg
01-13 05:52:33.681  2277 11015 I Finsky:background: [149] rji.c(146): DSC::L: Updating listener DownloadServiceManagerListener::ptr@67381c4 for download <12:RUNNING:0%[0%]>
01-13 05:52:33.681  2277 11015 I Finsky:background: [149] rji.c(146): DSC::L: Updating listener rdp@25028ad for download <12:RUNNING:0%[0%]>
01-13 05:52:33.681  2277 11015 I Finsky:background: [149] rji.c(146): DSC::L: Updating listener DownloadServiceManagerListener::afqu@b9577cf for download <12:RUNNING:0%[0%]>
01-13 05:52:33.681  2277 11015 I Finsky:background: [149] afqu.f(13): DS: Received onProgress request_id=12
01-13 05:52:33.681  2277 11015 I Finsky:background: [149] bmnr.i(61): RM: receive resource status onProgress download_request_id=12, group_id=config.x86_64 reason: su_auto_update isid: BydSLwktSt2EfYuCUB-ewg, status_code=RESOURCE_STATUS_IN_PROGRESS, legacy_status_code=192, size: 0/3511498
01-13 05:52:33.681  2277 11015 I Finsky:background: [149] ardf.l(30): DS::IDC: updateWith: <12:RUNNING:0%[0%]>
01-13 05:52:33.692  2277  2462 I Finsky:background: [63] bbbi.n(11): DSC: getDownload(12)
01-13 05:52:33.695  2277  2443 I Finsky:background: [51] rfu.i(13): DS: getDownload(request_id=12)
01-13 05:52:33.696  2277  2457 I Finsky:background: [59] bbbi.n(11): DSC: getDownload(12)
01-13 05:52:33.696  2277 11015 I Finsky:background: [149] rfu.h(316): DS: onGetDownload(request_id=12, files_to_download=[config.x86_64(size:3511498)], context[group_id=com.android.vending:BydSLwktSt2EfYuCUB-ewg], display_data[invisible=true, title=Google Play Store], network_restrictions=ANY_NETWORK status=running, bytes_downloaded=0, total_bytes=3511498, retry[count=0, next_retry=n/a])
01-13 05:52:33.700  2277  2462 I Finsky:background: [63] rfu.i(13): DS: getDownload(request_id=12)
01-13 05:52:33.700  2277 11015 I Finsky:background: [149] rfu.h(316): DS: onGetDownload(request_id=12, files_to_download=[config.x86_64(size:3511498)], context[group_id=com.android.vending:BydSLwktSt2EfYuCUB-ewg], display_data[invisible=true, title=Google Play Store], network_restrictions=ANY_NETWORK status=running, bytes_downloaded=0, total_bytes=3511498, retry[count=0, next_retry=n/a])
01-13 05:52:33.715  2277  2277 I Finsky:background: [2] afpy.a(65): RF: onProgress 12
01-13 05:52:33.715  2277  2277 I Finsky:background: [2] afqa.i(77): RF: resourceStatus for request_id=12 group=com.android.vending artifact=config.x86_64 collectedBytes= 0 / 3511498
01-13 05:52:33.716  2277  2277 I Finsky:background: [2] afqa.i(144): RF: Group=com.android.vending totalBytesDownloaded= 0 / 26013975 for 4 artifacts
01-13 05:52:33.719  2277  2277 I Finsky:background: [2] afqa.p(53): RF: Preventing total bytes update to listeners
01-13 05:52:33.720  2277  2277 I Finsky:background: [2] aeoz.jf(51): PIM: Ignore install package event for: com.google.android.tts, isid: gderj3mrSrisn5nqF54QnQ
01-13 05:52:33.725  1885  1885 I Finsky  : [2] aovu.e(257): DL: Data loader session turned off due to Incremental install not requested: com.google.android.tts
01-13 05:52:33.737  2277 10913 I Finsky:background: [137] vxu.Q(41): IQ: Notifying installation update. [Package:com.google.android.partnersetup, isid:-3X5UbjRRIim0xeuRje69A], status=SCHEDULED, status_code=0, reason=auto_update, tsc=PT5.222S, attempt=0
01-13 05:52:33.748  2277 11015 I Finsky:background: [149] rii.e(30): DS: enqueue with parallel downloads (request_id=13,groupId=com.android.vending:BydSLwktSt2EfYuCUB-ewg)
01-13 05:52:33.749  2277 11015 I Finsky:background: [149] rhx.b(11): DS::CD: download(13)
01-13 05:52:33.749  2277 11015 I Finsky:background: [149] rji.c(106): DSC::L: Update all listeners for download <13:QUEUED with WAITING_FOR_START:0%[0%]> in group com.android.vending:BydSLwktSt2EfYuCUB-ewg
01-13 05:52:33.749  2277 11015 I Finsky:background: [149] rji.c(146): DSC::L: Updating listener DownloadServiceManagerListener::ptr@67381c4 for download <13:QUEUED with WAITING_FOR_START:0%[0%]>
01-13 05:52:33.749  2277 11015 I Finsky:background: [149] rji.c(146): DSC::L: Updating listener rdp@25028ad for download <13:QUEUED with WAITING_FOR_START:0%[0%]>
01-13 05:52:33.749  2277 11015 I Finsky:background: [149] rji.c(146): DSC::L: Updating listener DownloadServiceManagerListener::afqu@b9577cf for download <13:QUEUED with WAITING_FOR_START:0%[0%]>
01-13 05:52:33.749  2277 11015 I Finsky:background: [149] ardf.l(30): DS::IDC: updateWith: <13:QUEUED with WAITING_FOR_START:0%[0%]>
01-13 05:52:33.763  2277  2457 I Finsky:background: [59] bbbi.m(10): DSC: enqueue()
01-13 05:52:33.773  2277 11015 I Finsky:background: [149] qwf.call(974): DS: request_id=15 generated with shared preferences
01-13 05:52:33.773  2277 11015 I Finsky:background: [149] qwf.call(995): DS: enqueue(request_id=15, files_to_download=[phonesky_webrtc_native_lib(size:7054)], context[group_id=com.android.vending:BydSLwktSt2EfYuCUB-ewg], display_data[invisible=true, title=Google Play Store], network_restrictions=ANY_NETWORK
01-13 05:52:33.805  2277  2277 I Finsky:background: [2] aeoz.jf(51): PIM: Ignore install package event for: com.google.android.partnersetup, isid: -3X5UbjRRIim0xeuRje69A
01-13 05:52:33.811  1885  1885 I Finsky  : [2] aovu.e(257): DL: Data loader session turned off due to Incremental install not requested: com.google.android.partnersetup
01-13 05:52:33.825  2277 10913 I Finsky:background: [137] vxu.Q(41): IQ: Notifying installation update. [Package:com.google.android.apps.photos, isid:rGwG4cm8S0aW6PqPkHvlmw], status=SCHEDULED, status_code=0, reason=auto_update, tsc=PT5.213S, attempt=0
01-13 05:52:33.826  2277 11015 I Finsky:background: [149] rii.e(30): DS: enqueue with parallel downloads (request_id=14,groupId=com.android.vending:BydSLwktSt2EfYuCUB-ewg)
01-13 05:52:33.826  2277 11015 I Finsky:background: [149] rhx.b(11): DS::CD: download(14)
01-13 05:52:33.826  2277 11015 I Finsky:background: [149] rji.c(106): DSC::L: Update all listeners for download <14:QUEUED with WAITING_FOR_START:0%[0%]> in group com.android.vending:BydSLwktSt2EfYuCUB-ewg
01-13 05:52:33.826  2277 11015 I Finsky:background: [149] rji.c(146): DSC::L: Updating listener DownloadServiceManagerListener::ptr@67381c4 for download <14:QUEUED with WAITING_FOR_START:0%[0%]>
01-13 05:52:33.826  2277 11015 I Finsky:background: [149] rji.c(146): DSC::L: Updating listener rdp@25028ad for download <14:QUEUED with WAITING_FOR_START:0%[0%]>
01-13 05:52:33.826  2277 11015 I Finsky:background: [149] rji.c(146): DSC::L: Updating listener DownloadServiceManagerListener::afqu@b9577cf for download <14:QUEUED with WAITING_FOR_START:0%[0%]>
01-13 05:52:33.827  2277 11015 I Finsky:background: [149] ardf.l(30): DS::IDC: updateWith: <14:QUEUED with WAITING_FOR_START:0%[0%]>
01-13 05:52:33.829  2277  2462 I Finsky:background: [63] bbbi.m(10): DSC: enqueue()
01-13 05:52:33.834  2277 11209 I Finsky:background: [168] rhy.d(6): CronetDownloader: onRedirectReceived
01-13 05:52:33.836  2277  2457 I Finsky:background: [59] bbbi.n(11): DSC: getDownload(13)
01-13 05:52:33.836  2277 11209 I Finsky:background: [168] rhy.d(6): CronetDownloader: onRedirectReceived
01-13 05:52:33.836  2277 11214 I Finsky:background: [170] rhy.d(6): CronetDownloader: onRedirectReceived
01-13 05:52:33.837  2277  2457 I Finsky:background: [59] rfu.i(13): DS: getDownload(request_id=13)
01-13 05:52:33.842  2277 11215 I Finsky:background: [171] rhy.d(6): CronetDownloader: onRedirectReceived
01-13 05:52:33.843  2277 11015 I Finsky:background: [149] rfu.h(316): DS: onGetDownload(request_id=13, files_to_download=[phonesky_data_loader(size:7047)], context[group_id=com.android.vending:BydSLwktSt2EfYuCUB-ewg], display_data[invisible=true, title=Google Play Store], network_restrictions=ANY_NETWORK status=running, bytes_downloaded=0, total_bytes=7047, retry[count=0, next_retry=n/a])
01-13 05:52:33.851  2277 11015 I Finsky:background: [149] qwf.call(974): DS: request_id=16 generated with shared preferences
01-13 05:52:33.851  2277 11015 I Finsky:background: [149] qwf.call(995): DS: enqueue(request_id=16, files_to_download=[phonesky_webrtc_native_lib.config.x86_64(size:2565285)], context[group_id=com.android.vending:BydSLwktSt2EfYuCUB-ewg], display_data[invisible=true, title=Google Play Store], network_restrictions=ANY_NETWORK
01-13 05:52:33.884  2277 11015 I Finsky:background: [149] rji.c(106): DSC::L: Update all listeners for download <13:RUNNING:0%[0%]> in group com.android.vending:BydSLwktSt2EfYuCUB-ewg
01-13 05:52:33.884  2277 11015 I Finsky:background: [149] rji.c(146): DSC::L: Updating listener DownloadServiceManagerListener::ptr@67381c4 for download <13:RUNNING:0%[0%]>
01-13 05:52:33.885  2277 11015 I Finsky:background: [149] rji.c(146): DSC::L: Updating listener rdp@25028ad for download <13:RUNNING:0%[0%]>
01-13 05:52:33.885  2277 11015 I Finsky:background: [149] rji.c(146): DSC::L: Updating listener DownloadServiceManagerListener::afqu@b9577cf for download <13:RUNNING:0%[0%]>
01-13 05:52:33.885  2277 11015 I Finsky:background: [149] afqu.f(13): DS: Received onProgress request_id=13
01-13 05:52:33.885  2277 11015 I Finsky:background: [149] bmnr.i(61): RM: receive resource status onProgress download_request_id=13, group_id=phonesky_data_loader reason: su_auto_update isid: BydSLwktSt2EfYuCUB-ewg, status_code=RESOURCE_STATUS_IN_PROGRESS, legacy_status_code=192, size: 0/7047
01-13 05:52:33.885  2277 11015 I Finsky:background: [149] ardf.l(30): DS::IDC: updateWith: <13:RUNNING:0%[0%]>
01-13 05:52:33.892  2277  2443 I Finsky:background: [51] bbbi.n(11): DSC: getDownload(13)
01-13 05:52:33.893  2277  2443 I Finsky:background: [51] rfu.i(13): DS: getDownload(request_id=13)
01-13 05:52:33.893  2277 11015 I Finsky:background: [149] rfu.h(316): DS: onGetDownload(request_id=13, files_to_download=[phonesky_data_loader(size:7047)], context[group_id=com.android.vending:BydSLwktSt2EfYuCUB-ewg], display_data[invisible=true, title=Google Play Store], network_restrictions=ANY_NETWORK status=running, bytes_downloaded=0, total_bytes=7047, retry[count=0, next_retry=n/a])
01-13 05:52:33.894  2277  2457 I Finsky:background: [59] bbbi.n(11): DSC: getDownload(14)
01-13 05:52:33.895  2277  2457 I Finsky:background: [59] rfu.i(13): DS: getDownload(request_id=14)
01-13 05:52:33.895  2277 11015 I Finsky:background: [149] rfu.h(316): DS: onGetDownload(request_id=14, files_to_download=[phonesky_data_loader.config.x86_64(size:17722)], context[group_id=com.android.vending:BydSLwktSt2EfYuCUB-ewg], display_data[invisible=true, title=Google Play Store], network_restrictions=ANY_NETWORK status=running, bytes_downloaded=0, total_bytes=17722, retry[count=0, next_retry=n/a])
01-13 05:52:33.899  2277  2277 I Finsky:background: [2] afpy.a(65): RF: onProgress 13
01-13 05:52:33.904  2277  2277 I Finsky:background: [2] afqa.i(77): RF: resourceStatus for request_id=13 group=com.android.vending artifact=phonesky_data_loader collectedBytes= 0 / 7047
01-13 05:52:33.904  2277  2277 I Finsky:background: [2] afqa.i(144): RF: Group=com.android.vending totalBytesDownloaded= 0 / 26013975 for 5 artifacts
01-13 05:52:33.905  1885  1885 I Finsky  : [2] aovu.e(257): DL: Data loader session turned off due to Incremental install not requested: com.google.android.apps.photos
01-13 05:52:33.913  2277  2277 I Finsky:background: [2] afqa.p(53): RF: Preventing total bytes update to listeners
01-13 05:52:33.913  2277  2277 I Finsky:background: [2] aeoz.jf(51): PIM: Ignore install package event for: com.google.android.apps.photos, isid: rGwG4cm8S0aW6PqPkHvlmw
01-13 05:52:33.924  2277 10913 I Finsky:background: [137] vxu.Q(41): IQ: Notifying installation update. [Package:com.google.android.calendar, isid:WnTwLy-JS0uxzNmQROZI-g], status=SCHEDULED, status_code=0, reason=auto_update, tsc=PT4.956S, attempt=0
01-13 05:52:33.936  2277 11015 I Finsky:background: [149] rji.c(106): DSC::L: Update all listeners for download <14:RUNNING:0%[0%]> in group com.android.vending:BydSLwktSt2EfYuCUB-ewg
01-13 05:52:33.936  2277 11015 I Finsky:background: [149] rji.c(146): DSC::L: Updating listener DownloadServiceManagerListener::ptr@67381c4 for download <14:RUNNING:0%[0%]>
01-13 05:52:33.937  2277 11015 I Finsky:background: [149] rji.c(146): DSC::L: Updating listener rdp@25028ad for download <14:RUNNING:0%[0%]>
01-13 05:52:33.938  2277 11015 I Finsky:background: [149] rji.c(146): DSC::L: Updating listener DownloadServiceManagerListener::afqu@b9577cf for download <14:RUNNING:0%[0%]>
01-13 05:52:33.938  2277 11015 I Finsky:background: [149] afqu.f(13): DS: Received onProgress request_id=14
01-13 05:52:33.938  2277 11015 I Finsky:background: [149] bmnr.i(61): RM: receive resource status onProgress download_request_id=14, group_id=phonesky_data_loader.config.x86_64 reason: su_auto_update isid: BydSLwktSt2EfYuCUB-ewg, status_code=RESOURCE_STATUS_IN_PROGRESS, legacy_status_code=192, size: 0/17722
01-13 05:52:33.939  2277 11015 I Finsky:background: [149] ardf.l(30): DS::IDC: updateWith: <14:RUNNING:0%[0%]>
01-13 05:52:33.943  2277  2462 I Finsky:background: [63] bbbi.n(11): DSC: getDownload(14)
01-13 05:52:33.948  2277  2462 I Finsky:background: [63] rfu.i(13): DS: getDownload(request_id=14)
01-13 05:52:33.949  2277 11015 I Finsky:background: [149] rfu.h(316): DS: onGetDownload(request_id=14, files_to_download=[phonesky_data_loader.config.x86_64(size:17722)], context[group_id=com.android.vending:BydSLwktSt2EfYuCUB-ewg], display_data[invisible=true, title=Google Play Store], network_restrictions=ANY_NETWORK status=running, bytes_downloaded=0, total_bytes=17722, retry[count=0, next_retry=n/a])
01-13 05:52:33.955  2277  2277 I Finsky:background: [2] afpy.a(65): RF: onProgress 14
01-13 05:52:33.955  2277  2277 I Finsky:background: [2] afqa.i(77): RF: resourceStatus for request_id=14 group=com.android.vending artifact=phonesky_data_loader.config.x86_64 collectedBytes= 0 / 17722
01-13 05:52:33.955  2277  2277 I Finsky:background: [2] afqa.i(144): RF: Group=com.android.vending totalBytesDownloaded= 0 / 26013975 for 6 artifacts
01-13 05:52:33.959  2277  2277 I Finsky:background: [2] afqa.p(53): RF: Preventing total bytes update to listeners
01-13 05:52:33.976  2277 11015 I Finsky:background: [149] rii.e(30): DS: enqueue with parallel downloads (request_id=15,groupId=com.android.vending:BydSLwktSt2EfYuCUB-ewg)
01-13 05:52:33.976  2277 11015 I Finsky:background: [149] rhx.b(11): DS::CD: download(15)
01-13 05:52:33.976  2277 11015 I Finsky:background: [149] rji.c(106): DSC::L: Update all listeners for download <15:QUEUED with WAITING_FOR_START:0%[0%]> in group com.android.vending:BydSLwktSt2EfYuCUB-ewg
01-13 05:52:33.976  2277 11015 I Finsky:background: [149] rji.c(146): DSC::L: Updating listener DownloadServiceManagerListener::ptr@67381c4 for download <15:QUEUED with WAITING_FOR_START:0%[0%]>
01-13 05:52:33.976  2277 11015 I Finsky:background: [149] rji.c(146): DSC::L: Updating listener rdp@25028ad for download <15:QUEUED with WAITING_FOR_START:0%[0%]>
01-13 05:52:33.976  2277 11015 I Finsky:background: [149] rji.c(146): DSC::L: Updating listener DownloadServiceManagerListener::afqu@b9577cf for download <15:QUEUED with WAITING_FOR_START:0%[0%]>
01-13 05:52:33.976  2277 11015 I Finsky:background: [149] ardf.l(30): DS::IDC: updateWith: <15:QUEUED with WAITING_FOR_START:0%[0%]>
01-13 05:52:33.988  1885  1885 I Finsky  : [2] aovu.e(257): DL: Data loader session turned off due to Incremental install not requested: com.google.android.calendar
01-13 05:52:33.990  2277  2277 I Finsky:background: [2] aeoz.jf(51): PIM: Ignore install package event for: com.google.android.calendar, isid: WnTwLy-JS0uxzNmQROZI-g
01-13 05:52:34.000  2277 10913 I Finsky:background: [137] vxu.Q(41): IQ: Notifying installation update. [Package:com.google.android.accessibility.switchaccess, isid:GTQIaE3hQIqxsODNHsbEvA], status=SCHEDULED, status_code=0, reason=auto_update, tsc=PT5.084S, attempt=0
01-13 05:52:34.001  2277 11015 I Finsky:background: [149] rii.e(30): DS: enqueue with parallel downloads (request_id=16,groupId=com.android.vending:BydSLwktSt2EfYuCUB-ewg)
01-13 05:52:34.001  2277 11015 I Finsky:background: [149] rhx.b(11): DS::CD: download(16)
01-13 05:52:34.002  2277 11015 I Finsky:background: [149] rji.c(106): DSC::L: Update all listeners for download <16:QUEUED with WAITING_FOR_START:0%[0%]> in group com.android.vending:BydSLwktSt2EfYuCUB-ewg
01-13 05:52:34.002  2277 11015 I Finsky:background: [149] rji.c(146): DSC::L: Updating listener DownloadServiceManagerListener::ptr@67381c4 for download <16:QUEUED with WAITING_FOR_START:0%[0%]>
01-13 05:52:34.003  2277 11015 I Finsky:background: [149] rji.c(146): DSC::L: Updating listener rdp@25028ad for download <16:QUEUED with WAITING_FOR_START:0%[0%]>
01-13 05:52:34.005  2277 11015 I Finsky:background: [149] rji.c(146): DSC::L: Updating listener DownloadServiceManagerListener::afqu@b9577cf for download <16:QUEUED with WAITING_FOR_START:0%[0%]>
01-13 05:52:34.005  2277 11015 I Finsky:background: [149] ardf.l(30): DS::IDC: updateWith: <16:QUEUED with WAITING_FOR_START:0%[0%]>
01-13 05:52:34.031  2277 11015 I Finsky:background: [149] rji.c(106): DSC::L: Update all listeners for download <15:RUNNING:0%[0%]> in group com.android.vending:BydSLwktSt2EfYuCUB-ewg
01-13 05:52:34.031  2277 11015 I Finsky:background: [149] rji.c(146): DSC::L: Updating listener DownloadServiceManagerListener::ptr@67381c4 for download <15:RUNNING:0%[0%]>
01-13 05:52:34.031  2277 11015 I Finsky:background: [149] rji.c(146): DSC::L: Updating listener rdp@25028ad for download <15:RUNNING:0%[0%]>
01-13 05:52:34.031  2277 11015 I Finsky:background: [149] rji.c(146): DSC::L: Updating listener DownloadServiceManagerListener::afqu@b9577cf for download <15:RUNNING:0%[0%]>
01-13 05:52:34.031  2277 11015 I Finsky:background: [149] afqu.f(13): DS: Received onProgress request_id=15
01-13 05:52:34.031  2277 11015 I Finsky:background: [149] bmnr.i(61): RM: receive resource status onProgress download_request_id=15, group_id=phonesky_webrtc_native_lib reason: su_auto_update isid: BydSLwktSt2EfYuCUB-ewg, status_code=RESOURCE_STATUS_IN_PROGRESS, legacy_status_code=192, size: 0/7054
01-13 05:52:34.032  2277 11015 I Finsky:background: [149] ardf.l(30): DS::IDC: updateWith: <15:RUNNING:0%[0%]>
01-13 05:52:34.044  2277  2277 I Finsky:background: [2] aeoz.jf(51): PIM: Ignore install package event for: com.google.android.accessibility.switchaccess, isid: GTQIaE3hQIqxsODNHsbEvA
01-13 05:52:34.045  1885  1885 I Finsky  : [2] aovu.e(257): DL: Data loader session turned off due to Incremental install not requested: com.google.android.accessibility.switchaccess
01-13 05:52:34.048  2277  2457 I Finsky:background: [59] bbbi.n(11): DSC: getDownload(15)
01-13 05:52:34.051  2277  2457 I Finsky:background: [59] bbbi.n(11): DSC: getDownload(15)
01-13 05:52:34.050  2277  2443 I Finsky:background: [51] rfu.i(13): DS: getDownload(request_id=15)
01-13 05:52:34.051  2277 11015 I Finsky:background: [149] rfu.h(316): DS: onGetDownload(request_id=15, files_to_download=[phonesky_webrtc_native_lib(size:7054)], context[group_id=com.android.vending:BydSLwktSt2EfYuCUB-ewg], display_data[invisible=true, title=Google Play Store], network_restrictions=ANY_NETWORK status=running, bytes_downloaded=0, total_bytes=7054, retry[count=0, next_retry=n/a])
01-13 05:52:34.055  2277  2457 I Finsky:background: [59] bbbi.n(11): DSC: getDownload(16)
01-13 05:52:34.057  2277  2462 I Finsky:background: [63] rfu.i(13): DS: getDownload(request_id=16)
01-13 05:52:34.058  2277  2457 I Finsky:background: [59] rfu.i(13): DS: getDownload(request_id=15)
01-13 05:52:34.059  2277 11015 I Finsky:background: [149] rfu.h(316): DS: onGetDownload(request_id=16, files_to_download=[phonesky_webrtc_native_lib.config.x86_64(size:2565285)], context[group_id=com.android.vending:BydSLwktSt2EfYuCUB-ewg], display_data[invisible=true, title=Google Play Store], network_restrictions=ANY_NETWORK status=running, bytes_downloaded=0, total_bytes=2565285, retry[count=0, next_retry=n/a])
01-13 05:52:34.060  2277 11015 I Finsky:background: [149] rfu.h(316): DS: onGetDownload(request_id=15, files_to_download=[phonesky_webrtc_native_lib(size:7054)], context[group_id=com.android.vending:BydSLwktSt2EfYuCUB-ewg], display_data[invisible=true, title=Google Play Store], network_restrictions=ANY_NETWORK status=running, bytes_downloaded=0, total_bytes=7054, retry[count=0, next_retry=n/a])
01-13 05:52:34.065  2277 10913 I Finsky:background: [137] vxu.Q(41): IQ: Notifying installation update. [Package:com.google.android.apps.youtube.music, isid:2S5JEG6UTtKqJaOrG8qicQ], status=SCHEDULED, status_code=0, reason=auto_update, tsc=PT5.373S, attempt=0
01-13 05:52:34.070  2277  2277 I Finsky:background: [2] afpy.a(65): RF: onProgress 15
01-13 05:52:34.071  2277  2277 I Finsky:background: [2] afqa.i(77): RF: resourceStatus for request_id=15 group=com.android.vending artifact=phonesky_webrtc_native_lib collectedBytes= 0 / 7054
01-13 05:52:34.071  2277  2277 I Finsky:background: [2] afqa.i(144): RF: Group=com.android.vending totalBytesDownloaded= 0 / 26013975 for 7 artifacts
01-13 05:52:34.079  2277 11015 I Finsky:background: [149] rji.c(106): DSC::L: Update all listeners for download <16:RUNNING:0%[0%]> in group com.android.vending:BydSLwktSt2EfYuCUB-ewg
01-13 05:52:34.079  2277 11015 I Finsky:background: [149] rji.c(146): DSC::L: Updating listener DownloadServiceManagerListener::ptr@67381c4 for download <16:RUNNING:0%[0%]>
01-13 05:52:34.079  2277 11015 I Finsky:background: [149] rji.c(146): DSC::L: Updating listener rdp@25028ad for download <16:RUNNING:0%[0%]>
01-13 05:52:34.079  2277 11015 I Finsky:background: [149] rji.c(146): DSC::L: Updating listener DownloadServiceManagerListener::afqu@b9577cf for download <16:RUNNING:0%[0%]>
01-13 05:52:34.082  2277 11015 I Finsky:background: [149] afqu.f(13): DS: Received onProgress request_id=16
01-13 05:52:34.083  2277  2277 I Finsky:background: [2] afqa.p(53): RF: Preventing total bytes update to listeners
01-13 05:52:34.083  2277 11015 I Finsky:background: [149] bmnr.i(61): RM: receive resource status onProgress download_request_id=16, group_id=phonesky_webrtc_native_lib.config.x86_64 reason: su_auto_update isid: BydSLwktSt2EfYuCUB-ewg, status_code=RESOURCE_STATUS_IN_PROGRESS, legacy_status_code=192, size: 0/2565285
01-13 05:52:34.083  2277 11015 I Finsky:background: [149] ardf.l(30): DS::IDC: updateWith: <16:RUNNING:0%[0%]>
01-13 05:52:34.084  2277  2443 I Finsky:background: [51] bbbi.n(11): DSC: getDownload(16)
01-13 05:52:34.086  2277  2443 I Finsky:background: [51] rfu.i(13): DS: getDownload(request_id=16)
01-13 05:52:34.091  2277 11015 I Finsky:background: [149] rfu.h(316): DS: onGetDownload(request_id=16, files_to_download=[phonesky_webrtc_native_lib.config.x86_64(size:2565285)], context[group_id=com.android.vending:BydSLwktSt2EfYuCUB-ewg], display_data[invisible=true, title=Google Play Store], network_restrictions=ANY_NETWORK status=running, bytes_downloaded=0, total_bytes=2565285, retry[count=0, next_retry=n/a])
01-13 05:52:34.095  2277  2277 I Finsky:background: [2] afpy.a(65): RF: onProgress 16
01-13 05:52:34.096  2277  2277 I Finsky:background: [2] afqa.i(77): RF: resourceStatus for request_id=16 group=com.android.vending artifact=phonesky_webrtc_native_lib.config.x86_64 collectedBytes= 0 / 2565285
01-13 05:52:34.096  2277  2277 I Finsky:background: [2] afqa.i(144): RF: Group=com.android.vending totalBytesDownloaded= 0 / 26013975 for 8 artifacts
01-13 05:52:34.100  2277  2277 I Finsky:background: [2] afqa.p(53): RF: Preventing total bytes update to listeners
01-13 05:52:34.114  2277  2277 I Finsky:background: [2] aeoz.jf(51): PIM: Ignore install package event for: com.google.android.apps.youtube.music, isid: 2S5JEG6UTtKqJaOrG8qicQ
01-13 05:52:34.119  1885  1885 I Finsky  : [2] aovu.e(257): DL: Data loader session turned off due to Incremental install not requested: com.google.android.apps.youtube.music
01-13 05:52:34.129  2277 10913 I Finsky:background: [137] vxu.Q(41): IQ: Notifying installation update. [Package:com.google.android.inputmethod.latin, isid:rqHqnzxjT1W-hKOfuAP02A], status=SCHEDULED, status_code=0, reason=auto_update, tsc=PT5.175S, attempt=0
01-13 05:52:34.163  2277  2277 I Finsky:background: [2] aeoz.jf(51): PIM: Ignore install package event for: com.google.android.inputmethod.latin, isid: rqHqnzxjT1W-hKOfuAP02A
01-13 05:52:34.171  1885  1885 I Finsky  : [2] aovu.e(257): DL: Data loader session turned off due to Incremental install not requested: com.google.android.inputmethod.latin
01-13 05:52:34.173  2277 10913 I Finsky:background: [137] vxu.Q(41): IQ: Notifying installation update. [Package:com.google.android.apps.restore, isid:wzbbPwU6Q0WIiLR4SFlkxQ], status=SCHEDULED, status_code=0, reason=auto_update, tsc=PT5.715S, attempt=0
01-13 05:52:34.205  2277  2277 I Finsky:background: [2] aeoz.jf(51): PIM: Ignore install package event for: com.google.android.apps.restore, isid: wzbbPwU6Q0WIiLR4SFlkxQ
01-13 05:52:34.215  2277 10913 I Finsky:background: [137] vxj.apply(1352): IQ: Creating job 3, for (REQ_CHARGING, REQ_DEVICE_IDLE, REQ_GEARHEAD_PROJECTION_OFF, NETWORK=UNMETERED, PROVISIONING_STATE=PROVISIONED, BACKUP_MANAGER_STATE=BACKUP_READY)
01-13 05:52:34.215  2277 10913 I Finsky:background: [137] vxj.apply(1352): IQ: Creating job 4, for (REQ_CHARGING, REQ_DEVICE_IDLE, REQ_GEARHEAD_PROJECTION_OFF, NETWORK=UNMETERED, PROVISIONING_STATE=PROVISIONED, BACKUP_MANAGER_STATE=BACKUP_READY, PROCESS_IMPORTANCE_THRESHOLD=125)
01-13 05:52:34.216  2277 10913 I Finsky:background: [137] vxj.apply(1352): IQ: Creating job 5, for (REQ_DEVICE_IDLE, REQ_GEARHEAD_PROJECTION_OFF, MIN_BATTERY=20, SHOULD_APPLY_BUDGET=true, NETWORK=UNMETERED, PROVISIONING_STATE=PROVISIONED, BACKUP_MANAGER_STATE=BACKUP_READY, TIME=[2026-01-14T01:00:00Z-2026-01-14T04:00:00Z])
01-13 05:52:34.217  2277 10913 I Finsky:background: [137] vxj.apply(1352): IQ: Creating job 6, for (REQ_GEARHEAD_PROJECTION_OFF, NETWORK=ANY, PROVISIONING_STATE=PROVISIONED, BACKUP_MANAGER_STATE=BACKUP_READY, PROCESS_IMPORTANCE_THRESHOLD=125)
01-13 05:52:34.217  2277 10913 I Finsky:background: [137] vxu.G(311): IQ: Bulk scheduling created jobs
01-13 05:52:34.217  1885  1885 I Finsky  : [2] aovu.e(257): DL: Data loader session turned off due to Incremental install not requested: com.google.android.apps.restore
01-13 05:52:34.306  2277  2445 I Finsky:background: [53] rtl.accept(58): SCH: Scheduling phonesky job Id: 3-3, CT: 1768283554217, Constraints: [{ L: 0, D: 86400000, C: CHARGING_REQUIRED, I: IDLE_REQUIRED, N: NET_UNMETERED, B: BATTERY_ANY }]
01-13 05:52:34.307  2277  2445 I Finsky:background: [53] rtl.accept(58): SCH: Scheduling phonesky job Id: 3-4, CT: 1768283554217, Constraints: [{ L: 0, D: 86400000, C: CHARGING_REQUIRED, I: IDLE_REQUIRED, N: NET_UNMETERED, B: BATTERY_ANY }]
01-13 05:52:34.307  2277  2445 I Finsky:background: [53] rtl.accept(58): SCH: Scheduling phonesky job Id: 3-5, CT: 1768283554217, Constraints: [{ L: 68845784, D: 79645784, C: CHARGING_NONE, I: IDLE_REQUIRED, N: NET_UNMETERED, B: BATTERY_ANY }]
01-13 05:52:34.307  2277  2445 I Finsky:background: [53] rtl.accept(58): SCH: Scheduling phonesky job Id: 3-6, CT: 1768283554217, Constraints: [{ L: 0, D: 86400000, C: CHARGING_NONE, I: IDLE_NONE, N: NET_ANY, B: BATTERY_ANY }, { L: 0, D: 0, C: CHARGING_NONE, I: IDLE_NONE, N: NET_NONE, B: BATTERY_ANY }]
01-13 05:52:34.307  2277  2445 I Finsky:background: [53] apcs.r(331): SCH: Scheduling system job 10041 to resume after 0 ms
01-13 05:52:34.308  2277  2445 I Finsky:background: [53] apcs.r(331): SCH: Scheduling system job 10042 to resume after 0 ms
01-13 05:52:34.317  2277  2444 I Finsky:background: [52] avsy.k(31): SCH: Resuming system job 10041 from hub.
01-13 05:52:34.319  2277  2440 I Finsky:background: [50] avsy.k(31): SCH: Resuming system job 10042 from hub.
01-13 05:52:34.324  2277  2433 I Finsky:background: [48] naw.apply(251): SCH: Scheduling 2 system job(s)
01-13 05:52:34.327  2277 10884 I Finsky:background: [131] nav.a(185): SCH: Satisfied jobs for 10041 are: 3-1, 3-6, 40-9998
01-13 05:52:34.326  2277  2433 I Finsky:background: [48] aher.b(244): SCH: Scheduling system job Id: 10046, L: 0, D: 86399891, C: true, I: true, N: 2
01-13 05:52:34.327   695  1958 D CompatChangeReporter: Compat change id reported: 311402873; UID 10146; state: ENABLED
01-13 05:52:34.328  2277 10880 I Finsky:background: [130] aheo.accept(94): SCH: Job 3-6 starting
01-13 05:52:34.328   695  1958 D CompatChangeReporter: Compat change id reported: 323349338; UID 10146; state: ENABLED
01-13 05:52:34.329  2277  2277 I Finsky:background: [2] pjp.d(34): XPF:Binding for 241397572
01-13 05:52:34.330  2277  2277 I Finsky:background: [2] pjp.d(34): XPF:Binding for 241397572
01-13 05:52:34.330  1885 10764 I Finsky  : [174] pjl.j(23): XPF:0 profiles are currently in enterprise setup: []
01-13 05:52:34.334  2277  2433 I Finsky:background: [48] aher.b(244): SCH: Scheduling system job Id: 10047, L: 68845668, D: 79645668, C: false, I: true, N: 2
01-13 05:52:34.334  1885 10764 I Finsky  : [174] pjm.a(17): XPF: Initializing profiles from value store.
01-13 05:52:34.334  1885 10764 I Finsky  : [174] aqvc.g(42): IQ::HLD: Get the following profiles from PauseUpdatesProfilesValueStore [].
01-13 05:52:34.334  1885 10764 I Finsky  : [174] pjl.h(26): XPF: 0 profiles are paused for app updates: []
01-13 05:52:34.336  2277 10884 I Finsky:background: [131] nav.a(185): SCH: Satisfied jobs for 10042 are: 3-1, 3-6, 40-9998
01-13 05:52:34.345  2277 11015 I Finsky:background: [149] rji.c(106): DSC::L: Update all listeners for download <10:RUNNING:0%[0%]> in group com.android.vending:BydSLwktSt2EfYuCUB-ewg
01-13 05:52:34.346  2277 11015 I Finsky:background: [149] rji.c(146): DSC::L: Updating listener DownloadServiceManagerListener::ptr@67381c4 for download <10:RUNNING:0%[0%]>
