01-13 05:52:18.354  1885  2138 W JobInfo : Job 'com.android.vending/com.google.android.finsky.instantapps.statussync.EnabledStatusSyncService#160422051' has a deadline with no functional constraints. The deadline won't improve job execution latency. Consider removing the deadline.
01-13 05:52:18.354   695  2155 W JobInfo : Job 'com.android.vending/com.google.android.finsky.instantapps.statussync.EnabledStatusSyncService#160422051' has a deadline with no functional constraints. The deadline won't improve job execution latency. Consider removing the deadline.
01-13 05:52:18.371  1389  1543 I .apps.wellbeing: AssetManager2(0x7b3311792c38) locale list changing from [] to [en-US]
01-13 05:52:18.384  1885  2138 I Finsky  : [57] ahev.q(56): SCH: jobFinished: 10-14. TimeElapsed: 56ms.
01-13 05:52:18.390   480   480 D Zygote  : Forked child process 11050
01-13 05:52:18.399   695   730 I ActivityManager: Start proc 11050:com.android.vending:instant_app_installer/u0a146 for service {com.android.vending/com.google.android.finsky.instantapps.statussync.EnabledStatusSyncService}
01-13 05:52:18.399   695   730 I ActivityManager: ProcessObserver broadcast disabled
01-13 05:52:18.422 11050 11050 I t_app_installer: Using CollectorTypeCMC GC.
01-13 05:52:18.423  1885 10915 I android.vending: IncrementDisableThreadFlip blocked for 7.870ms
01-13 05:52:18.435 11050 11050 W t_app_installer: Unexpected CPU variant for x86: x86_64.
01-13 05:52:18.435 11050 11050 W t_app_installer: Known variants: atom, sandybridge, silvermont, goldmont, goldmont-plus, goldmont-without-sha-xsaves, tremont, kabylake, alderlake, default
01-13 05:52:18.439  1885  1885 I Finsky  : [2] aheo.accept(94): SCH: Job 10-15 starting
01-13 05:52:18.447  1885 10888 D AdvertisingIdClient: Creating AdvertisingIdClient
01-13 05:52:18.449  1885 10888 D AdvertisingIdClient: AdvertisingIdClient already created.
01-13 05:52:18.449  1885 10888 D AdvertisingIdClient: AdvertisingIdClient is not bounded. Starting to bind it...
01-13 05:52:18.449  1045  1260 D SatelliteController: iisInCarrierRoamingNbIotNtn: satellite is disabled
01-13 05:52:18.471   695   890 D BackgroundInstallControlService: Package event received: 0
01-13 05:52:18.499 11050 11050 E t_app_installer: Not starting debugger since process cannot load the jdwp agent.
01-13 05:52:18.504  1885 10888 D AdvertisingIdClient: AdvertisingIdClient is bounded
01-13 05:52:18.513 11050 11050 D nativeloader: Load libframework-connectivity-tiramisu-jni.so using APEX ns com_android_tethering for caller /apex/com.android.tethering/javalib/framework-connectivity-t.jar: ok
01-13 05:52:18.519  1885 10888 I AdvertisingIdClient: shouldSendLog -1
01-13 05:52:18.523  1885 10888 I AdvertisingIdClient: GetInfoInternal elapse 70ms
01-13 05:52:18.524  1885 10888 I Finsky  : [179] ahev.q(56): SCH: jobFinished: 10-15. TimeElapsed: 85ms.
01-13 05:52:18.523  1389  1543 I .apps.wellbeing: AssetManager2(0x7b3311791c98) locale list changing from [] to [en-US]
01-13 05:52:18.535   695   765 D CompatChangeReporter: Compat change id reported: 151861875; UID 10146; state: ENABLED
01-13 05:52:18.539  1885  1885 I AdvertisingIdClient: getting error as 17: API: ClientTelemetry.API is not available on this device. Connection failed with: ConnectionResult{statusCode=API_DISABLED_FOR_CONNECTION, resolution=null, message=null}
01-13 05:52:18.546  1885  2182 I PlayCommon: [64] axan.j(2105): Successfully uploaded logs.
01-13 05:52:18.565 11050 11050 D ApplicationLoaders: Returning zygote-cached class loader: /system/framework/org.apache.http.legacy.jar
01-13 05:52:18.565 11050 11050 D ApplicationLoaders: Returning zygote-cached class loader: /system_ext/framework/androidx.window.extensions.jar
01-13 05:52:18.565 11050 11050 D ApplicationLoaders: Returning zygote-cached class loader: /system_ext/framework/androidx.window.sidecar.jar
01-13 05:52:18.570  1885  1885 I Finsky  : [2] aheo.accept(94): SCH: Job 10-18 starting
01-13 05:52:18.572 11050 11050 D nativeloader: InitLlndkLibrariesProduct: libEGL.so:libGLESv1_CM.so:libGLESv2.so:libGLESv3.so:libRS.so:libandroid_net.so:libapexsupport.so:libavf.so:libbinder_ndk.so:libc.so:libcgrouprc.so:libclang_rt.asan-x86_64-android.so:libcom.android.tethering.connectivity_native.so:libdl.so:libft2.so:liblog.so:libm.so:libmediandk.so:libnativewindow.so:libneuralnetworks.so:libselinux.so:libsync.so:libvendorsupport.so:libvndksupport.so:libvulkan.so
01-13 05:52:18.572 11050 11050 D nativeloader: Configuring product-clns-9 for unbundled product apk /product/priv-app/Phonesky/Phonesky.apk. target_sdk_version=35, uses_libraries=, library_path=/product/priv-app/Phonesky/lib/x86_64:/product/priv-app/Phonesky/Phonesky.apk!/lib/x86_64:/product/lib64:/system/product/lib64, permitted_path=/data:/mnt/expand:/data/user/0/com.android.vending:/product/lib64:/system/product/lib64
01-13 05:52:18.573 11050 11050 D nativeloader: InitVndkspLibrariesProduct: VNDK is deprecated with product
01-13 05:52:18.573 11050 11050 D CompatChangeReporter: Compat change id reported: 202956589; UID 10146; state: ENABLED
01-13 05:52:18.579 11050 11050 I t_app_installer: AssetManager2(0x7b331176cdf8) locale list changing from [] to [en-US]
01-13 05:52:18.591 11050 11050 V GraphicsEnvironment: Currently set values for:
01-13 05:52:18.592 11050 11050 V GraphicsEnvironment:   angle_gl_driver_selection_pkgs=[]
01-13 05:52:18.592 11050 11050 V GraphicsEnvironment:   angle_gl_driver_selection_values=[]
01-13 05:52:18.592 11050 11050 V GraphicsEnvironment: com.android.vending is not listed in per-application setting
01-13 05:52:18.592 11050 11050 V GraphicsEnvironment: ANGLE allowlist from config: com.dreamgames.royalmatch com.dts.freefiremax com.dxx.firenow com.gramgames.mergedragons com.ludo.king com.mojang.minecraftpe com.my.defense com.nintendo.zaka com.os.airforce com.playrix.fishdomdd.gplay io.teslatech.callbreak jp.konami.prospia net.peakgames.toonblast
01-13 05:52:18.592 11050 11050 V GraphicsEnvironment: com.android.vending is not listed in ANGLE allowlist or settings, returning default
01-13 05:52:18.592 11050 11050 V GraphicsEnvironment: Neither updatable production driver nor prerelease driver is supported.
01-13 05:52:18.595  1389  1543 I .apps.wellbeing: IncrementDisableThreadFlip blocked for 5.025ms
01-13 05:52:18.611 11050 11050 I Finsky:instant_app_inst: [2] nda.j(82): Process created at version: 45.3.21-31 [0] [PR] 736181551
01-13 05:52:18.641  1885  2125 I Finsky  : [53] ahev.q(56): SCH: jobFinished: 10-18. TimeElapsed: 60ms.
01-13 05:52:18.645   695  1958 I RemoteProvisionSysSvc: getRegistration(android.hardware.security.keymint.IRemotelyProvisionedComponent/default)
01-13 05:52:18.671   695  1958 D ActivityManager: sync unfroze 2590 com.google.android.rkpdapp for 6
01-13 05:52:18.674   695   890 D BackgroundInstallControlService: Package event received: 0
01-13 05:52:18.688   695   890 D BackgroundInstallControlService: Package event received: 0
01-13 05:52:18.691  2590  2590 D ActivityThread: Package [com.example.strategy_workbench] reported as REPLACED, but missing application info. Assuming REMOVED.
01-13 05:52:18.698  2590  2590 D ActivityThread: Package [com.example.strategy_workbench] reported as REPLACED, but missing application info. Assuming REMOVED.
01-13 05:52:18.705  1885  1885 I Finsky  : [2] aheo.accept(94): SCH: Job 10-20 starting
01-13 05:52:18.706  1885  1885 I Finsky  : [2] DeferredVpaNotificationHygieneJob.a(6): Start Vpa Service for Deferred Setup Notification
01-13 05:52:18.707  1885  1885 I Finsky  : [2] DeferredVpaNotificationHygieneJob.a(65): setup::PAI: Deferred PAI is not allowed
01-13 05:52:18.709  1885  1885 I Finsky  : [2] ahev.q(56): SCH: jobFinished: 10-20. TimeElapsed: 4ms.
01-13 05:52:18.717  2277  2440 I Finsky:background: [50] ovv.accept(43): [Counters Flush] Successfully flushed counter events
01-13 05:52:18.730   695   695 I RegistrationProxy: onServiceConnected: com.android.rkpdapp.service.RemoteProvisioningService
01-13 05:52:18.763   695   711 I system_server: Background concurrent mark compact GC freed 23MB AllocSpace bytes, 41(1196KB) LOS objects, 43% free, 30MB/54MB, paused 6.080ms,9.387ms total 470.469ms
01-13 05:52:18.772   695   917 I RegistrationProxy: IGetRegistrationCallback.onSuccess
01-13 05:52:18.785   695  1958 D CompatChangeReporter: Compat change id reported: 297989574; UID 10146; state: ENABLED
01-13 05:52:18.791  1885  1885 I Finsky  : [2] aheo.accept(94): SCH: Job 10-22 starting
01-13 05:52:18.796  1885 10888 I Finsky  : [179] ahev.q(56): SCH: jobFinished: 10-22. TimeElapsed: 5ms.
01-13 05:52:18.807   695  1594 I RemoteProvisionSysSvc: Fetching key 10146 for client 46524432
01-13 05:52:18.807   695  1594 I RegistrationProxy: getKeyAsync operation started with callback 123264777
01-13 05:52:18.811  2590 11075 I RkpdRegistrationBinder: Key requested for : android.hardware.security.keymint.IRemotelyProvisionedComponent/default, clientUid: 1017, keyId: 10146, callback: 129956153
01-13 05:52:18.816   695   713 W System  : A resource failed to call release. 
01-13 05:52:18.825  2590 11075 I RkpdRegistrationBinder: Key successfully assigned to client
01-13 05:52:18.827   695   695 I RemoteProvisionSysSvc: Successfully fetched key for client 46524432
01-13 05:52:18.831   695   890 D BackgroundInstallControlService: Package event received: 0
01-13 05:52:18.840 11050 11077 I Finsky:instant_app_inst: [55] EnabledStatusSyncService.b(8): Running status sync job.
01-13 05:52:18.877  1885  1885 I Finsky  : [2] aheo.accept(94): SCH: Job 10-30 starting
01-13 05:52:18.883 10984 11035 I Finsky:quick_launch: [64] pth.f(41): Subscription detail: DataSubscriptionInfo{groupIdLevel1=null, serviceProviderName=[Zr1R7g28S8p7iucp_gnNJJtsRl-pgO3Y6eIkCh24Iy0], simCarrierId=1}
01-13 05:52:18.900 10984 11035 I Finsky:quick_launch: [64] pfv.d(112): playLoggingServerUrl: https://play.googleapis.com/play/log
01-13 05:52:18.900  1885  1885 I Finsky  : [2] ahev.q(56): SCH: jobFinished: 10-30. TimeElapsed: 21ms.
01-13 05:52:18.916 10984 10984 I Finsky:quick_launch: [2] ptg.onSubscriptionsChanged(6): onSubscriptionsChanged
01-13 05:52:18.920 10984 11035 I Finsky:quick_launch: [64] pfv.d(129): playLoggingServerTimestampUrl: https://play.googleapis.com/play/log/timestamp
01-13 05:52:18.928  7680  7680 D BoundBrokerSvc: onBind: Intent { act=com.google.android.gms.instantapps.START xflg=0x4 pkg=com.google.android.gms }
01-13 05:52:18.928  7680  7680 D BoundBrokerSvc: Loading bound service for intent: Intent { act=com.google.android.gms.instantapps.START xflg=0x4 pkg=com.google.android.gms }
01-13 05:52:19.025   271   271 D SoftKeymaster: system/keymaster/km_openssl/certificate_utils.cpp, Line 148: Using TAG_CERTIFICATE_NOT_BEFORE: 0
01-13 05:52:19.025   271   271 D SoftKeymaster: system/keymaster/km_openssl/certificate_utils.cpp, Line 154: Using TAG_CERTIFICATE_NOT_AFTER: 2461449600000
01-13 05:52:19.025   271   271 D SoftKeymaster: system/keymaster/km_openssl/certificate_utils.cpp, Line 159: Got certificate date params:  NotBefore = 0, NotAfter = 2461449600000
01-13 05:52:19.028   271   271 D SoftKeymaster: system/keymaster/km_openssl/certificate_utils.cpp, Line 273: Setting notBefore to 0
01-13 05:52:19.028   271   271 D SoftKeymaster: system/keymaster/km_openssl/certificate_utils.cpp, Line 282: Setting notAfter to 2461449600
01-13 05:52:19.036  1885  1885 I Finsky  : [2] aheo.accept(94): SCH: Job 10-33 starting
01-13 05:52:19.040  1885  1885 I Finsky  : [2] AutoUpdateHygieneJob.a(10): AU2: hygiene task started
01-13 05:52:19.056 10984 11080 I PlayCommon: [69] axan.j(213): Preparing logs for uploading
01-13 05:52:19.104 10984 11034 I Finsky:quick_launch: [63] ovv.accept(43): [Counters Flush] Successfully flushed counter events
01-13 05:52:19.104  1885 11084 E ActivityThread: Failed to find provider info for androidx.car.app.connection
01-13 05:52:19.105  1885  1885 W CarApp.Conn: Null response from content provider when checking connection to the car, treating as disconnected
01-13 05:52:19.105  1885  1885 I Finsky  : [2] uju.kP(28): GH::GSM: IsProjecting:false
01-13 05:52:19.105  1885  1885 I Finsky  : [2] uju.kP(97): GH::GSM: Gearhead listeners Notified that Projection is: false
01-13 05:52:19.136 11050 11077 D CompatChangeReporter: Compat change id reported: 311402873; UID 10146; state: ENABLED
01-13 05:52:19.136 11050 11077 D CompatChangeReporter: Compat change id reported: 323349338; UID 10146; state: ENABLED
01-13 05:52:19.136 11050 11077 W JobInfo : Job 'com.android.vending/com.google.android.finsky.instantapps.PhenotypeUpdateService#174406261' has a deadline with no functional constraints. The deadline won't improve job execution latency. Consider removing the deadline.
01-13 05:52:19.137   695   917 W JobInfo : Job 'com.android.vending/com.google.android.finsky.instantapps.PhenotypeUpdateService#174406261' has a deadline with no functional constraints. The deadline won't improve job execution latency. Consider removing the deadline.
01-13 05:52:19.149 11050 11050 D PhenotypeUpdateService: onCreate called
01-13 05:52:19.154 11050 11077 E ashmem  : Pinning is deprecated since Android Q. Please use trim or other methods.
01-13 05:52:19.172 11050 11077 I Finsky:instant_app_inst: [55] EnabledStatusSyncService.b(53): Instant App enabled status=true
01-13 05:52:19.173 11050 11087 D PhenotypeUpdateService: Registering with Phenotype
01-13 05:52:19.189 10984 11080 I PlayCommon: [69] axan.j(1397): Connecting to server for timestamp: https://play.googleapis.com/play/log/timestamp
01-13 05:52:19.236  1885 10888 I Finsky  : [179] apdl.apply(1210): Running CheckAppUpdatesTask
01-13 05:52:19.237 11050 11077 I Finsky:instant_app_inst: [55] xbx.e(132): GmsCore device enabled query successful
01-13 05:52:19.249  1885  2138 I Finsky  : [57] CheckAppUpdatesTask.a(9): VerifyApps: CheckAppUpdatesTask was run.
01-13 05:52:19.264  1885  2185 I Finsky  : [66] aqad.apply(137): VerifyApps: CheckAppUpdatesTask found 0 Play-installed PHAs with available updates
01-13 05:52:19.279   695   917 D CompatChangeReporter: Compat change id reported: 311208629; UID 10146; state: ENABLED
01-13 05:52:19.289  1885  2185 I Finsky  : [66] AutoScanTask.d(26): VerifyApps: Verifying installed packages (AutoScan)
01-13 05:52:19.303  1434  1434 D BoundBrokerSvc: onBind: Intent { act=com.google.android.gms.safetynet.service.START xflg=0x4 pkg=com.google.android.gms }
01-13 05:52:19.303  1434  1434 D BoundBrokerSvc: Loading bound service for intent: Intent { act=com.google.android.gms.safetynet.service.START xflg=0x4 pkg=com.google.android.gms }
01-13 05:52:19.332  7680  7716 I .gms.persistent: AssetManager2(0x7b3311783558) locale list changing from [] to [en-US]
01-13 05:52:19.342  1885 11051 I Finsky  : [195] wmn.a(397): Integrity key attestation record generated successfully.
01-13 05:52:19.411 11050 11066 W JobInfo : Job 'com.android.vending/com.google.android.finsky.instantapps.metrics.LogFlushJob#165064389' has a deadline with no functional constraints. The deadline won't improve job execution latency. Consider removing the deadline.
01-13 05:52:19.412   695  1958 W JobInfo : Job 'com.android.vending/com.google.android.finsky.instantapps.metrics.LogFlushJob#165064389' has a deadline with no functional constraints. The deadline won't improve job execution latency. Consider removing the deadline.
01-13 05:52:19.444 11050 11093 I PlayCommon: [60] axan.j(213): Preparing logs for uploading
01-13 05:52:19.452 10984 11080 W PlayCommon: [69] axan.l(11): No account for auth token provided
01-13 05:52:19.453 10984 11080 I PlayCommon: [69] axan.j(1854): Connecting to server: https://play.googleapis.com/play/log?format=raw&proto_v2=true
01-13 05:52:19.456  1885  2185 I android.vending: AssetManager2(0x7b33117841d8) locale list changing from [] to [en-US]
01-13 05:52:19.460 11050 11093 I PlayCommon: [60] axan.j(1397): Connecting to server for timestamp: https://play.googleapis.com/play/log/timestamp
01-13 05:52:19.465  1885  2125 I android.vending: AssetManager2(0x7b331177f3b8) locale list changing from [] to [en-US]
01-13 05:52:19.468  1885  2183 I android.vending: AssetManager2(0x7b3311779c38) locale list changing from [] to [en-US]
01-13 05:52:19.468  1885  2185 I android.vending: AssetManager2(0x7b3311777398) locale list changing from [] to [en-US]
01-13 05:52:19.472  7680  7680 D BoundBrokerSvc: onBind: Intent { act=com.google.android.gms.apperrors.service.START_APP_ERROR dat=chimera-action:/... xflg=0x4 cmp=com.google.android.gms/.chimera.PersistentApiService }
01-13 05:52:19.472  7680  7680 D BoundBrokerSvc: Loading bound service for intent: Intent { act=com.google.android.gms.apperrors.service.START_APP_ERROR dat=chimera-action:/... xflg=0x4 cmp=com.google.android.gms/.chimera.PersistentApiService }
01-13 05:52:19.473  1885  2107 I Finsky  : [48] nup.b(196): AU2: Successfully cleaned-up UpdateFailureHistory
01-13 05:52:19.473  1885  2125 I android.vending: AssetManager2(0x7b331177a278) locale list changing from [] to [en-US]
01-13 05:52:19.475  1885  2183 I android.vending: AssetManager2(0x7b3311785178) locale list changing from [] to [en-US]
01-13 05:52:19.479  1885  2185 I android.vending: AssetManager2(0x7b3311785498) locale list changing from [] to [en-US]
01-13 05:52:19.495  1885  2138 I android.vending: AssetManager2(0x7b3311781938) locale list changing from [] to [en-US]
01-13 05:52:19.495  1885  2183 I android.vending: AssetManager2(0x7b3311783878) locale list changing from [] to [en-US]
01-13 05:52:19.500  1885  2125 I android.vending: AssetManager2(0x7b331177be98) locale list changing from [] to [en-US]
01-13 05:52:19.508  1885  2183 I android.vending: AssetManager2(0x7b3311780038) locale list changing from [] to [en-US]
01-13 05:52:19.510  1885  2138 I android.vending: AssetManager2(0x7b33117828d8) locale list changing from [] to [en-US]
01-13 05:52:19.512  1885  2183 I android.vending: AssetManager2(0x7b3311783238) locale list changing from [] to [en-US]
01-13 05:52:19.516  1885  2185 I android.vending: AssetManager2(0x7b3311782f18) locale list changing from [] to [en-US]
01-13 05:52:19.520  1885  2185 I android.vending: AssetManager2(0x7b33117825b8) locale list changing from [] to [en-US]
01-13 05:52:19.522  1885  2125 I android.vending: AssetManager2(0x7b331177f098) locale list changing from [] to [en-US]
01-13 05:52:19.523  1885  2185 I android.vending: AssetManager2(0x7b33117857b8) locale list changing from [] to [en-US]
01-13 05:52:19.523  1885  2138 I android.vending: AssetManager2(0x7b3311781618) locale list changing from [] to [en-US]
01-13 05:52:19.524  1885  2138 I android.vending: AssetManager2(0x7b331177fd18) locale list changing from [] to [en-US]
01-13 05:52:19.524  1885  2138 I android.vending: AssetManager2(0x7b3311781f78) locale list changing from [] to [en-US]
01-13 05:52:19.525  1885  2183 I android.vending: AssetManager2(0x7b3311781c58) locale list changing from [] to [en-US]
01-13 05:52:19.525  1885  2183 I android.vending: AssetManager2(0x7b3311780358) locale list changing from [] to [en-US]
01-13 05:52:19.527  1885  2185 I android.vending: AssetManager2(0x7b3311776a38) locale list changing from [] to [en-US]
01-13 05:52:19.530  1885  2125 I android.vending: AssetManager2(0x7b3311784b38) locale list changing from [] to [en-US]
01-13 05:52:19.533  1885  2183 I android.vending: AssetManager2(0x7b331177ea58) locale list changing from [] to [en-US]
01-13 05:52:19.546  1885  2183 I android.vending: AssetManager2(0x7b331178c1f8) locale list changing from [] to [en-US]
01-13 05:52:19.548  1885  2125 I android.vending: AssetManager2(0x7b331178af38) locale list changing from [] to [en-US]
01-13 05:52:19.549  1885  2138 I android.vending: AssetManager2(0x7b3311783eb8) locale list changing from [] to [en-US]
01-13 05:52:19.549  1885  2183 I android.vending: AssetManager2(0x7b3311783b98) locale list changing from [] to [en-US]
01-13 05:52:19.556  1885  2183 I android.vending: AssetManager2(0x7b331178de18) locale list changing from [] to [en-US]
01-13 05:52:19.557 10984 11080 I PlayCommon: [69] axan.j(2105): Successfully uploaded logs.
01-13 05:52:19.557  1885  2183 I android.vending: AssetManager2(0x7b3311789f98) locale list changing from [] to [en-US]
01-13 05:52:19.562  1885  2185 I android.vending: AssetManager2(0x7b3311788cd8) locale list changing from [] to [en-US]
01-13 05:52:19.565  1885  2185 I android.vending: AssetManager2(0x7b331178c518) locale list changing from [] to [en-US]
01-13 05:52:19.567  1885  2185 I android.vending: AssetManager2(0x7b3311789958) locale list changing from [] to [en-US]
01-13 05:52:19.568  1885  2185 I android.vending: AssetManager2(0x7b3311789c78) locale list changing from [] to [en-US]
01-13 05:52:19.568  1885  2185 I android.vending: AssetManager2(0x7b3311786d98) locale list changing from [] to [en-US]
01-13 05:52:19.573  1885  2185 I android.vending: AssetManager2(0x7b331178b898) locale list changing from [] to [en-US]
01-13 05:52:19.579  1885  2185 I android.vending: AssetManager2(0x7b3311789318) locale list changing from [] to [en-US]
01-13 05:52:19.584  1885  2185 I android.vending: AssetManager2(0x7b331178ac18) locale list changing from [] to [en-US]
01-13 05:52:19.585  1885  2138 I android.vending: AssetManager2(0x7b33117873d8) locale list changing from [] to [en-US]
01-13 05:52:19.586  1885  2185 I android.vending: AssetManager2(0x7b331178bed8) locale list changing from [] to [en-US]
01-13 05:52:19.586  1885  2185 I android.vending: AssetManager2(0x7b3311788ff8) locale list changing from [] to [en-US]
01-13 05:52:19.588  1885  2138 I android.vending: AssetManager2(0x7b3311786438) locale list changing from [] to [en-US]
01-13 05:52:19.589  1885  2138 I android.vending: AssetManager2(0x7b3311787d38) locale list changing from [] to [en-US]
01-13 05:52:19.589  1885  2138 I android.vending: AssetManager2(0x7b331178d7d8) locale list changing from [] to [en-US]
01-13 05:52:19.600  1885  2185 I android.vending: AssetManager2(0x7b331178b258) locale list changing from [] to [en-US]
01-13 05:52:19.600  1885  2185 I android.vending: AssetManager2(0x7b331178cb58) locale list changing from [] to [en-US]
01-13 05:52:19.605  1885  2185 I android.vending: AssetManager2(0x7b33117889b8) locale list changing from [] to [en-US]
01-13 05:52:19.606  1885  2185 I android.vending: AssetManager2(0x7b331178d4b8) locale list changing from [] to [en-US]
01-13 05:52:19.607  1885  2185 I android.vending: AssetManager2(0x7b331178ce78) locale list changing from [] to [en-US]
01-13 05:52:19.607  1885  2185 I android.vending: AssetManager2(0x7b33117870b8) locale list changing from [] to [en-US]
01-13 05:52:19.608  1885  2185 I android.vending: AssetManager2(0x7b331178e458) locale list changing from [] to [en-US]
01-13 05:52:19.608  1885  2185 I android.vending: AssetManager2(0x7b3311794538) locale list changing from [] to [en-US]
01-13 05:52:19.608  1885  2185 I android.vending: AssetManager2(0x7b331178fa38) locale list changing from [] to [en-US]
01-13 05:52:19.611  1885  2185 I android.vending: AssetManager2(0x7b3311794b78) locale list changing from [] to [en-US]
01-13 05:52:19.612  1885  2185 I android.vending: AssetManager2(0x7b3311794858) locale list changing from [] to [en-US]
01-13 05:52:19.616  1885  2185 I android.vending: AssetManager2(0x7b3311793bd8) locale list changing from [] to [en-US]
01-13 05:52:19.619  1885  2185 I android.vending: AssetManager2(0x7b3311791338) locale list changing from [] to [en-US]
01-13 05:52:19.619  1885  2185 I android.vending: AssetManager2(0x7b3311791fb8) locale list changing from [] to [en-US]
01-13 05:52:19.621  1885  2185 I android.vending: AssetManager2(0x7b33117922d8) locale list changing from [] to [en-US]
01-13 05:52:19.623  1885  2185 I android.vending: AssetManager2(0x7b331178edb8) locale list changing from [] to [en-US]
01-13 05:52:19.625  1885  2185 I android.vending: AssetManager2(0x7b3311778c98) locale list changing from [] to [en-US]
01-13 05:52:19.640  1885  2185 I android.vending: AssetManager2(0x7b3311771f38) locale list changing from [] to [en-US]
01-13 05:52:19.643  1885  2185 I android.vending: AssetManager2(0x7b3311786118) locale list changing from [] to [en-US]
01-13 05:52:19.644  1885  2185 I android.vending: AssetManager2(0x7b3311794218) locale list changing from [] to [en-US]
01-13 05:52:19.646  1885  2185 I android.vending: AssetManager2(0x7b33117951b8) locale list changing from [] to [en-US]
01-13 05:52:19.647  1885  2185 I android.vending: AssetManager2(0x7b3311794e98) locale list changing from [] to [en-US]
01-13 05:52:19.648  1885  2185 I android.vending: AssetManager2(0x7b33117954d8) locale list changing from [] to [en-US]
01-13 05:52:19.648  1885  2185 I android.vending: AssetManager2(0x7b331178e138) locale list changing from [] to [en-US]
01-13 05:52:19.649  1885  2138 I android.vending: AssetManager2(0x7b3311777cf8) locale list changing from [] to [en-US]
01-13 05:52:19.651  1885  2185 I android.vending: AssetManager2(0x7b3311790cf8) locale list changing from [] to [en-US]
01-13 05:52:19.665   695   890 D BackgroundInstallControlService: Package event received: 0
01-13 05:52:19.676  1885  2138 I android.vending: AssetManager2(0x7b3311792f58) locale list changing from [] to [en-US]
01-13 05:52:19.677  1885  2185 I android.vending: AssetManager2(0x7b3311793598) locale list changing from [] to [en-US]
01-13 05:52:19.681  1885  2185 I android.vending: AssetManager2(0x7b33117909d8) locale list changing from [] to [en-US]
01-13 05:52:19.683  1885  2138 I android.vending: AssetManager2(0x7b331177d478) locale list changing from [] to [en-US]
01-13 05:52:19.684  1885  2138 I android.vending: AssetManager2(0x7b331178f0d8) locale list changing from [] to [en-US]
01-13 05:52:19.684  1885  2138 I android.vending: AssetManager2(0x7b3311792c38) locale list changing from [] to [en-US]
01-13 05:52:19.693  7680  7680 D BoundBrokerSvc: onBind: Intent { act=com.google.android.gms.play.integrity.api.service.IntegrityApiDisplayListenerApiService.START dat=chimera-action:/... xflg=0x4 cmp=com.google.android.gms/.chimera.PersistentApiServiceNoInstantApps }
01-13 05:52:19.693  7680  7680 D BoundBrokerSvc: Loading bound service for intent: Intent { act=com.google.android.gms.play.integrity.api.service.IntegrityApiDisplayListenerApiService.START dat=chimera-action:/... xflg=0x4 cmp=com.google.android.gms/.chimera.PersistentApiServiceNoInstantApps }
01-13 05:52:19.712  1885  2138 I android.vending: AssetManager2(0x7b331178e778) locale list changing from [] to [en-US]
01-13 05:52:19.711  1885  2185 I android.vending: AssetManager2(0x7b33117957f8) locale list changing from [] to [en-US]
01-13 05:52:19.712  1885  2185 I android.vending: AssetManager2(0x7b331179ac58) locale list changing from [] to [en-US]
01-13 05:52:19.717  1885  2138 I android.vending: AssetManager2(0x7b3311791c98) locale list changing from [] to [en-US]
01-13 05:52:19.718  1885  2138 I android.vending: AssetManager2(0x7b331178f718) locale list changing from [] to [en-US]
01-13 05:52:19.718  1885  2138 I android.vending: AssetManager2(0x7b331179b8d8) locale list changing from [] to [en-US]
01-13 05:52:19.717  1885  2125 I android.vending: AssetManager2(0x7b3311796798) locale list changing from [] to [en-US]
01-13 05:52:19.719  1885  2138 I android.vending: AssetManager2(0x7b331178fd58) locale list changing from [] to [en-US]
01-13 05:52:19.720  1885  2138 I android.vending: AssetManager2(0x7b331179d1d8) locale list changing from [] to [en-US]
01-13 05:52:19.720  1885  2185 I android.vending: AssetManager2(0x7b3311796dd8) locale list changing from [] to [en-US]
01-13 05:52:19.723  1885  2138 I android.vending: AssetManager2(0x7b3311799358) locale list changing from [] to [en-US]
01-13 05:52:19.722  1885  2185 I android.vending: AssetManager2(0x7b331179bbf8) locale list changing from [] to [en-US]
01-13 05:52:19.723  1885  2138 I android.vending: AssetManager2(0x7b33117989f8) locale list changing from [] to [en-US]
01-13 05:52:19.723  1885  2138 I android.vending: AssetManager2(0x7b331179cb98) locale list changing from [] to [en-US]
01-13 05:52:19.730  1885  2185 I android.vending: AssetManager2(0x7b33117970f8) locale list changing from [] to [en-US]
01-13 05:52:19.732  1885  2138 I android.vending: AssetManager2(0x7b3311798098) locale list changing from [] to [en-US]
01-13 05:52:19.732  1885  2185 I android.vending: AssetManager2(0x7b331179d818) locale list changing from [] to [en-US]
01-13 05:52:19.732  1885  2125 I android.vending: AssetManager2(0x7b331179b298) locale list changing from [] to [en-US]
01-13 05:52:19.733  1885  2125 I android.vending: AssetManager2(0x7b3311796ab8) locale list changing from [] to [en-US]
01-13 05:52:19.733  1885  2125 I android.vending: AssetManager2(0x7b33117986d8) locale list changing from [] to [en-US]
01-13 05:52:19.733  1885  2125 I android.vending: AssetManager2(0x7b3311799fd8) locale list changing from [] to [en-US]
01-13 05:52:19.739  1885  2185 I android.vending: AssetManager2(0x7b331179bf18) locale list changing from [] to [en-US]
01-13 05:52:19.743  1885  2138 I android.vending: AssetManager2(0x7b3311799998) locale list changing from [] to [en-US]
01-13 05:52:19.743  1885  2125 I android.vending: AssetManager2(0x7b3311799038) locale list changing from [] to [en-US]
01-13 05:52:19.744  1885  2138 I android.vending: AssetManager2(0x7b3311799678) locale list changing from [] to [en-US]
01-13 05:52:19.745  1885  2138 I android.vending: AssetManager2(0x7b331179fd98) locale list changing from [] to [en-US]
01-13 05:52:19.755  1885  2125 I android.vending: AssetManager2(0x7b33117a2638) locale list changing from [] to [en-US]
01-13 05:52:19.757  1885  2138 I android.vending: AssetManager2(0x7b331179e7b8) locale list changing from [] to [en-US]
01-13 05:52:19.760  1885  2185 I android.vending: AssetManager2(0x7b33117a1698) locale list changing from [] to [en-US]
01-13 05:52:19.761  1885  2183 I android.vending: AssetManager2(0x7b331179e178) locale list changing from [] to [en-US]
01-13 05:52:19.773  1885  2185 I android.vending: AssetManager2(0x7b33117a06f8) locale list changing from [] to [en-US]
01-13 05:52:19.775  1885  2138 I android.vending: AssetManager2(0x7b331179f118) locale list changing from [] to [en-US]
01-13 05:52:19.778  1885  2138 I android.vending: AssetManager2(0x7b33117a1cd8) locale list changing from [] to [en-US]
01-13 05:52:19.779  1885  2138 I android.vending: AssetManager2(0x7b33117a2318) locale list changing from [] to [en-US]
01-13 05:52:19.779  1885  2138 I android.vending: AssetManager2(0x7b33117a4578) locale list changing from [] to [en-US]
01-13 05:52:19.781  1885  2138 I android.vending: AssetManager2(0x7b331179de58) locale list changing from [] to [en-US]
01-13 05:52:19.787  1885  2185 I android.vending: AssetManager2(0x7b33117a19b8) locale list changing from [] to [en-US]
01-13 05:52:19.790  1885  2138 I android.vending: AssetManager2(0x7b33117a1058) locale list changing from [] to [en-US]
01-13 05:52:19.791  1885  2138 I android.vending: AssetManager2(0x7b33117a4ed8) locale list changing from [] to [en-US]
01-13 05:52:19.795  1885  2138 I android.vending: AssetManager2(0x7b33117a2c78) locale list changing from [] to [en-US]
01-13 05:52:19.796  1885  2138 I android.vending: AssetManager2(0x7b33117a5518) locale list changing from [] to [en-US]
01-13 05:52:19.795  1885  2185 I android.vending: AssetManager2(0x7b331179e498) locale list changing from [] to [en-US]
01-13 05:52:19.801  1885  2138 I android.vending: AssetManager2(0x7b33117a38f8) locale list changing from [] to [en-US]
01-13 05:52:19.807 11050 11093 W PlayCommon: [60] axan.l(11): No account for auth token provided
01-13 05:52:19.808 11050 11093 I PlayCommon: [60] axan.j(1854): Connecting to server: https://play.googleapis.com/play/log?format=raw&proto_v2=true
01-13 05:52:19.815  1885  2183 I android.vending: AssetManager2(0x7b33117a3f38) locale list changing from [] to [en-US]
01-13 05:52:19.819  1885  2138 I android.vending: AssetManager2(0x7b33117a1378) locale list changing from [] to [en-US]
01-13 05:52:19.821  1885  2138 I android.vending: AssetManager2(0x7b33117a4898) locale list changing from [] to [en-US]
01-13 05:52:19.822  1885  2138 I android.vending: AssetManager2(0x7b33117a0a18) locale list changing from [] to [en-US]
01-13 05:52:19.822  1885  2185 I android.vending: AssetManager2(0x7b33117a4258) locale list changing from [] to [en-US]
01-13 05:52:19.825  1885  2183 I android.vending: AssetManager2(0x7b33117a0d38) locale list changing from [] to [en-US]
01-13 05:52:19.830  1885  2138 I Finsky  : [57] pfv.d(112): playLoggingServerUrl: https://play.googleapis.com/play/log
01-13 05:52:19.830  1885  2138 I Finsky  : [57] pfv.d(129): playLoggingServerTimestampUrl: https://play.googleapis.com/play/log/timestamp
01-13 05:52:19.872  1885  2125 I android.vending: AssetManager2(0x7b33117a00b8) locale list changing from [] to [en-US]
01-13 05:52:19.874  1885 10891 I Finsky  : [180] ahev.q(56): SCH: jobFinished: 10-12. TimeElapsed: 1610ms.
01-13 05:52:19.885  1885  2183 I PlayCore: UID: [10146]  PID: [1885] OnWarmUpIntegrityTokenCallback : onWarmUpExpressIntegrityToken
01-13 05:52:19.887  1885 11045 I PlayCore: UID: [10146]  PID: [1885] StandardIntegrity : Unbind from service.
01-13 05:52:19.912 11050 11093 I PlayCommon: [60] axan.j(2105): Successfully uploaded logs.
01-13 05:52:19.984  1885  1895 W android.vending: Suspending all threads took: 6.607ms
01-13 05:52:20.016  1885  1885 I Finsky  : [2] aheo.accept(94): SCH: Job 10-39 starting
01-13 05:52:20.023  1885  1885 I Finsky  : [2] DevTriggeredUpdateHygieneJob.a(6): Running dev-triggered-update hygiene
01-13 05:52:20.034  1885  2064 I PlayCore: UID: [10146]  PID: [1885] StandardIntegrity : requestExpressIntegrityToken(1325085857466398882)
01-13 05:52:20.041  1885 11045 I PlayCore: UID: [10146]  PID: [1885] StandardIntegrity : Initiate binding to the service.
01-13 05:52:20.073  1885  1885 I PlayCore: UID: [10146]  PID: [1885] StandardIntegrity : ServiceConnectionImpl.onServiceConnected(ComponentInfo{com.android.vending/com.google.android.finsky.expressintegrityservice.ExpressIntegrityService})
01-13 05:52:20.077  1885 11045 I PlayCore: UID: [10146]  PID: [1885] StandardIntegrity : linkToDeath
01-13 05:52:20.135  1885  2064 I PlayCore: UID: [10146]  PID: [1885] OnRequestIntegrityTokenCallback : onRequestExpressIntegrityToken
01-13 05:52:20.136  1885 11045 I PlayCore: UID: [10146]  PID: [1885] StandardIntegrity : Unbind from service.
01-13 05:52:20.137  1885 11106 I Finsky  : [206] wap.accept(465): Removed 0 uncompleted downloaded updates.
01-13 05:52:20.139  1885  2183 I Finsky  : [65] wap.accept(517): Removed obsolete update files for 0 packages.
01-13 05:52:20.157  1885 11106 I Finsky  : [206] wap.accept(487): Reset 0 obsolete 'installing' bits.
01-13 05:52:20.191  1885 11108 I Finsky  : [207] wap.accept(619): Finished completion of 0 dev-triggered updates. Successful: 0. Failed: 0.
01-13 05:52:20.212  1885  2138 I Finsky  : [57] ahev.q(56): SCH: jobFinished: 10-39. TimeElapsed: 191ms.
01-13 05:52:20.257  1885  1885 I Finsky  : [2] aheo.accept(94): SCH: Job 10-41 starting
01-13 05:52:20.259  1885  1885 I Finsky  : [2] InstantAppsArchivePrefetchHygieneJob.b(6): Instant Apps archive prefetch triggered from hygiene.
01-13 05:52:20.259  1885  1885 W JobInfo : Job 'com.android.vending/com.google.android.finsky.instantapps.dna.ArchivePrefetchService#207000066' has a deadline with no functional constraints. The deadline won't improve job execution latency. Consider removing the deadline.
01-13 05:52:20.260   695  2148 W JobInfo : Job 'com.android.vending/com.google.android.finsky.instantapps.dna.ArchivePrefetchService#207000066' has a deadline with no functional constraints. The deadline won't improve job execution latency. Consider removing the deadline.
01-13 05:52:20.293 11107 11107 W dumpsys : Thread Pool max thread count is 0. Cannot cache binder as linkToDeath cannot be implemented. serviceName: package
01-13 05:52:20.296  1885  2185 I Finsky  : [66] uau.c(27): App not installed com.android.hardware.threadnetwork
01-13 05:52:20.296  1885  2185 W Finsky  : [66] uaw.d(43): Frosting: Failed to get Frosting Creation Time for com.android.hardware.threadnetwork. Error: com.android.hardware.threadnetwork
01-13 05:52:20.305  1885  1885 I Finsky  : [2] ahev.q(56): SCH: jobFinished: 10-41. TimeElapsed: 48ms.
01-13 05:52:20.401  1885  1885 I Finsky  : [2] aheo.accept(94): SCH: Job 10-42 starting
01-13 05:52:20.408  1885  1885 I Finsky  : [2] ahev.q(56): SCH: jobFinished: 10-42. TimeElapsed: 7ms.
01-13 05:52:20.474  1885 11112 I Finsky  : [208] ahev.q(56): SCH: jobFinished: 10-3. TimeElapsed: 2325ms.
01-13 05:52:20.478 11050 11050 D CompatChangeReporter: Compat change id reported: 312399441; UID 10146; state: ENABLED
01-13 05:52:20.529  1885  1885 I Finsky  : [2] aheo.accept(94): SCH: Job 10-47 starting
01-13 05:52:20.560  5172  5173 I artd    : GetBestInfo: odex next to the dex file (/product/priv-app/PrebuiltGmsCore/oat/x86_64/PrebuiltGmsCore.odex) is kOatUpToDate with filter 'verify' executable 'false'
01-13 05:52:20.570  5172  5548 I artd    : GetBestInfo: /data/user_de/0/com.google.android.gms/app_chimera/m/00000001/CronetDynamite.apk has no usable artifacts
01-13 05:52:20.587  5172  5548 I artd    : GetBestInfo: vdex next to the dex file (/data/user/0/com.google.android.gms/app_dg_cache/8D3338F12DEF4B3BEE6B6A88392A16C26326C269/oat/x86_64/the.vdex) is kOatUpToDate with filter 'verify' executable 'false'
01-13 05:52:20.596  1885 10885 I Finsky  : [177] nup.b(154): [Counters Flush] finished, scheduled=false
01-13 05:52:20.604  5172  5548 I artd    : GetBestInfo: vdex next to the dex file (/data/user/0/com.google.android.gms/app_dg_cache/D7ECB6ECAAAB0DCD8DECD74AE43F16D2EC2B3A20/oat/x86_64/the.vdex) is kOatUpToDate with filter 'verify' executable 'false'
01-13 05:52:20.606  5172  5548 I artd    : GetBestInfo: /data/user_de/0/com.google.android.gms/app_chimera/m/00000002/DynamiteLoader.apk has no usable artifacts
01-13 05:52:20.610  5172  5548 I artd    : GetBestInfo: /data/user_de/0/com.google.android.gms/app_chimera/m/00000005/GoogleCertificates.apk has no usable artifacts
01-13 05:52:20.620  5172  5173 I artd    : GetBestInfo: vdex next to the dex file (/data/user/0/com.google.android.gms/app_dg_cache/75B002AD7F3A98695252C9DAC843D1E8AFB5FDFC/oat/x86_64/the.vdex) is kOatUpToDate with filter 'verify' executable 'false'
01-13 05:52:20.621  5172  5548 I artd    : GetBestInfo: /data/user_de/0/com.google.android.gms/app_chimera/m/0000000a/dl-TfliteDynamiteDynamite.integ_243930801100800.apk has no usable artifacts
01-13 05:52:20.597  1885 10885 I Finsky  : [177] ahev.q(56): SCH: jobFinished: 10-47. TimeElapsed: 67ms.
01-13 05:52:20.625  1885  1885 I Finsky  : [2] aheo.accept(94): SCH: Job 10-48 starting
01-13 05:52:20.632  1885  2138 I Finsky  : [57] rfm.call(48): Instant App hint preload cleanup triggered from hygiene.
01-13 05:52:20.631  5172  5173 I artd    : GetBestInfo: /data/user_de/0/com.google.android.gms/app_chimera/m/00000007/MeasurementDynamite.apk has no usable artifacts
01-13 05:52:20.632  1885  2138 W JobInfo : Job 'com.android.vending/com.google.android.finsky.instantapps.hint.AppPreloadHygieneService#160422053' has a deadline with no functional constraints. The deadline won't improve job execution latency. Consider removing the deadline.
01-13 05:52:20.633   695  1594 W JobInfo : Job 'com.android.vending/com.google.android.finsky.instantapps.hint.AppPreloadHygieneService#160422053' has a deadline with no functional constraints. The deadline won't improve job execution latency. Consider removing the deadline.
01-13 05:52:20.649  5172  5173 I artd    : GetBestInfo: /data/user_de/0/com.google.android.gms/app_chimera/m/00000009/dl-MlkitBarcodeUi.optional_250834100800.apk has no usable artifacts
01-13 05:52:20.691  1885  2138 I Finsky  : [57] ahev.q(56): SCH: jobFinished: 10-48. TimeElapsed: 61ms.
01-13 05:52:20.697  1885  1885 I Finsky  : [2] aheo.accept(94): SCH: Job 10-50 starting
01-13 05:52:20.703  1885  1885 I Finsky  : [2] ahev.q(56): SCH: jobFinished: 10-50. TimeElapsed: 3ms.
01-13 05:52:20.751 11050 11077 I Finsky:instant_app_inst: [55] AppPreloadHygieneService.b(20): AppPreloadHygieneService disabled
01-13 05:52:20.754  1885  1885 I Finsky  : [2] aheo.accept(94): SCH: Job 10-51 starting
01-13 05:52:20.755   695  2148 W JobInfo : Job 'com.android.vending/com.google.android.finsky.instantapps.PhenotypeUpdateService#174406261' has a deadline with no functional constraints. The deadline won't improve job execution latency. Consider removing the deadline.
01-13 05:52:20.757 11050 11087 D CompatChangeReporter: Compat change id reported: 307233716; UID 10146; state: ENABLED
01-13 05:52:20.765  1885  2125 I Finsky  : [53] ahev.q(56): SCH: jobFinished: 10-51. TimeElapsed: 11ms.
01-13 05:52:20.784 11050 11087 W JobInfo : Job 'com.android.vending/com.google.android.finsky.instantapps.metrics.LogFlushJob#165064389' has a deadline with no functional constraints. The deadline won't improve job execution latency. Consider removing the deadline.
01-13 05:52:20.789   695   917 W JobInfo : Job 'com.android.vending/com.google.android.finsky.instantapps.metrics.LogFlushJob#165064389' has a deadline with no functional constraints. The deadline won't improve job execution latency. Consider removing the deadline.
01-13 05:52:20.791 11050 11050 D PhenotypeUpdateService: onCreate called
01-13 05:52:20.801 11050 11077 D PhenotypeUpdateService: Registering with Phenotype
01-13 05:52:20.815 11050 11092 I Finsky:instant_app_inst: [59] wfb.a(113): No eligible accounts. Bail out.
01-13 05:52:20.818 11050 11087 I Finsky:instant_app_inst: [58] ArchivePrefetchService.b(82): InstantApps account missing, skip sync.
01-13 05:52:20.830  1885  1885 I Finsky  : [2] aheo.accept(94): SCH: Job 10-55 starting
01-13 05:52:20.838  1885 10891 I Finsky  : [180] ahev.q(56): SCH: jobFinished: 10-55. TimeElapsed: 6ms.
01-13 05:52:20.882  1885  1885 I Finsky  : [2] aheo.accept(94): SCH: Job 10-62 starting
01-13 05:52:20.893  1885  2185 I Finsky  : [66] uau.c(27): App not installed com.android.hardware.vibrator
01-13 05:52:20.893  1885  2185 W Finsky  : [66] uaw.d(43): Frosting: Failed to get Frosting Creation Time for com.android.hardware.vibrator. Error: com.android.hardware.vibrator
01-13 05:52:20.912  1885  1893 W android.vending: Missing inline cache for java.lang.Object noh.apply(java.lang.Object)
01-13 05:52:20.912  1885  1893 W android.vending: Missing inline cache for java.lang.Object noh.apply(java.lang.Object)
01-13 05:52:20.924  1885  1885 I Finsky  : [2] aheo.accept(94): SCH: Job 10-66 starting
01-13 05:52:20.926  1885 10911 I Finsky  : [182] ltv.a(151): Running asset module service cleaner
01-13 05:52:20.927  1885  2183 W Settings: Setting install_non_market_apps has moved from android.provider.Settings.Global to android.provider.Settings.Secure, returning read-only value.
01-13 05:52:20.927  1885 10911 I Finsky  : [182] ltq.accept(16): Removed 0 old sessions.
01-13 05:52:20.928  1885 10911 I Finsky  : [182] nni.accept(225): Removed 0 obsolete sessions.
01-13 05:52:20.928  1885 10911 I Finsky  : [182] nni.accept(203): Deleted 0 orphaned directories.
01-13 05:52:20.928  1885 10911 I Finsky  : [182] nni.accept(171): Logged 0 packages in store.
01-13 05:52:20.930  1885 10911 I Finsky  : [182] ahev.q(56): SCH: jobFinished: 10-66. TimeElapsed: 5ms.
01-13 05:52:20.974  1885  1885 I Finsky  : [2] aheo.accept(94): SCH: Job 10-71 starting
01-13 05:52:20.976  1885  1885 I Finsky  : [2] ahev.q(56): SCH: jobFinished: 10-71. TimeElapsed: 2ms.
01-13 05:52:21.011  1885  1885 I Finsky  : [2] aheo.accept(94): SCH: Job 10-73 starting
01-13 05:52:21.016  1885 11120 I Finsky  : [210] ahev.q(56): SCH: jobFinished: 10-73. TimeElapsed: 4ms.
01-13 05:52:21.035  1885  1885 I Finsky  : [2] aheo.accept(94): SCH: Job 10-76 starting
01-13 05:52:21.037  1885  1885 I Finsky  : [2] ahev.q(56): SCH: jobFinished: 10-76. TimeElapsed: 1ms.
01-13 05:52:21.057   695  1958 W IPCThreadState: Sending oneway calls to frozen process.
01-13 05:52:21.058  1885  1885 I Finsky  : [2] aheo.accept(94): SCH: Job 10-82 starting
01-13 05:52:21.060   695  1958 W IPCThreadState: Sending oneway calls to frozen process.
01-13 05:52:21.062   695  1958 W IPCThreadState: Sending oneway calls to frozen process.
01-13 05:52:21.066   695  1958 W IPCThreadState: Sending oneway calls to frozen process.
01-13 05:52:21.071   695  1958 W IPCThreadState: Sending oneway calls to frozen process.
01-13 05:52:21.071   695  1958 W IPCThreadState: Sending oneway calls to frozen process.
01-13 05:52:21.071   695  1958 W IPCThreadState: Sending oneway calls to frozen process.
01-13 05:52:21.071   695  1958 W IPCThreadState: Sending oneway calls to frozen process.
01-13 05:52:21.071   695  1958 W IPCThreadState: Sending oneway calls to frozen process.
01-13 05:52:21.071   695  1958 W IPCThreadState: Sending oneway calls to frozen process.
01-13 05:52:21.076   695  1958 W IPCThreadState: Sending oneway calls to frozen process.
01-13 05:52:21.077   695  1958 W IPCThreadState: Sending oneway calls to frozen process.
01-13 05:52:21.077   695  1958 W IPCThreadState: Sending oneway calls to frozen process.
01-13 05:52:21.077   695  1958 W IPCThreadState: Sending oneway calls to frozen process.
01-13 05:52:21.078   695  1958 W IPCThreadState: Sending oneway calls to frozen process.
01-13 05:52:21.078   695  1958 W IPCThreadState: Sending oneway calls to frozen process.
01-13 05:52:21.078   695  1958 W IPCThreadState: Sending oneway calls to frozen process.
01-13 05:52:21.078   695  1958 W IPCThreadState: Sending oneway calls to frozen process.
01-13 05:52:21.078   695  1958 W IPCThreadState: Sending oneway calls to frozen process.
01-13 05:52:21.079   695  1958 W IPCThreadState: Sending oneway calls to frozen process.
01-13 05:52:21.080   695  1958 W IPCThreadState: Sending oneway calls to frozen process.
01-13 05:52:21.080   695  1958 W IPCThreadState: Sending oneway calls to frozen process.
01-13 05:52:21.082  7680  7680 I GservicesProvider: override update completed
01-13 05:52:21.098  1434  1434 W ChimeraProxyRslvr: No registered Chimera impl for com.google.android.gms.backup.GmsBackupStatusChangeReceiver
01-13 05:52:21.098  1434  1434 E ChimeraRcvrProxy: com.google.android.gms.backup.GmsBackupStatusChangeReceiver dropping broadcast com.google.gservices.intent.action.GSERVICES_CHANGED
01-13 05:52:21.102   695   729 D ActivityManager: sync unfroze 3054 com.google.android.partnersetup for 3
01-13 05:52:21.107  3054  3054 D ActivityThread: Package [com.example.strategy_workbench] reported as REPLACED, but missing application info. Assuming REMOVED.
01-13 05:52:21.109  3054  3054 D ActivityThread: Package [com.example.strategy_workbench] reported as REPLACED, but missing application info. Assuming REMOVED.
01-13 05:52:21.122   695   890 D BackgroundInstallControlService: Package event received: 0
01-13 05:52:21.131  3054  3054 W JobInfo : Job 'com.google.android.partnersetup/.AppHidingJobService#12288' has a deadline with no functional constraints. The deadline won't improve job execution latency. Consider removing the deadline.
01-13 05:52:21.133   695  1958 W JobInfo : Job 'com.google.android.partnersetup/.AppHidingJobService#12288' has a deadline with no functional constraints. The deadline won't improve job execution latency. Consider removing the deadline.
01-13 05:52:21.143  3054  3054 W JobInfo : Job 'com.google.android.partnersetup/.ClientIdJobService#8192' has a deadline with no functional constraints. The deadline won't improve job execution latency. Consider removing the deadline.
01-13 05:52:21.151   695  2155 W JobInfo : Job 'com.google.android.partnersetup/.ClientIdJobService#8192' has a deadline with no functional constraints. The deadline won't improve job execution latency. Consider removing the deadline.
01-13 05:52:21.153  3054  3058 W id.partnersetup: Reducing the number of considered missed Gc histogram windows from 515 to 100
01-13 05:52:21.184  1434 11122 I GmsModuleFndr: Beginning GMS chimera module scan
01-13 05:52:21.196  7680 10798 I AlarmManager: setExactAndAllowWhileIdle [name: GCM_CONN_ALARM type: 2 triggerAtMillis: 12735025]
01-13 05:52:21.230  1434 11122 I ModuleSetResolution: Computing pending module set with APKs: [[MapsCoreDynamite.integ:245125201100800], [MlkitBarcodeUi.optional:250834100800], [TfliteDynamiteDynamite.integ:243930801100800], [VisionBarcode.optional:250834100800], [AdsFdrDynamite.integ:244410203100000], [Cronetdynamite:250834260800], [Dynamiteloader:250834260000], [Dynamitemodulesa:250834260000], [Dynamitemodulesc:250834260000], [Googlecertificates:250834260000], [Mapsdynamite:250834260000], [Measurementdynamite:250834260000]]
01-13 05:52:21.267  1885  2185 I Finsky  : [66] uau.c(27): App not installed com.android.compos
01-13 05:52:21.267  1885  2185 W Finsky  : [66] uaw.d(43): Frosting: Failed to get Frosting Creation Time for com.android.compos. Error: com.android.compos
01-13 05:52:21.276  1434 11122 I ModuleSetResolution: Pending container module APKs: [[MapsCoreDynamite.integ:245125201100800], [MlkitBarcodeUi.optional:250834100800], [VisionBarcode.optional:250834100800]]
01-13 05:52:21.276  1434 11122 I ModuleSetResolution: Pending non-container module APKs: [[TfliteDynamiteDynamite.integ:243930801100800]]
01-13 05:52:21.321  1434 11122 V Configuration: Updating configuration, locales updated from [] to [en_US]
01-13 05:52:21.321  1434 11122 I gle.android.gms: AssetManager2(0x7b331176f698) locale list changing from [] to [en-US]
01-13 05:52:21.337  1885  1895 W android.vending: Suspending all threads took: 8.747ms
01-13 05:52:21.355  1885  2183 I Finsky  : [65] ahev.q(56): SCH: jobFinished: 10-62. TimeElapsed: 473ms.
01-13 05:52:21.362  1434 11122 V Configuration: Updating configuration, locales updated from [] to [en_US]
