--------- beginning of main
01-13 05:51:50.180 10854 10854 W dumpsys : Thread Pool max thread count is 0. Cannot cache binder as linkToDeath cannot be implemented. serviceName: package
01-13 05:51:50.310  5172  5548 I artd    : GetBestInfo: odex next to the dex file (/product/priv-app/PrebuiltGmsCore/oat/x86_64/PrebuiltGmsCore.odex) is kOatUpToDate with filter 'verify' executable 'false'
01-13 05:51:50.327  5172  5548 I artd    : GetBestInfo: /data/user_de/0/com.google.android.gms/app_chimera/m/00000001/CronetDynamite.apk has no usable artifacts
01-13 05:51:50.333  5172  5548 I artd    : GetBestInfo: vdex next to the dex file (/data/user/0/com.google.android.gms/app_dg_cache/8D3338F12DEF4B3BEE6B6A88392A16C26326C269/oat/x86_64/the.vdex) is kOatUpToDate with filter 'verify' executable 'false'
01-13 05:51:50.336  5172  5548 I artd    : GetBestInfo: vdex next to the dex file (/data/user/0/com.google.android.gms/app_dg_cache/D7ECB6ECAAAB0DCD8DECD74AE43F16D2EC2B3A20/oat/x86_64/the.vdex) is kOatUpToDate with filter 'verify' executable 'false'
01-13 05:51:50.338  5172  5548 I artd    : GetBestInfo: /data/user_de/0/com.google.android.gms/app_chimera/m/00000002/DynamiteLoader.apk has no usable artifacts
01-13 05:51:50.341  5172  5548 I artd    : GetBestInfo: /data/user_de/0/com.google.android.gms/app_chimera/m/00000005/GoogleCertificates.apk has no usable artifacts
01-13 05:51:50.346  5172  5548 I artd    : GetBestInfo: vdex next to the dex file (/data/user/0/com.google.android.gms/app_dg_cache/75B002AD7F3A98695252C9DAC843D1E8AFB5FDFC/oat/x86_64/the.vdex) is kOatUpToDate with filter 'verify' executable 'false'
01-13 05:51:50.351  5172  5548 I artd    : GetBestInfo: /data/user_de/0/com.google.android.gms/app_chimera/m/0000000a/dl-TfliteDynamiteDynamite.integ_243930801100800.apk has no usable artifacts
01-13 05:51:50.353  5172  5548 I artd    : GetBestInfo: /data/user_de/0/com.google.android.gms/app_chimera/m/00000007/MeasurementDynamite.apk has no usable artifacts
01-13 05:51:50.355  5172  5548 I artd    : GetBestInfo: /data/user_de/0/com.google.android.gms/app_chimera/m/00000009/dl-MlkitBarcodeUi.optional_250834100800.apk has no usable artifacts
--------- beginning of system
01-13 05:51:53.144   695   890 D BackgroundInstallControlService: Package event received: 0
01-13 05:51:58.438  1045  1260 D SatelliteController: iisInCarrierRoamingNbIotNtn: satellite is disabled
01-13 05:52:00.200 10866 10866 W dumpsys : Thread Pool max thread count is 0. Cannot cache binder as linkToDeath cannot be implemented. serviceName: package
01-13 05:52:00.306  5172  5173 I artd    : GetBestInfo: odex next to the dex file (/product/priv-app/PrebuiltGmsCore/oat/x86_64/PrebuiltGmsCore.odex) is kOatUpToDate with filter 'verify' executable 'false'
01-13 05:52:00.309  5172  5548 I artd    : GetBestInfo: /data/user_de/0/com.google.android.gms/app_chimera/m/00000001/CronetDynamite.apk has no usable artifacts
01-13 05:52:00.321  5172  5548 I artd    : GetBestInfo: vdex next to the dex file (/data/user/0/com.google.android.gms/app_dg_cache/8D3338F12DEF4B3BEE6B6A88392A16C26326C269/oat/x86_64/the.vdex) is kOatUpToDate with filter 'verify' executable 'false'
01-13 05:52:00.329  5172  5173 I artd    : GetBestInfo: vdex next to the dex file (/data/user/0/com.google.android.gms/app_dg_cache/D7ECB6ECAAAB0DCD8DECD74AE43F16D2EC2B3A20/oat/x86_64/the.vdex) is kOatUpToDate with filter 'verify' executable 'false'
01-13 05:52:00.334  5172  5173 I artd    : GetBestInfo: /data/user_de/0/com.google.android.gms/app_chimera/m/00000002/DynamiteLoader.apk has no usable artifacts
01-13 05:52:00.335  5172  5173 I artd    : GetBestInfo: /data/user_de/0/com.google.android.gms/app_chimera/m/00000005/GoogleCertificates.apk has no usable artifacts
01-13 05:52:00.337  5172  5548 I artd    : GetBestInfo: vdex next to the dex file (/data/user/0/com.google.android.gms/app_dg_cache/75B002AD7F3A98695252C9DAC843D1E8AFB5FDFC/oat/x86_64/the.vdex) is kOatUpToDate with filter 'verify' executable 'false'
01-13 05:52:00.345  5172  5548 I artd    : GetBestInfo: /data/user_de/0/com.google.android.gms/app_chimera/m/0000000a/dl-TfliteDynamiteDynamite.integ_243930801100800.apk has no usable artifacts
01-13 05:52:00.346  5172  5548 I artd    : GetBestInfo: /data/user_de/0/com.google.android.gms/app_chimera/m/00000007/MeasurementDynamite.apk has no usable artifacts
01-13 05:52:00.354  5172  5173 I artd    : GetBestInfo: /data/user_de/0/com.google.android.gms/app_chimera/m/00000009/dl-MlkitBarcodeUi.optional_250834100800.apk has no usable artifacts
01-13 05:52:07.436   695  2153 I ActivityManager: Force stopping com.example.strategy_workbench appid=10217 user=0: from pid 10871
01-13 05:52:07.437   695  2153 I WindowManager:   Force removing ActivityRecord{260273719 u0 com.example.strategy_workbench/.MainActivity t13}
01-13 05:52:07.441   695   784 W UsageStatsService: Unexpected activity event reported! (com.example.strategy_workbench/com.example.strategy_workbench.MainActivity event : 23 instanceId : 45263117)
01-13 05:52:07.473  1079  1079 D RecentsView: onTaskRemoved: 13, not handling task stack changes
01-13 05:52:07.473  1079  1079 D RecentsView: onTaskRemoved: 13, not handling task stack changes
01-13 05:52:07.492   695  2153 E ActivityManager: Unable to freeze binder for 10707: -11
01-13 05:52:07.496   695  2155 W WindowManager: Failed looking up window session=Session{d2a98b6 936:u0a10187} callers=com.android.server.wm.WindowManagerService.windowForClientLocked:6410 com.android.server.wm.WindowManagerService.relayoutWindow:2379 com.android.server.wm.Session.relayout:283 
01-13 05:52:07.498   936  1150 V Configuration: Updating configuration, locales updated from [] to [en_US]
01-13 05:52:07.498   695  2153 I ActivityManager: Killing 10707:com.example.strategy_workbench/u0a217 (adj 0): stop com.example.strategy_workbench due to from pid 10871
01-13 05:52:07.501   695  2153 W IPCThreadState: Sending oneway calls to frozen process.
01-13 05:52:07.510   695  2153 W IPCThreadState: Sending oneway calls to frozen process.
01-13 05:52:07.510   695  2153 W IPCThreadState: Sending oneway calls to frozen process.
01-13 05:52:07.511   695  2153 W IPCThreadState: Sending oneway calls to frozen process.
01-13 05:52:07.511   695  2153 W IPCThreadState: Sending oneway calls to frozen process.
01-13 05:52:07.511   695  2153 W IPCThreadState: Sending oneway calls to frozen process.
01-13 05:52:07.511   695  2153 W IPCThreadState: Sending oneway calls to frozen process.
01-13 05:52:07.511   695  2153 W IPCThreadState: Sending oneway calls to frozen process.
01-13 05:52:07.511   695  2153 W IPCThreadState: Sending oneway calls to frozen process.
01-13 05:52:07.511   695  2153 W IPCThreadState: Sending oneway calls to frozen process.
01-13 05:52:07.511   695  2153 W IPCThreadState: Sending oneway calls to frozen process.
01-13 05:52:07.513   936  1150 V Configuration: Updating configuration, locales updated from [] to [en_US]
01-13 05:52:07.513   695  2153 W IPCThreadState: Sending oneway calls to frozen process.
01-13 05:52:07.513   695  2153 W IPCThreadState: Sending oneway calls to frozen process.
01-13 05:52:07.513   936  1150 V Configuration: Updating configuration, locales updated from [] to [en_US]
01-13 05:52:07.513   695  2153 W IPCThreadState: Sending oneway calls to frozen process.
01-13 05:52:07.513   695  2153 W IPCThreadState: Sending oneway calls to frozen process.
01-13 05:52:07.513   695  2153 W IPCThreadState: Sending oneway calls to frozen process.
01-13 05:52:07.513   695  2153 W IPCThreadState: Sending oneway calls to frozen process.
01-13 05:52:07.513   695  2153 W IPCThreadState: Sending oneway calls to frozen process.
01-13 05:52:07.513   695  2153 W IPCThreadState: Sending oneway calls to frozen process.
01-13 05:52:07.513   695  2153 W IPCThreadState: Sending oneway calls to frozen process.
01-13 05:52:07.513   695  2153 W IPCThreadState: Sending oneway calls to frozen process.
01-13 05:52:07.513   695  2153 W IPCThreadState: Sending oneway calls to frozen process.
01-13 05:52:07.513   695  2153 W IPCThreadState: Sending oneway calls to frozen process.
01-13 05:52:07.513   695  2153 W IPCThreadState: Sending oneway calls to frozen process.
01-13 05:52:07.513   695  2153 W IPCThreadState: Sending oneway calls to frozen process.
01-13 05:52:07.513   936  1150 V Configuration: Updating configuration, locales updated from [] to [en_US]
01-13 05:52:07.513   695  2153 W IPCThreadState: Sending oneway calls to frozen process.
01-13 05:52:07.513   695  2153 W IPCThreadState: Sending oneway calls to frozen process.
01-13 05:52:07.513   695  2153 W IPCThreadState: Sending oneway calls to frozen process.
01-13 05:52:07.514   936  1150 V Configuration: Updating configuration, locales updated from [] to [en_US]
01-13 05:52:07.513   695  2153 W IPCThreadState: Sending oneway calls to frozen process.
01-13 05:52:07.513   695  2153 W IPCThreadState: Sending oneway calls to frozen process.
01-13 05:52:07.513   695  2153 W IPCThreadState: Sending oneway calls to frozen process.
01-13 05:52:07.513   695  2153 W IPCThreadState: Sending oneway calls to frozen process.
01-13 05:52:07.513   695  2153 W IPCThreadState: Sending oneway calls to frozen process.
01-13 05:52:07.513   695  2153 W IPCThreadState: Sending oneway calls to frozen process.
01-13 05:52:07.513   695  2153 W IPCThreadState: Sending oneway calls to frozen process.
01-13 05:52:07.513   695  2153 W IPCThreadState: Sending oneway calls to frozen process.
01-13 05:52:07.513   695  2153 W IPCThreadState: Sending oneway calls to frozen process.
01-13 05:52:07.513   695  2153 W IPCThreadState: Sending oneway calls to frozen process.
01-13 05:52:07.513   695  2153 W IPCThreadState: Sending oneway calls to frozen process.
01-13 05:52:07.516   936  1150 V Configuration: Updating configuration, locales updated from [] to [en_US]
01-13 05:52:07.516   936  1150 V Configuration: Updating configuration, locales updated from [] to [en_US]
01-13 05:52:07.516   936  1150 V Configuration: Updating configuration, locales updated from [] to [en_US]
01-13 05:52:07.517   936  1150 W WindowOnBackDispatcher: sendCancelIfRunning: isInProgress=false callback=android.view.ViewRootImpl$$ExternalSyntheticLambda13@1a9c818
01-13 05:52:07.521   695   721 W WindowOnBackDispatcher: sendCancelIfRunning: isInProgress=false callback=android.app.Dialog$$ExternalSyntheticLambda2@f8399f6
01-13 05:52:07.522   695   890 D BackgroundInstallControlService: Package event received: 0
01-13 05:52:07.523   695   890 D BackgroundInstallControlService: Package event received: 0
01-13 05:52:07.523   695   890 D BackgroundInstallControlService: Package event received: 0
01-13 05:52:07.523   695   890 D BackgroundInstallControlService: Package event received: 0
01-13 05:52:07.523   695   890 D BackgroundInstallControlService: Package event received: 0
01-13 05:52:07.523   695   890 D BackgroundInstallControlService: Package event received: 0
01-13 05:52:07.523   695   890 D BackgroundInstallControlService: Package event received: 0
01-13 05:52:07.523   695   890 D BackgroundInstallControlService: Package event received: 0
01-13 05:52:07.523   695   890 D BackgroundInstallControlService: Package event received: 0
01-13 05:52:07.525   695   844 D InetDiagMessage: Destroyed 0 sockets, proto=IPPROTO_TCP, family=AF_INET, states=14
01-13 05:52:07.528   695  2153 E TransitionController: Set visible without transition ActivityRecord{252800767 u0 com.google.android.apps.nexuslauncher/.NexusLauncherActivity t2} playing=false caller=com.android.server.wm.TaskFragment.resumeTopActivity:1629 
01-13 05:52:07.531  1079  1079 D VRI[NexusLauncherActivity]: visibilityChanged oldVisibility=false newVisibility=true
01-13 05:52:07.533   695   844 D InetDiagMessage: Destroyed 0 sockets, proto=IPPROTO_TCP, family=AF_INET6, states=14
01-13 05:52:07.533   695   844 D InetDiagMessage: Destroyed live tcp sockets for uids={10217} in 14ms
01-13 05:52:07.539   695   721 D CoreBackPreview: Window{a8c3559 u0 Application Error: com.example.strategy_workbench}: Setting back callback null
01-13 05:52:07.541  1079  1079 D NexusLauncherModelDelegate: notifySmartspaceEvent: SmartspaceTargetEvent{mSmartspaceTarget=null, mSmartspaceActionId='null', mEventType=6}
01-13 05:52:07.542   695  2153 I AppsFilter: interaction: PackageSetting{bd061c6 com.android.microdroid.empty_payload/10211} -> PackageSetting{7627bb6 com.example.strategy_workbench/10217} BLOCKED
01-13 05:52:07.544   695   890 D BackgroundInstallControlService: Package event received: 0
01-13 05:52:07.544   695   890 D BackgroundInstallControlService: Package event received: 0
01-13 05:52:07.547   695   844 D InetDiagMessage: Destroyed 0 sockets, proto=IPPROTO_TCP, family=AF_INET, states=14
01-13 05:52:07.548   695   844 D InetDiagMessage: Destroyed 0 sockets, proto=IPPROTO_TCP, family=AF_INET6, states=14
01-13 05:52:07.548   695   844 D InetDiagMessage: Destroyed live tcp sockets for uids={20217} in 1ms
01-13 05:52:07.549   695  1159 W ActivityManager: Ignoring remove of inactive process: ProcessRecord{784f52f 0:com.example.strategy_workbench/u0a217}
01-13 05:52:07.570   695  1962 W WindowManager: Failed looking up window session=Session{d2a98b6 936:u0a10187} callers=com.android.server.wm.WindowManagerService.windowForClientLocked:6410 com.android.server.wm.Session.setOnBackInvokedCallbackInfo:1002 android.view.IWindowSession$Stub.onTransact:1156 
01-13 05:52:07.571   695  1962 I WindowManager: setOnBackInvokedCallback(): No window state for package:com.android.systemui
01-13 05:52:07.592   695  1594 W WindowManager: Failed looking up window session=Session{d2a98b6 936:u0a10187} callers=com.android.server.wm.WindowManagerService.removeClientToken:2135 com.android.server.wm.Session.remove:270 android.view.IWindowSession$Stub.onTransact:696 
01-13 05:52:07.607   561   561 I adbd    : Remote process closed the socket (on MSG_PEEK)
01-13 05:52:07.625   695   917 V ActivityManager: Got obituary of 10707:com.example.strategy_workbench
01-13 05:52:07.641   695   785 D ActivityManager: sync unfroze 2277 com.android.vending:background for 6
01-13 05:52:07.647  2277  2277 I Finsky:background: [2] zhz.onTrimMemory(11): Memory trim requested to level 40
01-13 05:52:07.648   480   480 I Zygote  : Process 10707 exited due to signal 9 (Killed)
01-13 05:52:07.704   695  1962 W ProcessStats: Tracking association SourceState{2634153 system/1000 ImpBg #6222} whose proc state 6 is better than process ProcessState{738cb98 com.android.vending:background/10146 pkg=com.android.vending} proc state 14 (1 skipped)
01-13 05:52:07.715  1045  1045 D CarrierSvcBindHelper: onHandleForceStop: [com.example.strategy_workbench]
01-13 05:52:07.756   695   785 D ActivityManager: sync unfroze 1885 com.android.vending for 6
01-13 05:52:07.765   695   811 I system_server: AssetManager2(0x7b331178b258) locale list changing from [] to [en-US]
01-13 05:52:07.768  1885  1885 I Finsky  : [2] zhz.onTrimMemory(11): Memory trim requested to level 40
01-13 05:52:07.769  1885  1885 I Finsky  : [2] adut.accept(139): Flushing in-memory image cache
01-13 05:52:07.779   695   731 I libprocessgroup: Removed cgroup /sys/fs/cgroup/apps/uid_10217/pid_10707
01-13 05:52:07.783   695   811 I system_server: AssetManager2(0x7b33118075d8) locale list changing from [] to [en-US]
01-13 05:52:07.801  2277  2277 I Finsky:background: [2] ahgm.onStartJob(126): SCH: job service start with id 10023.
01-13 05:52:07.807   695   721 W Looper  : Slow dispatch took 298ms android.ui app=system_server main=false group=TOP_APP h=com.android.server.am.ActivityManagerService$UiHandler c=com.android.server.am.ErrorDialogController$$ExternalSyntheticLambda4@5e87697 m=0
01-13 05:52:07.809   695   721 W Looper  : Slow delivery took 308ms android.ui app=system_server main=false group=TOP_APP h=com.android.server.am.ActivityManagerService$UiHandler c=null m=32
01-13 05:52:07.825  1045  1045 D CarrierSvcBindHelper: No carrier app for: 0
01-13 05:52:07.827   695   721 W Looper  : Drained
01-13 05:52:07.828   612   681 W IPCThreadState: Sending oneway calls to frozen process.
01-13 05:52:07.834  1079  1252 E FrameEvents: addRelease: Did not find frame.
01-13 05:52:07.836   695   723 V WindowManager: Unknown focus tokens, dropping reportFocusChanged
01-13 05:52:07.839  1079  1079 D StatsLog: LAUNCHER_ONRESUME
01-13 05:52:07.842  5341  5341 I abb     : StartCommandInProcess(73657474696e67730067657400676c6f settings.get.glo [truncated])
01-13 05:52:07.846   936  1078 D WindowManagerShell: setLauncherKeepClearAreaHeight: visible=true, height=527
01-13 05:52:07.873  5341  5341 I abb     : StartCommandInProcess(7061636b61676500696e7374616c6c00 package.install. [truncated])
01-13 05:52:07.845   695   695 W binder:695_18: type=1400 audit(0.0:107): avc:  denied  { getopt } for  scontext=u:r:system_server:s0 tcontext=u:r:shell:s0 tclass=unix_stream_socket permissive=0
01-13 05:52:07.845   695   695 W binder:695_18: type=1400 audit(0.0:108): avc:  denied  { getopt } for  scontext=u:r:system_server:s0 tcontext=u:r:shell:s0 tclass=unix_stream_socket permissive=0
01-13 05:52:07.915  1482  1719 I AiAiEcho: Predicting[0]:  [CONTEXT sampling_count=5 ]
01-13 05:52:07.916  1482  1719 I AiAiEcho: EchoTargets: 
01-13 05:52:07.916  1482  1719 I AiAiEcho: Filtered by AiAi flag check: 
01-13 05:52:07.916  1482  1719 I AiAiEcho: [CONTEXT ratelimit_period="10 SECONDS" ]
01-13 05:52:07.916  1482  1719 I AiAiEcho: #remoteViewsTwiddler: feature disabled.
01-13 05:52:07.917  1482  1719 I AiAiEcho: #postPredictionTargets: Sending updates to UISurface home with targets# 0 (types=[])
01-13 05:52:07.845   695   695 W binder:695_18: type=1400 audit(0.0:109): avc:  denied  { getopt } for  scontext=u:r:system_server:s0 tcontext=u:r:shell:s0 tclass=unix_stream_socket permissive=0
01-13 05:52:07.944  1079  1129 D QuickstepModelDelegate: notifyAppTargetEvent action=1 launchLocation=workspace/0/[-1,-1]/[1,1]
01-13 05:52:07.946  1885  1885 I Finsky  : [2] ahgm.onStartJob(126): SCH: job service start with id 9155.
01-13 05:52:07.959  1079  1079 I NotificationListener: Handling notification state refresh for android#0
01-13 05:52:07.959  1079  1079 I NotificationListener: Handling notification state refresh for com.android.systemui#0
01-13 05:52:07.960  1079  1079 D SsBaseTemplateCard: No text view can be set up
01-13 05:52:07.960  1079  1079 D SsBaseTemplateCard: Passed-in item info is null
01-13 05:52:07.960  1079  1079 D SsBaseTemplateCard: Passed-in item info is null
01-13 05:52:07.960  1079  1079 D SsBaseTemplateCard: Passed-in item info is null
01-13 05:52:07.960  1079  1079 I SsBaseTemplateCard: Secondary card pane is null
01-13 05:52:07.961   695   810 I ImeTracker: com.google.android.apps.nexuslauncher:23c65325: onRequestHide at ORIGIN_SERVER reason HIDE_SAME_WINDOW_FOCUSED_WITHOUT_EDITOR fromUser false
01-13 05:52:07.962  1079  1079 D InsetsController: hide(ime(), fromIme=false)
01-13 05:52:07.962  1079  1079 I ImeTracker: com.google.android.apps.nexuslauncher:23c65325: onCancelled at PHASE_CLIENT_ALREADY_HIDDEN
01-13 05:52:07.963   695   764 W IPCThreadState: Sending oneway calls to frozen process.
01-13 05:52:07.963   695   764 W IPCThreadState: Sending oneway calls to frozen process.
01-13 05:52:07.966  1418  1418 I GoogleInputMethodService: GoogleInputMethodService.onFinishInput():2043 
01-13 05:52:07.973   553   553 E SurfaceFlinger: Out of order buffers detected for RequestedLayerState{com.google.android.apps.nexuslauncher/com.google.android.apps.nexuslauncher.NexusLauncherActivity#129 parentId=111} producedId=13 frameNumber=206 -> producedId=13 frameNumber=2
01-13 05:52:07.975  1418  1418 I Module  : DeviceLockedStatusModuleProvider$Module.updateDeviceLockedStatus():100 repeatCheckTimes = 0, locked = false
01-13 05:52:07.978  1418  1418 I GoogleInputMethodService: GoogleInputMethodService.onStartInput():1293 onStartInput(EditorInfo{EditorInfo{packageName=com.google.android.apps.nexuslauncher, inputType=0, inputTypeString=NULL, enableLearning=false, autoCorrection=false, autoComplete=false, imeOptions=0, privateImeOptions=null, actionName=UNSPECIFIED, actionLabel=null, initialSelStart=-1, initialSelEnd=-1, initialCapsMode=0, label=null, fieldId=0, fieldName=null, extras=null, hintText=null, hintLocales=[]}}, false)
01-13 05:52:07.984   695   764 W IPCThreadState: Sending oneway calls to frozen process.
01-13 05:52:07.985  1418  1418 I Module  : DeviceLockedStatusModuleProvider$Module.updateDeviceLockedStatus():100 repeatCheckTimes = 1, locked = false
01-13 05:52:07.986  1418  1418 I EmojiCompatManager: EmojiCompatManager.getEmojiCompatIfLoaded():343 EmojiCompat.init() was never called.
01-13 05:52:07.986  1418  1418 I EmojiCompatManager: java.lang.IllegalStateException: EmojiCompat is not initialized. Please call EmojiCompat.init() first
01-13 05:52:07.986  1418  1418 I EmojiCompatManager: 	at asx.p(PG:6)
01-13 05:52:07.986  1418  1418 I EmojiCompatManager: 	at axb.b(PG:13)
01-13 05:52:07.986  1418  1418 I EmojiCompatManager: 	at jnr.b(PG:2)
01-13 05:52:07.986  1418  1418 I EmojiCompatManager: 	at jnr.c(PG:4)
01-13 05:52:07.986  1418  1418 I EmojiCompatManager: 	at jnr.f(PG:3)
01-13 05:52:07.986  1418  1418 I EmojiCompatManager: 	at jnx.c(PG:3)
01-13 05:52:07.986  1418  1418 I EmojiCompatManager: 	at kif.cz(PG:47)
01-13 05:52:07.986  1418  1418 I EmojiCompatManager: 	at lhl.run(PG:1025)
01-13 05:52:07.986  1418  1418 I EmojiCompatManager: 	at jaf.execute(PG:12)
01-13 05:52:07.986  1418  1418 I EmojiCompatManager: 	at nco.v(PG:13)
01-13 05:52:07.986  1418  1418 I EmojiCompatManager: 	at lhn.m(PG:96)
01-13 05:52:07.986  1418  1418 I EmojiCompatManager: 	at lhn.k(PG:25)
01-13 05:52:07.986  1418  1418 I EmojiCompatManager: 	at kgn.onStartInput(PG:250)
01-13 05:52:07.986  1418  1418 I EmojiCompatManager: 	at android.inputmethodservice.InputMethodService.doStartInput(InputMethodService.java:3521)
01-13 05:52:07.986  1418  1418 I EmojiCompatManager: 	at android.inputmethodservice.InputMethodService$InputMethodImpl.startInput(InputMethodService.java:879)
01-13 05:52:07.986  1418  1418 I EmojiCompatManager: 	at android.inputmethodservice.InputMethodService$InputMethodImpl.dispatchStartInput(InputMethodService.java:908)
01-13 05:52:07.986  1418  1418 I EmojiCompatManager: 	at android.inputmethodservice.IInputMethodWrapper.executeMessage(IInputMethodWrapper.java:201)
01-13 05:52:07.986  1418  1418 I EmojiCompatManager: 	at com.android.internal.os.HandlerCaller$MyHandler.handleMessage(HandlerCaller.java:44)
01-13 05:52:07.986  1418  1418 I EmojiCompatManager: 	at android.os.Handler.dispatchMessage(Handler.java:110)
01-13 05:52:07.986  1418  1418 I EmojiCompatManager: 	at android.os.Looper.loopOnce(Looper.java:248)
01-13 05:52:07.986  1418  1418 I EmojiCompatManager: 	at android.os.Looper.loop(Looper.java:338)
01-13 05:52:07.986  1418  1418 I EmojiCompatManager: 	at android.app.ActivityThread.main(ActivityThread.java:9067)
01-13 05:52:07.986  1418  1418 I EmojiCompatManager: 	at java.lang.reflect.Method.invoke(Native Method)
01-13 05:52:07.986  1418  1418 I EmojiCompatManager: 	at com.android.internal.os.RuntimeInit$MethodAndArgsCaller.run(RuntimeInit.java:593)
01-13 05:52:07.986  1418  1418 I EmojiCompatManager: 	at com.android.internal.os.ZygoteInit.main(ZygoteInit.java:932)
01-13 05:52:07.987   553   553 E SurfaceFlinger: Out of order buffers detected for RequestedLayerState{com.google.android.apps.nexuslauncher/com.google.android.apps.nexuslauncher.NexusLauncherActivity#129 parentId=111} producedId=13 frameNumber=206 -> producedId=13 frameNumber=3
01-13 05:52:07.986   695   917 W PackageConfigPersister: App-specific configuration not found for packageName: com.google.android.apps.nexuslauncher and userId: 0
01-13 05:52:08.000  1885 10885 I Finsky  : [177] nav.a(185): SCH: Satisfied jobs for 9155 are: 1-1337, 12-1, 28--559038737
01-13 05:52:08.006   553   553 E SurfaceFlinger: Out of order buffers detected for RequestedLayerState{com.google.android.apps.nexuslauncher/com.google.android.apps.nexuslauncher.NexusLauncherActivity#129 parentId=111} producedId=13 frameNumber=206 -> producedId=13 frameNumber=4
01-13 05:52:08.017  2277 10884 I Finsky:background: [131] nav.a(185): SCH: Satisfied jobs for 10023 are: 47-15
01-13 05:52:08.019   695   764 W IPCThreadState: Sending oneway calls to frozen process.
01-13 05:52:08.020   553   553 E SurfaceFlinger: Out of order buffers detected for RequestedLayerState{com.google.android.apps.nexuslauncher/com.google.android.apps.nexuslauncher.NexusLauncherActivity#129 parentId=111} producedId=13 frameNumber=206 -> producedId=13 frameNumber=5
01-13 05:52:08.051   695   764 W IPCThreadState: Sending oneway calls to frozen process.
01-13 05:52:08.055   553   553 E SurfaceFlinger: Out of order buffers detected for RequestedLayerState{com.google.android.apps.nexuslauncher/com.google.android.apps.nexuslauncher.NexusLauncherActivity#129 parentId=111} producedId=13 frameNumber=206 -> producedId=13 frameNumber=6
01-13 05:52:08.070   553   553 E SurfaceFlinger: Out of order buffers detected for RequestedLayerState{com.google.android.apps.nexuslauncher/com.google.android.apps.nexuslauncher.NexusLauncherActivity#129 parentId=111} producedId=13 frameNumber=206 -> producedId=13 frameNumber=7
01-13 05:52:08.081   695   764 W IPCThreadState: Sending oneway calls to frozen process.
01-13 05:52:08.088   553   553 E SurfaceFlinger: Out of order buffers detected for RequestedLayerState{com.google.android.apps.nexuslauncher/com.google.android.apps.nexuslauncher.NexusLauncherActivity#129 parentId=111} producedId=13 frameNumber=206 -> producedId=13 frameNumber=8
01-13 05:52:08.100   695   764 W IPCThreadState: Sending oneway calls to frozen process.
01-13 05:52:08.109  1885 10883 I Finsky  : [176] aheo.accept(94): SCH: Job 1-1337 starting
01-13 05:52:08.113  1885 10883 I Finsky  : [176] ahfq.a(54): SCH: Skip running other jobs while hygiene is running
01-13 05:52:08.125   695   764 W IPCThreadState: Sending oneway calls to frozen process.
01-13 05:52:08.136   695   764 W IPCThreadState: Sending oneway calls to frozen process.
01-13 05:52:08.139  1885  1885 I Finsky  : [2] RoutineHygieneCoreJob.i(56): DailyHygiene Holdoff skipped
01-13 05:52:08.146   695   764 W IPCThreadState: Sending oneway calls to frozen process.
01-13 05:52:08.163   936   954 W System  : A resource failed to call release. 
01-13 05:52:08.163   936   954 W System  : A resource failed to call release. 
01-13 05:52:08.163   936   954 W System  : A resource failed to call release. 
01-13 05:52:08.163   936   954 W System  : A resource failed to call release. 
01-13 05:52:08.163   936   954 W System  : A resource failed to call release. 
01-13 05:52:08.163   936   954 W System  : A resource failed to call release. 
01-13 05:52:08.163   936   954 W System  : A resource failed to call release. 
01-13 05:52:08.163   936   954 W System  : A resource failed to call release. 
01-13 05:52:08.163   936   954 W System  : A resource failed to call release. 
01-13 05:52:08.163   936   954 W System  : A resource failed to call release. 
01-13 05:52:08.163   936   954 W System  : A resource failed to call release. 
01-13 05:52:08.170  1885  1885 I Finsky  : [2] uyi.a(430): HC: Starting Hygiene for reason 13
01-13 05:52:08.171  2277 10880 I Finsky:background: [130] aheo.accept(94): SCH: Job 47-15 starting
01-13 05:52:08.171   695   764 W IPCThreadState: Sending oneway calls to frozen process.
01-13 05:52:08.179   695   764 W IPCThreadState: Sending oneway calls to frozen process.
01-13 05:52:08.193  1885  1885 W Finsky  : [2] mbw.d(17): For unauth, use getDfeApiNonAuthenticated() instead!
01-13 05:52:08.195  1885  1885 I Finsky  : [2] uyp.f(125): HC: Probe unauthenticated for hygiene pass
01-13 05:52:08.197   239   239 I lowmemorykiller: Kill 'com.android.traceur' (2489), uid 10131, oom_score_adj 995 to free 46028kB rss, 37116kB swap; reason: device is not responding
01-13 05:52:08.204   695   764 W IPCThreadState: Sending oneway calls to frozen process.
01-13 05:52:08.215   239   244 E lowmemorykiller: process_mrelease 2489 failed: No such process
01-13 05:52:08.224   695   764 W IPCThreadState: Sending oneway calls to frozen process.
01-13 05:52:08.271   695   764 W IPCThreadState: Sending oneway calls to frozen process.
01-13 05:52:08.296   695   764 W IPCThreadState: Sending oneway calls to frozen process.
01-13 05:52:08.301  1885  2138 I Finsky  : [57] urb.accept(229): Syncing device attributes was successful when fetching experiments.
01-13 05:52:08.310  1885 10888 I Finsky  : [179] uyk.run(90): Phixit: Maybe start downgrading Phenotype database schema...
01-13 05:52:08.317   695   917 I ActivityManager: Process com.android.traceur (pid 2489) has died: cch+95 CEM 
01-13 05:52:08.319  1885 10888 I Finsky  : [179] uyk.run(189): Phixit: Time (us): 7590
01-13 05:52:08.333   695   731 I libprocessgroup: Removed cgroup /sys/fs/cgroup/apps/uid_10131/pid_2489
01-13 05:52:08.334   480   480 I Zygote  : Process 2489 exited due to signal 9 (Killed)
01-13 05:52:08.352  1885 10891 I HeterodyneSyncer: Removed 0 invalid users
01-13 05:52:08.376   695   764 W IPCThreadState: Sending oneway calls to frozen process.
01-13 05:52:08.405   695   764 W IPCThreadState: Sending oneway calls to frozen process.
01-13 05:52:08.436   695   890 D BackgroundInstallControlService: Package event received: 0
01-13 05:52:08.457  1045  1260 D SatelliteController: iisInCarrierRoamingNbIotNtn: satellite is disabled
01-13 05:52:08.468   695  1159 D ActivityManager: sync unfroze 1434 com.google.android.gms for 6
01-13 05:52:08.548  2277  2433 W SQLiteLog: (28) double-quoted string literal: "play-pass"
01-13 05:52:08.563  2277  2433 E Finsky:background: [48] aiea.w(47): [Counters] attempted to use a non-positive increment for: 5112
01-13 05:52:08.563  2277  2433 E Finsky:background: [48] aiea.w(47): [Counters] attempted to use a non-positive increment for: 5114
01-13 05:52:08.563  2277  2433 E Finsky:background: [48] aiea.w(47): [Counters] attempted to use a non-positive increment for: 5115
01-13 05:52:08.563  2277  2433 E Finsky:background: [48] aiea.w(47): [Counters] attempted to use a non-positive increment for: 5116
01-13 05:52:08.563  2277  2433 E Finsky:background: [48] aiea.w(47): [Counters] attempted to use a non-positive increment for: 5119
01-13 05:52:08.635  1885 10891 I Finsky  : [180] awaz.g(9): Sending Heterodyne sync request for package com.android.vending
01-13 05:52:08.692  1885 10891 I RequestAddCookies: Cookie store not available in HTTP context
01-13 05:52:08.775  1885 10891 I axre    : I/O exception (java.net.SocketException) caught when processing request: Broken pipe
01-13 05:52:08.775  1885 10891 I axre    : Retrying request
01-13 05:52:09.270  2277  2445 I Finsky:background: [53] rtl.accept(58): SCH: Scheduling phonesky job Id: 47-30, CT: 1768283528675, Constraints: [{ L: 0, D: 172800000, C: CHARGING_NONE, I: IDLE_NONE, N: NET_ANY, B: BATTERY_ANY }, { L: 0, D: 0, C: CHARGING_NONE, I: IDLE_NONE, N: NET_NONE, B: BATTERY_ANY }]
01-13 05:52:09.291   239   239 I lowmemorykiller: Kill 'com.android.dynsystem:dynsystem' (2786), uid 1000, oom_score_adj 985 to free 44684kB rss, 37036kB swap; reason: device is not responding
01-13 05:52:09.305  2277  2440 I Finsky:background: [50] naw.apply(251): SCH: Scheduling 2 system job(s)
01-13 05:52:09.305  2277  2440 I Finsky:background: [50] aher.b(244): SCH: Scheduling system job Id: 10024, L: 0, D: 172799370, C: false, I: false, N: 1
01-13 05:52:09.319  2277  2440 I Finsky:background: [50] naw.apply(412): SCH: Scheduling expedited system job 10025
01-13 05:52:09.323   239   245 E lowmemorykiller: process_mrelease 2786 failed: No such process
01-13 05:52:09.340  2277  2277 I Finsky:background: [2] ahgm.onStartJob(126): SCH: job service start with id 10025.
01-13 05:52:09.373   695  1955 I ActivityManager: Process com.android.dynsystem:dynsystem (pid 2786) has died: cch+85 CEM 
01-13 05:52:09.375  1885 10891 I ResponseProcessCookies: Cookie store not available in HTTP context
01-13 05:52:09.389   480   480 I Zygote  : Process 2786 exited due to signal 9 (Killed)
01-13 05:52:09.396   695   731 I libprocessgroup: Removed cgroup /sys/fs/cgroup/system/uid_1000/pid_2786
01-13 05:52:09.404  2277 10884 I Finsky:background: [131] nav.a(185): SCH: Satisfied jobs for 10025 are: 47-30
01-13 05:52:09.523  2277  2407 I Finsky:background: [44] ahev.q(56): SCH: jobFinished: 47-15. TimeElapsed: 1346ms.
01-13 05:52:09.659  2277  2277 I Finsky:background: [2] aheo.accept(94): SCH: Job 47-30 starting
01-13 05:52:09.668  2277  2277 I Finsky:background: [2] nhp.kh(294): [AUC]: Finished flush job
01-13 05:52:09.668  2277  2277 I Finsky:background: [2] ahev.q(56): SCH: jobFinished: 47-30. TimeElapsed: 3ms.
01-13 05:52:09.765  2277  2440 I Finsky:background: [50] ahen.a(15): SCH: no pending jobs to schedule.
01-13 05:52:09.766  2277 10880 I Finsky:background: [130] ahgm.a(24): SCH: job service finished with id 10023.
01-13 05:52:09.816  1885  1897 W System  : A resource failed to call close. 
01-13 05:52:09.948  1885 10891 I Finsky  : [180] achj.y(11): Received Heterodyne sync response. StatusCode=200
01-13 05:52:09.959  2277  2440 I Finsky:background: [50] rtl.accept(58): SCH: Scheduling phonesky job Id: 47-15, CT: 1768283529648, Constraints: [{ L: 3600000, D: 18736095, C: CHARGING_NONE, I: IDLE_REQUIRED, N: NET_NONE, B: BATTERY_ANY }]
01-13 05:52:10.029  2277  2445 I Finsky:background: [53] naw.apply(251): SCH: Scheduling 1 system job(s)
01-13 05:52:10.030  2277  2445 I Finsky:background: [53] aher.b(244): SCH: Scheduling system job Id: 10026, L: 3599619, D: 18735714, C: false, I: true, N: 0
01-13 05:52:10.061   695   695 W binder:695_1A: type=1400 audit(0.0:110): avc:  denied  { getopt } for  scontext=u:r:system_server:s0 tcontext=u:r:shell:s0 tclass=unix_stream_socket permissive=0
01-13 05:52:10.137   695  2155 E SystemServiceRegistry: No service published for: persistent_data_block
01-13 05:52:10.137   695  2155 E SystemServiceRegistry: android.os.ServiceManager$ServiceNotFoundException: No service published for: persistent_data_block
01-13 05:52:10.137   695  2155 E SystemServiceRegistry: 	at android.os.ServiceManager.getServiceOrThrow(ServiceManager.java:203)
01-13 05:52:10.137   695  2155 E SystemServiceRegistry: 	at android.app.SystemServiceRegistry$82.createService(SystemServiceRegistry.java:1110)
01-13 05:52:10.137   695  2155 E SystemServiceRegistry: 	at android.app.SystemServiceRegistry$82.createService(SystemServiceRegistry.java:1107)
01-13 05:52:10.137   695  2155 E SystemServiceRegistry: 	at android.app.SystemServiceRegistry$StaticServiceFetcher.getService(SystemServiceRegistry.java:2405)
01-13 05:52:10.137   695  2155 E SystemServiceRegistry: 	at android.app.SystemServiceRegistry.getSystemService(SystemServiceRegistry.java:1918)
01-13 05:52:10.137   695  2155 E SystemServiceRegistry: 	at android.app.ContextImpl.getSystemService(ContextImpl.java:2315)
01-13 05:52:10.137   695  2155 E SystemServiceRegistry: 	at android.content.Context.getSystemService(Context.java:4630)
01-13 05:52:10.137   695  2155 E SystemServiceRegistry: 	at com.android.server.pm.PackageInstallerSession.markAsSealed(PackageInstallerSession.java:2449)
01-13 05:52:10.137   695  2155 E SystemServiceRegistry: 	at com.android.server.pm.PackageInstallerSession.commit(PackageInstallerSession.java:2198)
01-13 05:52:10.137   695  2155 E SystemServiceRegistry: 	at android.content.pm.PackageInstaller$Session.commit(PackageInstaller.java:1988)
01-13 05:52:10.137   695  2155 E SystemServiceRegistry: 	at com.android.server.pm.PackageManagerShellCommand.doCommitSession(PackageManagerShellCommand.java:4316)
01-13 05:52:10.137   695  2155 E SystemServiceRegistry: 	at com.android.server.pm.PackageManagerShellCommand.doRunInstall(PackageManagerShellCommand.java:1641)
01-13 05:52:10.137   695  2155 E SystemServiceRegistry: 	at com.android.server.pm.PackageManagerShellCommand.runInstall(PackageManagerShellCommand.java:1562)
01-13 05:52:10.137   695  2155 E SystemServiceRegistry: 	at com.android.server.pm.PackageManagerShellCommand.onCommand(PackageManagerShellCommand.java:246)
01-13 05:52:10.137   695  2155 E SystemServiceRegistry: 	at com.android.modules.utils.BasicShellCommandHandler.exec(BasicShellCommandHandler.java:97)
01-13 05:52:10.137   695  2155 E SystemServiceRegistry: 	at android.os.ShellCommand.exec(ShellCommand.java:38)
01-13 05:52:10.137   695  2155 E SystemServiceRegistry: 	at com.android.server.pm.PackageManagerService$IPackageManagerImpl.onShellCommand(PackageManagerService.java:6684)
01-13 05:52:10.137   695  2155 E SystemServiceRegistry: 	at android.os.Binder.shellCommand(Binder.java:1151)
01-13 05:52:10.137   695  2155 E SystemServiceRegistry: 	at android.os.Binder.onTransact(Binder.java:953)
01-13 05:52:10.137   695  2155 E SystemServiceRegistry: 	at android.content.pm.IPackageManager$Stub.onTransact(IPackageManager.java:4729)
01-13 05:52:10.137   695  2155 E SystemServiceRegistry: 	at com.android.server.pm.PackageManagerService$IPackageManagerImpl.onTransact(PackageManagerService.java:6668)
01-13 05:52:10.137   695  2155 E SystemServiceRegistry: 	at android.os.Binder.execTransactInternal(Binder.java:1426)
01-13 05:52:10.137   695  2155 E SystemServiceRegistry: 	at android.os.Binder.execTransact(Binder.java:1365)
01-13 05:52:10.137  2277  2433 I Finsky:background: [48] ahen.a(15): SCH: no pending jobs to schedule.
01-13 05:52:10.140  2277 10880 I Finsky:background: [130] ahgm.a(24): SCH: job service finished with id 10025.
01-13 05:52:10.143   695  2155 E SystemServiceRegistry: Manager wrapper not available: persistent_data_block
01-13 05:52:10.188  2277  2277 I Finsky:background: [2] zhz.onTrimMemory(11): Memory trim requested to level 40
01-13 05:52:10.236 10901 10901 W dumpsys : Thread Pool max thread count is 0. Cannot cache binder as linkToDeath cannot be implemented. serviceName: package
01-13 05:52:10.348  5172  5173 I artd    : GetBestInfo: odex next to the dex file (/product/priv-app/PrebuiltGmsCore/oat/x86_64/PrebuiltGmsCore.odex) is kOatUpToDate with filter 'verify' executable 'false'
01-13 05:52:10.349  5172  5173 I artd    : GetBestInfo: /data/user_de/0/com.google.android.gms/app_chimera/m/00000001/CronetDynamite.apk has no usable artifacts
01-13 05:52:10.357  5172  5173 I artd    : GetBestInfo: vdex next to the dex file (/data/user/0/com.google.android.gms/app_dg_cache/8D3338F12DEF4B3BEE6B6A88392A16C26326C269/oat/x86_64/the.vdex) is kOatUpToDate with filter 'verify' executable 'false'
01-13 05:52:10.370  5172  5173 I artd    : GetBestInfo: vdex next to the dex file (/data/user/0/com.google.android.gms/app_dg_cache/D7ECB6ECAAAB0DCD8DECD74AE43F16D2EC2B3A20/oat/x86_64/the.vdex) is kOatUpToDate with filter 'verify' executable 'false'
01-13 05:52:10.376  5172  5173 I artd    : GetBestInfo: /data/user_de/0/com.google.android.gms/app_chimera/m/00000002/DynamiteLoader.apk has no usable artifacts
01-13 05:52:10.381  5172  5173 I artd    : GetBestInfo: /data/user_de/0/com.google.android.gms/app_chimera/m/00000005/GoogleCertificates.apk has no usable artifacts
01-13 05:52:10.388  5172  5173 I artd    : GetBestInfo: vdex next to the dex file (/data/user/0/com.google.android.gms/app_dg_cache/75B002AD7F3A98695252C9DAC843D1E8AFB5FDFC/oat/x86_64/the.vdex) is kOatUpToDate with filter 'verify' executable 'false'
01-13 05:52:10.392  5172  5548 I artd    : GetBestInfo: /data/user_de/0/com.google.android.gms/app_chimera/m/0000000a/dl-TfliteDynamiteDynamite.integ_243930801100800.apk has no usable artifacts
01-13 05:52:10.395  5172  5548 I artd    : GetBestInfo: /data/user_de/0/com.google.android.gms/app_chimera/m/00000007/MeasurementDynamite.apk has no usable artifacts
01-13 05:52:10.397  5172  5173 I artd    : GetBestInfo: /data/user_de/0/com.google.android.gms/app_chimera/m/00000009/dl-MlkitBarcodeUi.optional_250834100800.apk has no usable artifacts
01-13 05:52:10.477   695  1600 E TaskPersister: File error accessing recents directory (directory doesn't exist?).
01-13 05:52:10.509   695   711 I system_server: Background concurrent mark compact GC freed 24MB AllocSpace bytes, 15(336KB) LOS objects, 44% free, 29MB/53MB, paused 1.245ms,2.594ms total 226.008ms
01-13 05:52:10.524   695   713 W System  : A resource failed to call close. 
01-13 05:52:10.530   695   722 D FileSystemUtils: Total number of LOAD segments 2
01-13 05:52:10.530   695   722 D FileSystemUtils: Size before punching holes st_blocks: 221640, st_blksize: 4096, st_size: 113471869
01-13 05:52:10.530   695   722 D FileSystemUtils: Size after punching holes st_blocks: 221640, st_blksize: 4096, st_size: 113471869
01-13 05:52:10.530   695   722 D FileSystemUtils: Extra field length: 11165,  Size before punching holes st_blocks: 221640, st_blksize: 4096, st_size: 113471869
01-13 05:52:10.530   695   722 D FileSystemUtils: Extra field length: 11165 content near offset: 0000000000000000000000000000000000000000000000000000000000000000000000000000000000000000000000000000000000000000000000000000000000000000000000000000000000000000000000000000000000000000000000000000000000000000000000000000000000000000000000000000000000000000000000000000000000000000000000000000000000000000000000000000000000000000000000000000000000000000000000000000000000000000000000000000000000000000000000000000000000000000000000000000000000000000000000000000000000000000000000000000000000000000000000000000000000000000000000000000000000000000000000000000000000000000000000000000000000000000000000000000000000000000000000000000000000000000000000000000000000000000000000000000000000000000000000000000000000000000000000000000000000000000000000000000000000000000000000000000000000000000000000000000000000000000000000000000000000000000000000000000000000000000000000000000000000000000000000000000000000000000000000000000000000000000000000000000000000000000000000000000000000000000
01-13 05:52:10.530   695   722 D FileSystemUtils: Punching hole in file - start: 10313728 len:8192
01-13 05:52:10.531   695   722 D FileSystemUtils: punchHolesInApk:: Size after punching holes st_blocks: 221624, st_blksize: 4096, st_size: 113471869
01-13 05:52:10.531   695   722 D FileSystemUtils: Total number of LOAD segments 4
01-13 05:52:10.531   695   722 D FileSystemUtils: Size before punching holes st_blocks: 221624, st_blksize: 4096, st_size: 113471869
01-13 05:52:10.531   695   722 D FileSystemUtils: Size after punching holes st_blocks: 221624, st_blksize: 4096, st_size: 113471869
01-13 05:52:10.531   695   722 D FileSystemUtils: Extra field length: 1163,  Size before punching holes st_blocks: 221624, st_blksize: 4096, st_size: 113471869
01-13 05:52:10.531   695   722 D FileSystemUtils: Skipping punching apk as extra field length is less than block size
01-13 05:52:10.531   695   722 W NativeLibraryHelper: Failed to punch apk : /data/app/vmdl676294354.tmp/base.apk at extra field
01-13 05:52:10.547   695   764 D InstallDependencyHelper: No missing dependency for com.example.strategy_workbench
01-13 05:52:10.561   695   754 V Configuration: Updating configuration, locales updated from [] to [en_US]
01-13 05:52:10.561   695   754 I system_server: AssetManager2(0x7b33117e7b98) locale list changing from [] to [en-US]
01-13 05:52:10.574   695   754 I PackageManager: Update package com.example.strategy_workbench code path from /data/app/~~5kSch2adIIhY4C3WKPSYjw==/com.example.strategy_workbench-56FJ76ufOwjvWmP6wqO-uQ== to /data/app/vmdl676294354.tmp; Retain data and using new
01-13 05:52:10.741   695   754 I AppsFilter: interaction: PackageSetting{7ec870d com.android.microdroid.empty_payload/10211} -> PackageSetting{f2a3ae1 com.example.strategy_workbench/10217} BLOCKED
01-13 05:52:10.741   695   754 I AppsFilter: interaction: PackageSetting{7ec870d com.android.microdroid.empty_payload/10211} -> PackageSetting{6391e30 com.example.strategy_workbench/10217} BLOCKED
01-13 05:52:10.817   695   729 I ActivityManager: Force stopping com.example.strategy_workbench appid=10217 user=-1: installPackageLI
01-13 05:52:10.824   695   754 I PackageManager: installation completed for package:com.example.strategy_workbench. Final code path: /data/app/~~9trYD82dpvuh1udZa8uRWg==/com.example.strategy_workbench-nj1OQPY4secK6s4p0eJixg==
01-13 05:52:10.825   695   754 I AppsFilter: interaction: PackageSetting{bd061c6 com.android.microdroid.empty_payload/10211} -> PackageSetting{259c966 com.example.strategy_workbench/10217} BLOCKED
01-13 05:52:10.859   695   754 I ActivityManager: Force stopping com.example.strategy_workbench appid=10217 user=0: pkg removed
01-13 05:52:10.864   695   754 W IPCThreadState: Sending oneway calls to frozen process.
01-13 05:52:10.864   695   754 W IPCThreadState: Sending oneway calls to frozen process.
01-13 05:52:10.864   695   754 W IPCThreadState: Sending oneway calls to frozen process.
01-13 05:52:10.864   695   754 W IPCThreadState: Sending oneway calls to frozen process.
01-13 05:52:10.865   695   754 W IPCThreadState: Sending oneway calls to frozen process.
01-13 05:52:10.868   695   754 W IPCThreadState: Sending oneway calls to frozen process.
01-13 05:52:10.868   695   754 W IPCThreadState: Sending oneway calls to frozen process.
01-13 05:52:10.868   695   754 W IPCThreadState: Sending oneway calls to frozen process.
01-13 05:52:10.868   695   754 W IPCThreadState: Sending oneway calls to frozen process.
01-13 05:52:10.868   695   754 W IPCThreadState: Sending oneway calls to frozen process.
01-13 05:52:10.868   695   754 W IPCThreadState: Sending oneway calls to frozen process.
01-13 05:52:10.869   695   754 W IPCThreadState: Sending oneway calls to frozen process.
01-13 05:52:10.872   695   754 W IPCThreadState: Sending oneway calls to frozen process.
01-13 05:52:10.872   695   754 W IPCThreadState: Sending oneway calls to frozen process.
01-13 05:52:10.872   695   754 W IPCThreadState: Sending oneway calls to frozen process.
01-13 05:52:10.872   695   754 W IPCThreadState: Sending oneway calls to frozen process.
01-13 05:52:10.872   695   754 W IPCThreadState: Sending oneway calls to frozen process.
01-13 05:52:10.872   695   754 W IPCThreadState: Sending oneway calls to frozen process.
01-13 05:52:10.872   695   754 W IPCThreadState: Sending oneway calls to frozen process.
01-13 05:52:10.872   695   754 W IPCThreadState: Sending oneway calls to frozen process.
01-13 05:52:10.872   695   754 W IPCThreadState: Sending oneway calls to frozen process.
01-13 05:52:10.872   695   754 W IPCThreadState: Sending oneway calls to frozen process.
01-13 05:52:10.872   695   754 W IPCThreadState: Sending oneway calls to frozen process.
01-13 05:52:10.872   695   754 W IPCThreadState: Sending oneway calls to frozen process.
01-13 05:52:10.874   695   754 W IPCThreadState: Sending oneway calls to frozen process.
01-13 05:52:10.875   695   754 W IPCThreadState: Sending oneway calls to frozen process.
01-13 05:52:10.877   695   754 W IPCThreadState: Sending oneway calls to frozen process.
01-13 05:52:10.877   695   754 W IPCThreadState: Sending oneway calls to frozen process.
01-13 05:52:10.877   695   754 W IPCThreadState: Sending oneway calls to frozen process.
01-13 05:52:10.877   695   754 W IPCThreadState: Sending oneway calls to frozen process.
01-13 05:52:10.877   695   754 W IPCThreadState: Sending oneway calls to frozen process.
01-13 05:52:10.877   695   754 W IPCThreadState: Sending oneway calls to frozen process.
01-13 05:52:10.877   695   754 W IPCThreadState: Sending oneway calls to frozen process.
01-13 05:52:10.877   695   754 W IPCThreadState: Sending oneway calls to frozen process.
01-13 05:52:10.879  1885 10888 I Finsky  : [179] uyk.run(310): Phixit: Maybe start upgrading Phenotype database schema...
01-13 05:52:10.897   695   889 D ShortcutService: received package broadcast intent: Intent { act=android.intent.action.PACKAGE_REMOVED dat=package: flg=0x4000010 (has extras) }
01-13 05:52:10.901   695   850 E AppOps  : attributionTag VCN not declared in manifest of android
01-13 05:52:10.904  1885 10888 I PhenotypeDbUpgradeHelpe: Upgrading CE database from version 32 to 1035
01-13 05:52:10.905   695   811 I system_server: AssetManager2(0x7b33117f7278) locale list changing from [] to [en-US]
01-13 05:52:10.907   695   723 I system_server: AssetManager2(0x7b33117e8b38) locale list changing from [] to [en-US]
01-13 05:52:10.911   936   936 D ControlsListingControllerImpl: ServiceConfig reloaded, count: 0
01-13 05:52:10.912   695   811 I system_server: AssetManager2(0x7b33118075d8) locale list changing from [] to [en-US]
01-13 05:52:10.928   695   695 D ActivityManager: sync unfroze 5869 com.android.keychain for 10
01-13 05:52:10.944   695   695 D ActivityManager: sync unfroze 3139 com.android.settings for 10
01-13 05:52:10.953   695   695 D ActivityManager: sync unfroze 2759 com.android.dynsystem for 10
01-13 05:52:10.956  1045  1045 E SmsApplication: com.google.android.apps.messaging lost android:read_cell_broadcasts:  (fixing)
01-13 05:52:10.965   695  2153 W AppOpService: Ignored setUidMode call for runtime permission app op: uid = 10144, code = READ_CELL_BROADCASTS, mode = allow, callingUid = 1001, oldMode = allow
01-13 05:52:10.972   695   890 D BackgroundInstallControlService: Package event received: 0
01-13 05:52:10.980   695   695 I Telecom : CarModeTracker: Package com.example.strategy_workbench is not tracked.: SSH.oR@ANo
01-13 05:52:10.981   695   695 I Telecom : InCallController: updateCarModeForConnections: car mode apps: : SSH.oR@ANo
01-13 05:52:10.981   695   695 I Telecom : InCallController: update carmode current:UserHandle{0} parent:null: SSH.oR@ANo
01-13 05:52:10.985   695  1955 W AppOpService: Ignored setUidMode call for runtime permission app op: uid = 1001, code = READ_SMS, mode = allow, callingUid = 1001, oldMode = allow
