01-13 05:52:12.840   936  1078 V WindowManagerShell:  Checking filter Pair{{types=[] flags=0x0] notFlags=0x100 checks=[{atype=home independent=true modes=[OPEN,TO_FRONT] flags=NONE mustBeTask=false order=TOP topActivity=ComponentInfo{com.google.android.apps.nexuslauncher/com.google.android.apps.nexuslauncher.NexusLauncherActivity} launchCookie=null windowingMode=undefined},{atype=standard independent=true modes=[CLOSE,TO_BACK] flags=NONE mustBeTask=false order=ANY topActivity=null launchCookie=null windowingMode=undefined},{NOT atype=undefined independent=true modes=[] flags=NONE mustBeTask=true order=ANY topActivity=null launchCookie=null customAnim=true windowingMode=undefined}]} RemoteTransition { remoteTransition = android.window.IRemoteTransition$Stub$Proxy@5302a32, appThread = android.app.IApplicationThread$Stub$Proxy@7096383, debugName = QuickstepLaunchHome }}
01-13 05:52:12.840   936  1078 V WindowManagerShell:  Delegate animation for (#31) to null
01-13 05:52:12.840   936  1078 V WindowManagerShell: start default transition animation, info = {id=31 t=OPEN f=0x0 trk=0 r=[0@Point(0, 0)] c=[{m=OPEN f=NONE leash=Surface(name=Task=14)/@0x7c23234 sb=Rect(0, 0 - 1080, 2400) eb=Rect(0, 0 - 1080, 2400) epz=Point(1080, 2400) d=0 taskParent=-1},{m=TO_BACK f=SHOW_WALLPAPER leash=Surface(name=Task=1)/@0x133685d sb=Rect(0, 0 - 1080, 2400) eb=Rect(0, 0 - 1080, 2400) epz=Point(1080, 2400) d=0 taskParent=-1},{m=TO_BACK f=IS_WALLPAPER leash=Surface(name=WallpaperWindowToken{2c90339 showWhenLocked=false})/@0x19df5d2 sb=Rect(0, 0 - 1080, 2400) eb=Rect(0, 0 - 1080, 2400) epz=Point(1080, 2400) d=0}]}
01-13 05:52:12.850   936  1078 V WindowManagerShell: loadAnimation: anim=android.view.animation.AnimationSet@3c32d59 animAttr=0x13 type=OPEN isEntrance=false
01-13 05:52:12.852  1611 10943 D MddListenableWorkerFactory: createWorker for class: com.google.apps.tiktok.contrib.work.TikTokListenableWorker
01-13 05:52:12.864   695   716 W ActivityTaskManager: takeTaskSnapshot: taskId=13 not found or not visible
01-13 05:52:12.873   936  1078 V WindowManagerShell: loadAnimation: anim=android.view.animation.AnimationSet@7f04615 animAttr=0x12 type=OPEN isEntrance=true
01-13 05:52:12.883   695   720 V WindowManager: Sent Transition (#31) createdAt=01-13 05:52:11.979 via request=TransitionRequestInfo { type = OPEN, triggerTask = TaskInfo{userId=0 taskId=14 effectiveUid=10217 displayId=0 isRunning=true baseIntent=Intent { act=android.intent.action.MAIN cat=[android.intent.category.LAUNCHER] flg=0x30000000 cmp=com.example.strategy_workbench/.MainActivity } baseActivity=ComponentInfo{com.example.strategy_workbench/com.example.strategy_workbench.MainActivity} topActivity=ComponentInfo{com.example.strategy_workbench/com.example.strategy_workbench.MainActivity} origActivity=null realActivity=ComponentInfo{com.example.strategy_workbench/com.example.strategy_workbench.MainActivity} numActivities=1 lastActiveTime=12716975 supportsMultiWindow=true resizeMode=1 isResizeable=true minWidth=-1 minHeight=-1 defaultMinSize=220 token=WCT{RemoteToken{ec4c6e3 Task{9a1fdc6 #14 type=standard I=com.example.strategy_workbench/.MainActivity}}} topActivityType=1 pictureInPictureParams=null shouldDockBigOverlays=false launchIntoPipHostTaskId=-1 lastParentTaskIdBeforePip=-1 displayCutoutSafeInsets=Rect(0, 136 - 0, 0) topActivityInfo=ActivityInfo{2ffde6a com.example.strategy_workbench.MainActivity} launchCookies=[] positionInParent=Point(0, 0) parentTaskId=-1 isFocused=false isVisible=false isVisibleRequested=false isTopActivityNoDisplay=false isSleeping=false locusId=null displayAreaFeatureId=1 isTopActivityTransparent=false isActivityStackTransparent=false lastNonFullscreenBounds=Rect(276, 696 - 805, 1776) capturedLink=null capturedLinkTimestamp=0 requestedVisibleTypes=-9 topActivityRequestOpenInBrowserEducationTimestamp=0 appCompatTaskInfo=AppCompatTaskInfo { topActivityInSizeCompat=false eligibleForLetterboxEducation= false isLetterboxEducationEnabled= true isLetterboxDoubleTapEnabled= false eligibleForUserAspectRatioButton= false topActivityBoundsLetterboxed= false isFromLetterboxDoubleTap= false topActivityLetterboxVerticalPosition= -1 topActivityLetterboxHorizontalPosition= -1 topActivityLetterboxWidth=-1 topActivityLetterboxHeight=-1 topActivityAppBounds=Rect(0, 0 - 1080, 2400) isUserFullscreenOverrideEnabled=false isSystemFullscreenOverrideEnabled=false hasMinAspectRatioOverride=false topActivityLetterboxBounds=null cameraCompatTaskInfo=CameraCompatTaskInfo { freeformCameraCompatMode=inactive}} topActivityMainWindowFrame=null}, pipChange = null, remoteTransition = null, displayChange = null, flags = 0, debugId = 31 }
01-13 05:52:12.883   695   720 V WindowManager:     startWCT=WindowContainerTransaction { changes= {} hops= [] errorCallbackToken=null taskFragmentOrganizer=null }
01-13 05:52:12.883   695   720 V WindowManager:     info={id=31 t=OPEN f=0x0 trk=0 r=[0@Point(0, 0)] c=[
01-13 05:52:12.883   695   720 V WindowManager:         {WCT{RemoteToken{ec4c6e3 Task{9a1fdc6 #14 type=standard I=com.example.strategy_workbench/.MainActivity}}} m=OPEN f=NONE leash=Surface(name=Task=14)/@0x4844e9d sb=Rect(0, 0 - 1080, 2400) eb=Rect(0, 0 - 1080, 2400) epz=Point(1080, 2400) d=0 taskParent=-1},
01-13 05:52:12.883   695   720 V WindowManager:         {WCT{RemoteToken{26d419b Task{cfa94b4 #1 type=home}}} m=TO_BACK f=SHOW_WALLPAPER leash=Surface(name=Task=1)/@0xfa63223 sb=Rect(0, 0 - 1080, 2400) eb=Rect(0, 0 - 1080, 2400) epz=Point(1080, 2400) d=0 taskParent=-1},
01-13 05:52:12.883   695   720 V WindowManager:         {m=TO_BACK f=IS_WALLPAPER leash=Surface(name=WallpaperWindowToken{2c90339 showWhenLocked=false})/@0xa1eab6f sb=Rect(0, 0 - 1080, 2400) eb=Rect(0, 0 - 1080, 2400) epz=Point(1080, 2400) d=0}
01-13 05:52:12.883   695   720 V WindowManager:     ]}
01-13 05:52:12.932   936  1078 V WindowManagerShell:  animated by com.android.wm.shell.transition.DefaultTransitionHandler@ff5662
01-13 05:52:12.969  1611  1611 D WM-WorkerWrapper: Starting work for com.google.apps.tiktok.contrib.work.TikTokListenableWorker
01-13 05:52:12.997  1611  1611 I SyncManagerImpl: #sync(). Running Synclets and scheduling next sync.
01-13 05:52:13.033  1611  1745 I SyncManagerImpl: Running synclets: [MmsGroupUpgradeSynclet, TemplateFetcherSynclet]
01-13 05:52:13.040  7680 10957 I ProximityAuth: [RecentAppsMediator] Package added: (user=UserHandle{0}) com.example.strategy_workbench
01-13 05:52:13.041  1611  1960 I SyncManagerImpl: Starting synclet: MmsGroupUpgradeSynclet
01-13 05:52:13.044  1611  1810 I SyncManagerImpl: Starting synclet: TemplateFetcherSynclet
01-13 05:52:13.125   695   890 D BackgroundInstallControlService: Package event received: 0
01-13 05:52:13.168   695   728 I system_server: AssetManager2(0x7b33117f7598) locale list changing from [] to [en-US]
01-13 05:52:13.188  1434 10938 I Auth    : (REDACTED) [SupervisedAccountIntentOperationV2] onHandleIntent: %s
01-13 05:52:13.190  1611  2036 I SyncManagerImpl: #sync() complete
01-13 05:52:13.196  1434  1434 D BoundBrokerSvc: onBind: Intent { act=com.google.android.gms.common.BIND_SHARED_PREFS xflg=0x4 pkg=com.google.android.gms }
01-13 05:52:13.196  1434  1434 D BoundBrokerSvc: Loading bound service for intent: Intent { act=com.google.android.gms.common.BIND_SHARED_PREFS xflg=0x4 pkg=com.google.android.gms }
01-13 05:52:13.201  1611  1743 I SyncManagerImpl: Completed sync. Scheduling next wakeup
01-13 05:52:13.203  1611  1743 I SyncWorkManagerOneTimeS: Scheduling next onetime WorkManager workers
01-13 05:52:13.203  1611 10790 I WM-WorkerWrapper: Worker result SUCCESS for Work [ id=8d33e740-695f-480a-b795-9f1db9d039cb, tags={ com.google.apps.tiktok.contrib.work.TikTokListenableWorker,com.google.apps.tiktok.sync.impl.workmanager.SyncWorker,TikTokWorker#com.google.apps.tiktok.sync.impl.workmanager.SyncWorker } ]
01-13 05:52:13.210  1611  1611 D WM-Processor: pst 8d33e740-695f-480a-b795-9f1db9d039cb executed; reschedule = false
01-13 05:52:13.212  1611  1611 D WM-GreedyScheduler: Stopping tracking for WorkGenerationalId(workSpecId=8d33e740-695f-480a-b795-9f1db9d039cb, generation=0)
01-13 05:52:13.212  1611  1611 D WM-SystemJobService: 8d33e740-695f-480a-b795-9f1db9d039cb executed on JobScheduler
01-13 05:52:13.219  1611 10790 D WM-GreedyScheduler: Cancelling work ID 8d33e740-695f-480a-b795-9f1db9d039cb
01-13 05:52:13.226  1611  2036 I ForwardSyncCache: reclaimMemory: Clearing caches
01-13 05:52:13.229  1434 10629 I gle.android.gms: AssetManager2(0x7b3311789c78) locale list changing from [] to [en-US]
01-13 05:52:13.231  1611 10790 D WM-GreedyScheduler: Ignoring {WorkSpec: 770a90b3-bb51-486c-a403-ec477611af0e}. Requires device idle.
01-13 05:52:13.231  1611 10790 D WM-GreedyScheduler: Ignoring {WorkSpec: 95aee11e-9a23-421b-b5ef-3978fbd9d544}. Requires device idle.
01-13 05:52:13.231  1611 10790 D WM-GreedyScheduler: Ignoring {WorkSpec: cb171f0a-c27b-4e87-9b12-ed79fbb58bab}. Requires device idle.
01-13 05:52:13.231  1611 10790 D WM-GreedyScheduler: Ignoring {WorkSpec: fac96e6e-0bd4-4561-9865-a3e48e561b0d}. Requires device idle.
01-13 05:52:13.232  1611 10790 D WM-GreedyScheduler: Starting tracking for 5fed7e98-fbe7-4504-9572-20cc214b3905,ea27a36b-59dc-46cb-af90-0ce8893d6460,4ed57186-ec8e-427b-b0ed-3f6b6239e05f
01-13 05:52:13.237  1611  2036 W BugleSpam: trimming memory: closing msg model.
01-13 05:52:13.249   936  1078 V WindowManagerShell: Transition animation finished (aborted=false), notifying core (#31) android.os.BinderProxy@4b7d870@0
01-13 05:52:13.253  1611 10943 D WM-Processor: Processor cancelling fa2d22d0-7c27-4067-be72-c59b39445497
01-13 05:52:13.253  1611 10943 D WM-Processor: WorkerWrapper could not be found for fa2d22d0-7c27-4067-be72-c59b39445497
01-13 05:52:13.255  1611  2036 W Bugle   : TextClassifierLibManagerImpl: Reclaiming memory at level: 40
01-13 05:52:13.262   695   720 V WindowManager: Finish Transition (#31): created at 01-13 05:52:11.979 collect-started=0.034ms request-sent=182.571ms started=272.266ms ready=824.889ms sent=829.81ms commit=89.476ms finished=1282.773ms
01-13 05:52:13.267 10937 10937 D ApplicationLoaders: Returning zygote-cached class loader: /system_ext/framework/androidx.window.extensions.jar
01-13 05:52:13.267 10937 10937 D ApplicationLoaders: Returning zygote-cached class loader: /system_ext/framework/androidx.window.sidecar.jar
01-13 05:52:13.284  1611 10943 D WM-GreedyScheduler: Cancelling work ID fa2d22d0-7c27-4067-be72-c59b39445497
01-13 05:52:13.293  1079  1079 D VRI[NexusLauncherActivity]: visibilityChanged oldVisibility=true newVisibility=false
01-13 05:52:13.294  1079  1079 D NexusLauncherModelDelegate: notifySmartspaceEvent: SmartspaceTargetEvent{mSmartspaceTarget=null, mSmartspaceActionId='null', mEventType=7}
01-13 05:52:13.298   936  1078 V WindowManagerShell: Track 0 became idle
01-13 05:52:13.299   936  1078 V WindowManagerShell: All active transition animations finished
01-13 05:52:13.314  1611 10943 D WM-SystemJobScheduler: Scheduling work ID e4e863b0-8efd-42c4-8144-16e197c025f5Job ID 1081
01-13 05:52:13.339  1611 10943 D WM-GreedyScheduler: Ignoring {WorkSpec: 770a90b3-bb51-486c-a403-ec477611af0e}. Requires device idle.
01-13 05:52:13.339  1611 10943 D WM-GreedyScheduler: Ignoring {WorkSpec: 95aee11e-9a23-421b-b5ef-3978fbd9d544}. Requires device idle.
01-13 05:52:13.339  1611 10943 D WM-GreedyScheduler: Ignoring {WorkSpec: cb171f0a-c27b-4e87-9b12-ed79fbb58bab}. Requires device idle.
01-13 05:52:13.339  1611 10943 D WM-GreedyScheduler: Ignoring {WorkSpec: fac96e6e-0bd4-4561-9865-a3e48e561b0d}. Requires device idle.
01-13 05:52:13.339  1611 10943 D WM-GreedyScheduler: Starting tracking for 5fed7e98-fbe7-4504-9572-20cc214b3905,ea27a36b-59dc-46cb-af90-0ce8893d6460,4ed57186-ec8e-427b-b0ed-3f6b6239e05f
01-13 05:52:13.347  1611 10943 D WM-Processor: Processor cancelling 704a0e81-057d-4fc6-87ec-85090fba4f9e
01-13 05:52:13.347  1611 10943 D WM-Processor: WorkerWrapper could not be found for 704a0e81-057d-4fc6-87ec-85090fba4f9e
01-13 05:52:13.363  1611 10943 D WM-GreedyScheduler: Cancelling work ID 704a0e81-057d-4fc6-87ec-85090fba4f9e
01-13 05:52:13.373  1434 10938 W SQLiteLog: (28) double-quoted string literal: "com.example.strategy_workbench"
01-13 05:52:13.384  1611 10943 D WM-SystemJobScheduler: Scheduling work ID ebace3d2-7fb5-49b9-b33f-3b85fbc51810Job ID 1082
01-13 05:52:13.397  1611 10943 D WM-GreedyScheduler: Ignoring {WorkSpec: 770a90b3-bb51-486c-a403-ec477611af0e}. Requires device idle.
01-13 05:52:13.397  1611 10943 D WM-GreedyScheduler: Ignoring {WorkSpec: 95aee11e-9a23-421b-b5ef-3978fbd9d544}. Requires device idle.
01-13 05:52:13.397  1611 10943 D WM-GreedyScheduler: Ignoring {WorkSpec: cb171f0a-c27b-4e87-9b12-ed79fbb58bab}. Requires device idle.
01-13 05:52:13.397  1611 10943 D WM-GreedyScheduler: Ignoring {WorkSpec: fac96e6e-0bd4-4561-9865-a3e48e561b0d}. Requires device idle.
01-13 05:52:13.397  1611 10943 D WM-GreedyScheduler: Starting tracking for 5fed7e98-fbe7-4504-9572-20cc214b3905,ea27a36b-59dc-46cb-af90-0ce8893d6460,4ed57186-ec8e-427b-b0ed-3f6b6239e05f
01-13 05:52:13.422  1611 10981 D WM-SystemJobScheduler: Scheduling work ID 1d25a226-c27c-4060-9617-9471bd0f199bJob ID 1083
01-13 05:52:13.431  1611 10981 D WM-GreedyScheduler: Ignoring {WorkSpec: 770a90b3-bb51-486c-a403-ec477611af0e}. Requires device idle.
01-13 05:52:13.431  1611 10981 D WM-GreedyScheduler: Ignoring {WorkSpec: 95aee11e-9a23-421b-b5ef-3978fbd9d544}. Requires device idle.
01-13 05:52:13.431  1611 10981 D WM-GreedyScheduler: Ignoring {WorkSpec: cb171f0a-c27b-4e87-9b12-ed79fbb58bab}. Requires device idle.
01-13 05:52:13.431  1611 10981 D WM-GreedyScheduler: Ignoring {WorkSpec: fac96e6e-0bd4-4561-9865-a3e48e561b0d}. Requires device idle.
01-13 05:52:13.432   695   814 I system_server: AssetManager2(0x7b33118667b8) locale list changing from [] to [en-US]
01-13 05:52:13.431  1611 10981 D WM-GreedyScheduler: Starting tracking for 5fed7e98-fbe7-4504-9572-20cc214b3905,ea27a36b-59dc-46cb-af90-0ce8893d6460,4ed57186-ec8e-427b-b0ed-3f6b6239e05f
01-13 05:52:13.431  1611 10981 I SyncWorkManagerOneTimeS: Successfully scheduled next onetime workers
01-13 05:52:13.435  1434  1549 I Icing   : IndexChimeraService.getServiceInterface callingPackage=com.google.android.gms componentName=AppsCorpus serviceId=36
01-13 05:52:13.450  1434  1434 D BoundBrokerSvc: onBind: Intent { act=com.google.android.gms.feedback.internal.IFeedbackService dat=chimera-action:/... xflg=0x4 cmp=com.google.android.gms/.chimera.GmsBoundBrokerService }
01-13 05:52:13.450  1434  1434 D BoundBrokerSvc: Loading bound service for intent: Intent { act=com.google.android.gms.feedback.internal.IFeedbackService dat=chimera-action:/... xflg=0x4 cmp=com.google.android.gms/.chimera.GmsBoundBrokerService }
01-13 05:52:13.462   695   814 V AccessibilityManagerService: onUserStateChangedLocked for userId: 0, forceUpdate: false
01-13 05:52:13.469   695   814 W MagnificationConnectionManager: requestConnection duplicated request: connect=false, mConnectionState=DISCONNECTED
01-13 05:52:13.472   695   728 I system_server: AssetManager2(0x7b331180d078) locale list changing from [] to [en-US]
01-13 05:52:13.479   695   695 W IPCThreadState: Sending oneway calls to frozen process.
01-13 05:52:13.481   695   890 D BackgroundInstallControlService: Package event received: 0
01-13 05:52:13.482   695   695 W IPCThreadState: Sending oneway calls to frozen process.
01-13 05:52:13.485   695   695 W IPCThreadState: Sending oneway calls to frozen process.
01-13 05:52:13.485   695   695 W IPCThreadState: Sending oneway calls to frozen process.
01-13 05:52:13.492   695   814 V AccessibilityManagerService: onUserStateChangedLocked for userId: 0, forceUpdate: false
01-13 05:52:13.500  1434  1549 I Icing   : IndexChimeraService.getServiceInterface callingPackage=com.google.android.gms componentName=null serviceId=30
01-13 05:52:13.499   695   814 W MagnificationConnectionManager: requestConnection duplicated request: connect=false, mConnectionState=DISCONNECTED
01-13 05:52:13.504   695   695 W IPCThreadState: Sending oneway calls to frozen process.
01-13 05:52:13.505   695   695 W IPCThreadState: Sending oneway calls to frozen process.
01-13 05:52:13.509   695   695 W IPCThreadState: Sending oneway calls to frozen process.
01-13 05:52:13.509   695   695 W IPCThreadState: Sending oneway calls to frozen process.
01-13 05:52:13.524  1434  3836 I Icing   : Usage reports ok 0, Failed Usage reports 0, indexed 0, rejected 0
01-13 05:52:13.617  1434  3836 I Icing   : Usage reports ok 0, Failed Usage reports 0, indexed 0, rejected 0
01-13 05:52:13.661  1434  3836 I Icing   : Indexing com.google.android.gms-apps from com.google.android.gms
01-13 05:52:13.670   695   728 I system_server: AssetManager2(0x7b33117faab8) locale list changing from [] to [en-US]
01-13 05:52:13.679  1434  3836 I Icing   : Indexing done com.google.android.gms-apps
01-13 05:52:13.971  1885  1885 I Finsky  : [2] ahxt.e(295): SUH: [self-update] Skipping DFE self-update. Local Version [version=84532130,derivedid=6,splits=[]] > Server Version [version=-1,derivedid=-1,splits=[]]
01-13 05:52:13.977 10937 10937 D nativeloader: Configuring clns-9 for other apk /data/app/~~9trYD82dpvuh1udZa8uRWg==/com.example.strategy_workbench-nj1OQPY4secK6s4p0eJixg==/base.apk. target_sdk_version=35, uses_libraries=, library_path=/data/app/~~9trYD82dpvuh1udZa8uRWg==/com.example.strategy_workbench-nj1OQPY4secK6s4p0eJixg==/lib/x86_64:/data/app/~~9trYD82dpvuh1udZa8uRWg==/com.example.strategy_workbench-nj1OQPY4secK6s4p0eJixg==/base.apk!/lib/x86_64, permitted_path=/data:/mnt/expand:/data/user/0/com.example.strategy_workbench
01-13 05:52:13.998  1389  1543 I .apps.wellbeing: AssetManager2(0x7b331179b8d8) locale list changing from [] to [en-US]
01-13 05:52:14.011 10937 10937 D CompatChangeReporter: Compat change id reported: 202956589; UID 10217; state: ENABLED
01-13 05:52:14.025  2277  2277 I Endpoint: Created gRPC endpoint for service class com.google.frameworks.client.data.android.server.play.BackgroundProcessEndpointService
01-13 05:52:14.028   480   480 D Zygote  : Forked child process 10984
01-13 05:52:14.028   695   730 I ActivityManager: Start proc 10984:com.android.vending:quick_launch/u0a146 for service {com.android.vending/com.google.frameworks.client.data.android.server.play.QuickLaunchProcessEndpointService}
01-13 05:52:14.028   695   730 I ActivityManager: ProcessObserver broadcast disabled
01-13 05:52:14.030 10937 10937 I ategy_workbench: AssetManager2(0x7b3311767fd8) locale list changing from [] to [en-US]
01-13 05:52:14.049  1389  1543 I .apps.wellbeing: AssetManager2(0x7b331179cb98) locale list changing from [] to [en-US]
01-13 05:52:14.066 10984 10984 I ng:quick_launch: Using CollectorTypeCMC GC.
01-13 05:52:14.066 10984 10984 W ng:quick_launch: Unexpected CPU variant for x86: x86_64.
01-13 05:52:14.066 10984 10984 W ng:quick_launch: Known variants: atom, sandybridge, silvermont, goldmont, goldmont-plus, goldmont-without-sha-xsaves, tremont, kabylake, alderlake, default
01-13 05:52:14.076 10984 10984 E ng:quick_launch: Not starting debugger since process cannot load the jdwp agent.
01-13 05:52:14.090 10984 10984 D nativeloader: Load libframework-connectivity-tiramisu-jni.so using APEX ns com_android_tethering for caller /apex/com.android.tethering/javalib/framework-connectivity-t.jar: ok
01-13 05:52:14.091  1389  1543 I .apps.wellbeing: AssetManager2(0x7b3311799358) locale list changing from [] to [en-US]
01-13 05:52:14.109  1389  1543 I .apps.wellbeing: AssetManager2(0x7b3311797d78) locale list changing from [] to [en-US]
01-13 05:52:14.130   695  2158 D CompatChangeReporter: Compat change id reported: 151861875; UID 10146; state: ENABLED
01-13 05:52:14.133 10937 10937 V GraphicsEnvironment: Currently set values for:
01-13 05:52:14.133 10937 10937 V GraphicsEnvironment:   angle_gl_driver_selection_pkgs=[]
01-13 05:52:14.133 10937 10937 V GraphicsEnvironment:   angle_gl_driver_selection_values=[]
01-13 05:52:14.133 10937 10937 V GraphicsEnvironment: com.example.strategy_workbench is not listed in per-application setting
01-13 05:52:14.134 10937 10937 V GraphicsEnvironment: ANGLE allowlist from config: com.dreamgames.royalmatch com.dts.freefiremax com.dxx.firenow com.gramgames.mergedragons com.ludo.king com.mojang.minecraftpe com.my.defense com.nintendo.zaka com.os.airforce com.playrix.fishdomdd.gplay io.teslatech.callbreak jp.konami.prospia net.peakgames.toonblast
01-13 05:52:14.134 10937 10937 V GraphicsEnvironment: com.example.strategy_workbench is not listed in ANGLE allowlist or settings, returning default
01-13 05:52:14.134 10937 10937 V GraphicsEnvironment: Neither updatable production driver nor prerelease driver is supported.
01-13 05:52:14.163  1389  1543 I .apps.wellbeing: AssetManager2(0x7b33117989f8) locale list changing from [] to [en-US]
01-13 05:52:14.166 10984 10984 D ApplicationLoaders: Returning zygote-cached class loader: /system/framework/org.apache.http.legacy.jar
01-13 05:52:14.166 10984 10984 D ApplicationLoaders: Returning zygote-cached class loader: /system_ext/framework/androidx.window.extensions.jar
01-13 05:52:14.166 10984 10984 D ApplicationLoaders: Returning zygote-cached class loader: /system_ext/framework/androidx.window.sidecar.jar
01-13 05:52:14.166  1389  1543 I .apps.wellbeing: AssetManager2(0x7b3311798098) locale list changing from [] to [en-US]
01-13 05:52:14.171 10937 10937 D AndroidRuntime: Shutting down VM
--------- beginning of crash
01-13 05:52:14.173 10937 10937 E AndroidRuntime: FATAL EXCEPTION: main
01-13 05:52:14.173 10937 10937 E AndroidRuntime: Process: com.example.strategy_workbench, PID: 10937
01-13 05:52:14.173 10937 10937 E AndroidRuntime: java.lang.RuntimeException: Unable to get provider com.google.android.gms.ads.MobileAdsInitProvider: java.lang.IllegalStateException: 
01-13 05:52:14.173 10937 10937 E AndroidRuntime: 
01-13 05:52:14.173 10937 10937 E AndroidRuntime: ******************************************************************************
01-13 05:52:14.173 10937 10937 E AndroidRuntime: * Missing application ID. AdMob publishers should follow the instructions    *
01-13 05:52:14.173 10937 10937 E AndroidRuntime: * here:                                                                      *
01-13 05:52:14.173 10937 10937 E AndroidRuntime: * https://goo.gle/admob-android-update-manifest.                             *
01-13 05:52:14.173 10937 10937 E AndroidRuntime: * to add a valid App ID inside the AndroidManifest.                          *
01-13 05:52:14.173 10937 10937 E AndroidRuntime: * Google Ad Manager publishers should follow instructions here:              *
01-13 05:52:14.173 10937 10937 E AndroidRuntime: * https://goo.gle/ad-manager-android-update-manifest.                        *
01-13 05:52:14.173 10937 10937 E AndroidRuntime: ******************************************************************************
01-13 05:52:14.173 10937 10937 E AndroidRuntime: 
01-13 05:52:14.173 10937 10937 E AndroidRuntime: 
01-13 05:52:14.173 10937 10937 E AndroidRuntime: 	at android.app.ActivityThread.installProvider(ActivityThread.java:8647)
01-13 05:52:14.173 10937 10937 E AndroidRuntime: 	at android.app.ActivityThread.installContentProviders(ActivityThread.java:8157)
01-13 05:52:14.173 10937 10937 E AndroidRuntime: 	at android.app.ActivityThread.handleBindApplication(ActivityThread.java:7814)
01-13 05:52:14.173 10937 10937 E AndroidRuntime: 	at android.app.ActivityThread.-$$Nest$mhandleBindApplication(Unknown Source:0)
01-13 05:52:14.173 10937 10937 E AndroidRuntime: 	at android.app.ActivityThread$H.handleMessage(ActivityThread.java:2546)
01-13 05:52:14.173 10937 10937 E AndroidRuntime: 	at android.os.Handler.dispatchMessage(Handler.java:110)
01-13 05:52:14.173 10937 10937 E AndroidRuntime: 	at android.os.Looper.loopOnce(Looper.java:248)
01-13 05:52:14.173 10937 10937 E AndroidRuntime: 	at android.os.Looper.loop(Looper.java:338)
01-13 05:52:14.173 10937 10937 E AndroidRuntime: 	at android.app.ActivityThread.main(ActivityThread.java:9067)
01-13 05:52:14.173 10937 10937 E AndroidRuntime: 	at java.lang.reflect.Method.invoke(Native Method)
01-13 05:52:14.173 10937 10937 E AndroidRuntime: 	at com.android.internal.os.RuntimeInit$MethodAndArgsCaller.run(RuntimeInit.java:593)
01-13 05:52:14.173 10937 10937 E AndroidRuntime: 	at com.android.internal.os.ZygoteInit.main(ZygoteInit.java:932)
01-13 05:52:14.173 10937 10937 E AndroidRuntime: Caused by: java.lang.IllegalStateException: 
01-13 05:52:14.173 10937 10937 E AndroidRuntime: 
01-13 05:52:14.173 10937 10937 E AndroidRuntime: ******************************************************************************
01-13 05:52:14.173 10937 10937 E AndroidRuntime: * Missing application ID. AdMob publishers should follow the instructions    *
01-13 05:52:14.173 10937 10937 E AndroidRuntime: * here:                                                                      *
01-13 05:52:14.173 10937 10937 E AndroidRuntime: * https://goo.gle/admob-android-update-manifest.                             *
01-13 05:52:14.173 10937 10937 E AndroidRuntime: * to add a valid App ID inside the AndroidManifest.                          *
01-13 05:52:14.173 10937 10937 E AndroidRuntime: * Google Ad Manager publishers should follow instructions here:              *
01-13 05:52:14.173 10937 10937 E AndroidRuntime: * https://goo.gle/ad-manager-android-update-manifest.                        *
01-13 05:52:14.173 10937 10937 E AndroidRuntime: ******************************************************************************
01-13 05:52:14.173 10937 10937 E AndroidRuntime: 
01-13 05:52:14.173 10937 10937 E AndroidRuntime: 
01-13 05:52:14.173 10937 10937 E AndroidRuntime: 	at com.google.android.gms.ads.internal.client.zzev.attachInfo(com.google.android.gms:play-services-ads-api@@24.1.0:26)
01-13 05:52:14.173 10937 10937 E AndroidRuntime: 	at com.google.android.gms.ads.MobileAdsInitProvider.attachInfo(com.google.android.gms:play-services-ads-api@@24.1.0:1)
01-13 05:52:14.173 10937 10937 E AndroidRuntime: 	at android.app.ActivityThread.installProvider(ActivityThread.java:8642)
01-13 05:52:14.173 10937 10937 E AndroidRuntime: 	... 11 more
01-13 05:52:14.199   695 10999 I DropBoxManagerService: add tag=data_app_crash isTagEnabled=true flags=0x2
01-13 05:52:14.211 10937 10937 I Process : Sending signal. PID: 10937 SIG: 9
01-13 05:52:14.226 10984 10984 D nativeloader: InitLlndkLibrariesProduct: libEGL.so:libGLESv1_CM.so:libGLESv2.so:libGLESv3.so:libRS.so:libandroid_net.so:libapexsupport.so:libavf.so:libbinder_ndk.so:libc.so:libcgrouprc.so:libclang_rt.asan-x86_64-android.so:libcom.android.tethering.connectivity_native.so:libdl.so:libft2.so:liblog.so:libm.so:libmediandk.so:libnativewindow.so:libneuralnetworks.so:libselinux.so:libsync.so:libvendorsupport.so:libvndksupport.so:libvulkan.so
01-13 05:52:14.226 10984 10984 D nativeloader: Configuring product-clns-9 for unbundled product apk /product/priv-app/Phonesky/Phonesky.apk. target_sdk_version=35, uses_libraries=, library_path=/product/priv-app/Phonesky/lib/x86_64:/product/priv-app/Phonesky/Phonesky.apk!/lib/x86_64:/product/lib64:/system/product/lib64, permitted_path=/data:/mnt/expand:/data/user/0/com.android.vending:/product/lib64:/system/product/lib64
01-13 05:52:14.228 10984 10984 D nativeloader: InitVndkspLibrariesProduct: VNDK is deprecated with product
01-13 05:52:14.235 10984 10984 D CompatChangeReporter: Compat change id reported: 202956589; UID 10146; state: ENABLED
01-13 05:52:14.241  2277  2440 I Finsky:background: [50] rtl.accept(58): SCH: Scheduling phonesky job Id: 10-115, CT: 1768283534077, Constraints: [{ L: 0, D: 86400000, C: CHARGING_NONE, I: IDLE_NONE, N: NET_NONE, B: BATTERY_ANY }, { L: 0, D: 0, C: CHARGING_NONE, I: IDLE_NONE, N: NET_NONE, B: BATTERY_ANY }]
01-13 05:52:14.241  2277  2440 I Finsky:background: [50] rtl.accept(58): SCH: Scheduling phonesky job Id: 10-105, CT: 1768283534077, Constraints: [{ L: 0, D: 86400000, C: CHARGING_NONE, I: IDLE_NONE, N: NET_ANY, B: BATTERY_ANY }, { L: 0, D: 0, C: CHARGING_NONE, I: IDLE_NONE, N: NET_NONE, B: BATTERY_ANY }]
01-13 05:52:14.242  2277  2440 I Finsky:background: [50] rtl.accept(58): SCH: Scheduling phonesky job Id: 10-83, CT: 1768283534077, Constraints: [{ L: 0, D: 86400000, C: CHARGING_NONE, I: IDLE_NONE, N: NET_ANY, B: BATTERY_ANY }, { L: 0, D: 0, C: CHARGING_NONE, I: IDLE_NONE, N: NET_NONE, B: BATTERY_ANY }]
01-13 05:52:14.242  2277  2440 I Finsky:background: [50] rtl.accept(58): SCH: Scheduling phonesky job Id: 10-53, CT: 1768283534077, Constraints: [{ L: 0, D: 86400000, C: CHARGING_NONE, I: IDLE_NONE, N: NET_ANY, B: BATTERY_ANY }, { L: 0, D: 0, C: CHARGING_NONE, I: IDLE_NONE, N: NET_NONE, B: BATTERY_ANY }]
01-13 05:52:14.243  2277  2440 I Finsky:background: [50] rtl.accept(58): SCH: Scheduling phonesky job Id: 10-46, CT: 1768283534077, Constraints: [{ L: 0, D: 86400000, C: CHARGING_NONE, I: IDLE_NONE, N: NET_ANY, B: BATTERY_ANY }, { L: 0, D: 0, C: CHARGING_NONE, I: IDLE_NONE, N: NET_NONE, B: BATTERY_ANY }]
01-13 05:52:14.243  2277  2440 I Finsky:background: [50] rtl.accept(58): SCH: Scheduling phonesky job Id: 10-96, CT: 1768283534077, Constraints: [{ L: 0, D: 86400000, C: CHARGING_NONE, I: IDLE_NONE, N: NET_ANY, B: BATTERY_ANY }, { L: 0, D: 0, C: CHARGING_NONE, I: IDLE_NONE, N: NET_NONE, B: BATTERY_ANY }]
01-13 05:52:14.243  2277  2440 I Finsky:background: [50] rtl.accept(58): SCH: Scheduling phonesky job Id: 10-140, CT: 1768283534077, Constraints: [{ L: 0, D: 86400000, C: CHARGING_NONE, I: IDLE_NONE, N: NET_ANY, B: BATTERY_ANY }, { L: 0, D: 0, C: CHARGING_NONE, I: IDLE_NONE, N: NET_NONE, B: BATTERY_ANY }]
01-13 05:52:14.259  2277  2444 I Finsky:background: [52] naw.apply(251): SCH: Scheduling 2 system job(s)
01-13 05:52:14.260  2277  2444 I Finsky:background: [52] naw.apply(412): SCH: Scheduling expedited system job 10027
01-13 05:52:14.260   695  2155 D CompatChangeReporter: Compat change id reported: 311402873; UID 10146; state: ENABLED
01-13 05:52:14.260   695  2155 D CompatChangeReporter: Compat change id reported: 323349338; UID 10146; state: ENABLED
01-13 05:52:14.263   695  2158 I ActivityManager: Process com.example.strategy_workbench (pid 10937) has died: fg  TOP 
01-13 05:52:14.264   695  2158 W ActivityTaskManager: ProcessRecord{7f31f5a 10937:com.example.strategy_workbench/u0a217} is removed with pending start ActivityRecord{229745459 u0 com.example.strategy_workbench/.MainActivity t14}
01-13 05:52:14.265   695   731 I libprocessgroup: Removed cgroup /sys/fs/cgroup/apps/uid_10217/pid_10937
01-13 05:52:14.265   561   561 I adbd    : Remote process closed the socket (on MSG_PEEK)
01-13 05:52:14.268   936  1078 V WindowManagerShell: Transition requested (#32): android.os.BinderProxy@6709064 TransitionRequestInfo { type = CLOSE, triggerTask = TaskInfo{userId=0 taskId=14 effectiveUid=10217 displayId=0 isRunning=false baseIntent=Intent { act=android.intent.action.MAIN cat=[android.intent.category.LAUNCHER] flg=0x30000000 cmp=com.example.strategy_workbench/.MainActivity } baseActivity=null topActivity=null origActivity=null realActivity=ComponentInfo{com.example.strategy_workbench/com.example.strategy_workbench.MainActivity} numActivities=0 lastActiveTime=12716975 supportsMultiWindow=true resizeMode=1 isResizeable=true minWidth=-1 minHeight=-1 defaultMinSize=220 token=WCT{android.window.IWindowContainerToken$Stub$Proxy@b4422cd} topActivityType=1 pictureInPictureParams=null shouldDockBigOverlays=false launchIntoPipHostTaskId=-1 lastParentTaskIdBeforePip=-1 displayCutoutSafeInsets=Rect(0, 0 - 0, 0) topActivityInfo=null launchCookies=[] positionInParent=Point(0, 0) parentTaskId=-1 isFocused=false isVisible=true isVisibleRequested=true isTopActivityNoDisplay=false isSleeping=false locusId=null displayAreaFeatureId=1 isTopActivityTransparent=false isActivityStackTransparent=true lastNonFullscreenBounds=Rect(276, 696 - 805, 1776) capturedLink=null capturedLinkTimestamp=0 requestedVisibleTypes=-9 topActivityRequestOpenInBrowserEducationTimestamp=0 appCompatTaskInfo=AppCompatTaskInfo { topActivityInSizeCompat=false eligibleForLetterboxEducation= false isLetterboxEducationEnabled= false isLetterboxDoubleTapEnabled= false eligibleForUserAspectRatioButton= false topActivityBoundsLetterboxed= false isFromLetterboxDoubleTap= false topActivityLetterboxVerticalPosition= -1 topActivityLetterboxHorizontalPosition= -1 topActivityLetterboxWidth=-1 topActivityLetterboxHeight=-1 topActivityAppBounds=Rect(0, 0 - 0, 0) isUserFullscreenOverrideEnabled=false isSystemFullscreenOverrideEnabled=false hasMinAspectRatioOverride=false topActivityLetterboxBounds=null cameraCompatTaskInfo=CameraCompatTaskInfo { freeformCameraCompatMode=undefined}} topActivityMainWindowFrame=null}, pipChange = null, remoteTransition = null, displayChange = null, flags = 0, debugId = 32 }
01-13 05:52:14.269   480   480 I Zygote  : Process 10937 exited due to signal 9 (Killed)
01-13 05:52:14.272   553  1166 I BpBinder: onLastStrongRef automatically unlinking death recipients: 
01-13 05:52:14.278  1079  1079 D VRI[NexusLauncherActivity]: visibilityChanged oldVisibility=false newVisibility=true
01-13 05:52:14.288  1079  1079 D NexusLauncherModelDelegate: notifySmartspaceEvent: SmartspaceTargetEvent{mSmartspaceTarget=null, mSmartspaceActionId='null', mEventType=6}
01-13 05:52:14.304   695   844 D InetDiagMessage: Destroyed 0 sockets, proto=IPPROTO_TCP, family=AF_INET, states=14
01-13 05:52:14.305   553   553 I BpBinder: onLastStrongRef automatically unlinking death recipients: 
01-13 05:52:14.312   695   844 D InetDiagMessage: Destroyed 0 sockets, proto=IPPROTO_TCP, family=AF_INET6, states=14
01-13 05:52:14.312   695   844 D InetDiagMessage: Destroyed live tcp sockets for uids={10217} in 9ms
01-13 05:52:14.312   695   844 D InetDiagMessage: Destroyed 0 sockets, proto=IPPROTO_TCP, family=AF_INET, states=14
01-13 05:52:14.313   695   844 D InetDiagMessage: Destroyed 0 sockets, proto=IPPROTO_TCP, family=AF_INET6, states=14
01-13 05:52:14.313   695   844 D InetDiagMessage: Destroyed live tcp sockets for uids={20217} in 0ms
01-13 05:52:14.347   695   890 D BackgroundInstallControlService: Package event received: 0
01-13 05:52:14.347   695   890 D BackgroundInstallControlService: Package event received: 0
01-13 05:52:14.406   695   784 W UsageStatsService: Unexpected activity event reported! (com.example.strategy_workbench/com.example.strategy_workbench.MainActivity event : 23 instanceId : 40866183)
01-13 05:52:14.425  2277  2444 I Finsky:background: [52] aher.b(244): SCH: Scheduling system job Id: 10028, L: 0, D: 86399653, C: false, I: false, N: 1
01-13 05:52:14.445  1885  2125 I Finsky  : [53] rtl.accept(58): SCH: Scheduling phonesky job Id: 10-1, CT: 1768283534041, Constraints: [{ L: 0, D: 86400000, C: CHARGING_NONE, I: IDLE_NONE, N: NET_ANY, B: BATTERY_ANY }, { L: 0, D: 0, C: CHARGING_NONE, I: IDLE_NONE, N: NET_NONE, B: BATTERY_ANY }]
01-13 05:52:14.463  1885  2125 I Finsky  : [53] rtl.accept(58): SCH: Scheduling phonesky job Id: 10-4, CT: 1768283534041, Constraints: [{ L: 1200000, D: 86400000, C: CHARGING_NONE, I: IDLE_NONE, N: NET_ANY, B: BATTERY_ANY }]
01-13 05:52:14.463  1885  2125 I Finsky  : [53] rtl.accept(58): SCH: Scheduling phonesky job Id: 10-11, CT: 1768283534042, Constraints: [{ L: 600000, D: 86400000, C: CHARGING_NONE, I: IDLE_NONE, N: NET_ANY, B: BATTERY_ANY }]
01-13 05:52:14.463  1885  2125 I Finsky  : [53] rtl.accept(58): SCH: Scheduling phonesky job Id: 10-18, CT: 1768283534042, Constraints: [{ L: 0, D: 86400000, C: CHARGING_NONE, I: IDLE_NONE, N: NET_ANY, B: BATTERY_ANY }, { L: 0, D: 0, C: CHARGING_NONE, I: IDLE_NONE, N: NET_NONE, B: BATTERY_ANY }]
01-13 05:52:14.463  1885  2125 I Finsky  : [53] rtl.accept(58): SCH: Scheduling phonesky job Id: 10-22, CT: 1768283534042, Constraints: [{ L: 0, D: 86400000, C: CHARGING_NONE, I: IDLE_NONE, N: NET_ANY, B: BATTERY_ANY }, { L: 0, D: 0, C: CHARGING_NONE, I: IDLE_NONE, N: NET_NONE, B: BATTERY_ANY }]
01-13 05:52:14.463  1885  2125 I Finsky  : [53] rtl.accept(58): SCH: Scheduling phonesky job Id: 10-39, CT: 1768283534042, Constraints: [{ L: 0, D: 86400000, C: CHARGING_NONE, I: IDLE_NONE, N: NET_ANY, B: BATTERY_ANY }, { L: 0, D: 0, C: CHARGING_NONE, I: IDLE_NONE, N: NET_NONE, B: BATTERY_ANY }]
01-13 05:52:14.463  1885  2125 I Finsky  : [53] rtl.accept(58): SCH: Scheduling phonesky job Id: 10-50, CT: 1768283534042, Constraints: [{ L: 0, D: 86400000, C: CHARGING_NONE, I: IDLE_NONE, N: NET_ANY, B: BATTERY_ANY }, { L: 0, D: 0, C: CHARGING_NONE, I: IDLE_NONE, N: NET_NONE, B: BATTERY_ANY }]
01-13 05:52:14.464  1885  2125 I Finsky  : [53] rtl.accept(58): SCH: Scheduling phonesky job Id: 10-12, CT: 1768283534042, Constraints: [{ L: 0, D: 43200000, C: CHARGING_NONE, I: IDLE_NONE, N: NET_ANY, B: BATTERY_ANY }, { L: 0, D: 0, C: CHARGING_NONE, I: IDLE_NONE, N: NET_NONE, B: BATTERY_ANY }]
01-13 05:52:14.465  1079  1079 D StatsLog: LAUNCHER_ONRESUME
01-13 05:52:14.464  1885  2125 I Finsky  : [53] rtl.accept(58): SCH: Scheduling phonesky job Id: 10-135, CT: 1768283534042, Constraints: [{ L: 0, D: 43200000, C: CHARGING_NONE, I: IDLE_NONE, N: NET_ANY, B: BATTERY_ANY }, { L: 0, D: 0, C: CHARGING_NONE, I: IDLE_NONE, N: NET_NONE, B: BATTERY_ANY }]
01-13 05:52:14.464  1885  2125 I Finsky  : [53] rtl.accept(58): SCH: Scheduling phonesky job Id: 10-47, CT: 1768283534042, Constraints: [{ L: 0, D: 86400000, C: CHARGING_NONE, I: IDLE_NONE, N: NET_ANY, B: BATTERY_ANY }, { L: 0, D: 0, C: CHARGING_NONE, I: IDLE_NONE, N: NET_NONE, B: BATTERY_ANY }]
01-13 05:52:14.464  1885  2125 I Finsky  : [53] rtl.accept(58): SCH: Scheduling phonesky job Id: 10-33, CT: 1768283534042, Constraints: [{ L: 0, D: 86400000, C: CHARGING_NONE, I: IDLE_NONE, N: NET_ANY, B: BATTERY_ANY }, { L: 0, D: 0, C: CHARGING_NONE, I: IDLE_NONE, N: NET_NONE, B: BATTERY_ANY }]
01-13 05:52:14.464  1885  2125 I Finsky  : [53] rtl.accept(58): SCH: Scheduling phonesky job Id: 10-26, CT: 1768283534042, Constraints: [{ L: 600000, D: 86400000, C: CHARGING_NONE, I: IDLE_NONE, N: NET_ANY, B: BATTERY_ANY }]
01-13 05:52:14.464  1885  2125 I Finsky  : [53] rtl.accept(58): SCH: Scheduling phonesky job Id: 10-62, CT: 1768283534042, Constraints: [{ L: 0, D: 86400000, C: CHARGING_NONE, I: IDLE_NONE, N: NET_ANY, B: BATTERY_ANY }, { L: 0, D: 0, C: CHARGING_NONE, I: IDLE_NONE, N: NET_NONE, B: BATTERY_ANY }]
01-13 05:52:14.465  1885  2125 I Finsky  : [53] rtl.accept(58): SCH: Scheduling phonesky job Id: 10-8, CT: 1768283534042, Constraints: [{ L: 0, D: 86400000, C: CHARGING_NONE, I: IDLE_NONE, N: NET_ANY, B: BATTERY_ANY }, { L: 0, D: 0, C: CHARGING_NONE, I: IDLE_NONE, N: NET_NONE, B: BATTERY_ANY }]
01-13 05:52:14.465  1885  2125 I Finsky  : [53] rtl.accept(58): SCH: Scheduling phonesky job Id: 10-3, CT: 1768283534042, Constraints: [{ L: 0, D: 86400000, C: CHARGING_NONE, I: IDLE_NONE, N: NET_ANY, B: BATTERY_ANY }, { L: 0, D: 0, C: CHARGING_NONE, I: IDLE_NONE, N: NET_NONE, B: BATTERY_ANY }]
01-13 05:52:14.466   936  1078 D WindowManagerShell: setLauncherKeepClearAreaHeight: visible=true, height=527
01-13 05:52:14.465  1885  2125 I Finsky  : [53] rtl.accept(58): SCH: Scheduling phonesky job Id: 10-30, CT: 1768283534042, Constraints: [{ L: 0, D: 86400000, C: CHARGING_NONE, I: IDLE_NONE, N: NET_ANY, B: BATTERY_ANY }, { L: 0, D: 0, C: CHARGING_NONE, I: IDLE_NONE, N: NET_NONE, B: BATTERY_ANY }]
01-13 05:52:14.465  1885  2125 I Finsky  : [53] rtl.accept(58): SCH: Scheduling phonesky job Id: 10-14, CT: 1768283534042, Constraints: [{ L: 0, D: 86400000, C: CHARGING_NONE, I: IDLE_NONE, N: NET_ANY, B: BATTERY_ANY }, { L: 0, D: 0, C: CHARGING_NONE, I: IDLE_NONE, N: NET_NONE, B: BATTERY_ANY }]
01-13 05:52:14.465  1885  2125 I Finsky  : [53] rtl.accept(58): SCH: Scheduling phonesky job Id: 10-15, CT: 1768283534042, Constraints: [{ L: 0, D: 86400000, C: CHARGING_NONE, I: IDLE_NONE, N: NET_ANY, B: BATTERY_ANY }, { L: 0, D: 0, C: CHARGING_NONE, I: IDLE_NONE, N: NET_NONE, B: BATTERY_ANY }]
01-13 05:52:14.465  1885  2125 I Finsky  : [53] rtl.accept(58): SCH: Scheduling phonesky job Id: 10-20, CT: 1768283534042, Constraints: [{ L: 0, D: 86400000, C: CHARGING_NONE, I: IDLE_NONE, N: NET_ANY, B: BATTERY_ANY }, { L: 0, D: 0, C: CHARGING_NONE, I: IDLE_NONE, N: NET_NONE, B: BATTERY_ANY }]
01-13 05:52:14.465  1885  2125 I Finsky  : [53] rtl.accept(58): SCH: Scheduling phonesky job Id: 10-42, CT: 1768283534042, Constraints: [{ L: 0, D: 86400000, C: CHARGING_NONE, I: IDLE_NONE, N: NET_ANY, B: BATTERY_ANY }, { L: 0, D: 0, C: CHARGING_NONE, I: IDLE_NONE, N: NET_NONE, B: BATTERY_ANY }]
01-13 05:52:14.465  1885  2125 I Finsky  : [53] rtl.accept(58): SCH: Scheduling phonesky job Id: 10-55, CT: 1768283534042, Constraints: [{ L: 0, D: 86400000, C: CHARGING_NONE, I: IDLE_NONE, N: NET_ANY, B: BATTERY_ANY }, { L: 0, D: 0, C: CHARGING_NONE, I: IDLE_NONE, N: NET_NONE, B: BATTERY_ANY }]
01-13 05:52:14.465  1885  2125 I Finsky  : [53] rtl.accept(58): SCH: Scheduling phonesky job Id: 10-48, CT: 1768283534042, Constraints: [{ L: 0, D: 86400000, C: CHARGING_NONE, I: IDLE_NONE, N: NET_ANY, B: BATTERY_ANY }, { L: 0, D: 0, C: CHARGING_NONE, I: IDLE_NONE, N: NET_NONE, B: BATTERY_ANY }]
01-13 05:52:14.465  1885  2125 I Finsky  : [53] rtl.accept(58): SCH: Scheduling phonesky job Id: 10-98, CT: 1768283534042, Constraints: [{ L: 0, D: 86400000, C: CHARGING_NONE, I: IDLE_NONE, N: NET_ANY, B: BATTERY_ANY }, { L: 0, D: 0, C: CHARGING_NONE, I: IDLE_NONE, N: NET_NONE, B: BATTERY_ANY }]
01-13 05:52:14.465  1885  2125 I Finsky  : [53] rtl.accept(58): SCH: Scheduling phonesky job Id: 10-9, CT: 1768283534042, Constraints: [{ L: 0, D: 86400000, C: CHARGING_NONE, I: IDLE_NONE, N: NET_ANY, B: BATTERY_ANY }, { L: 0, D: 0, C: CHARGING_NONE, I: IDLE_NONE, N: NET_NONE, B: BATTERY_ANY }]
01-13 05:52:14.465  1885  2125 I Finsky  : [53] rtl.accept(58): SCH: Scheduling phonesky job Id: 10-113, CT: 1768283534043, Constraints: [{ L: 0, D: 86400000, C: CHARGING_NONE, I: IDLE_NONE, N: NET_ANY, B: BATTERY_ANY }, { L: 0, D: 0, C: CHARGING_NONE, I: IDLE_NONE, N: NET_NONE, B: BATTERY_ANY }]
01-13 05:52:14.465  1885  2125 I Finsky  : [53] rtl.accept(58): SCH: Scheduling phonesky job Id: 10-82, CT: 1768283534043, Constraints: [{ L: 0, D: 86400000, C: CHARGING_NONE, I: IDLE_NONE, N: NET_ANY, B: BATTERY_ANY }, { L: 0, D: 0, C: CHARGING_NONE, I: IDLE_NONE, N: NET_NONE, B: BATTERY_ANY }]
01-13 05:52:14.465  1885  2125 I Finsky  : [53] rtl.accept(58): SCH: Scheduling phonesky job Id: 10-41, CT: 1768283534043, Constraints: [{ L: 0, D: 86400000, C: CHARGING_NONE, I: IDLE_NONE, N: NET_ANY, B: BATTERY_ANY }, { L: 0, D: 0, C: CHARGING_NONE, I: IDLE_NONE, N: NET_NONE, B: BATTERY_ANY }]
01-13 05:52:14.466  1885  2125 I Finsky  : [53] rtl.accept(58): SCH: Scheduling phonesky job Id: 10-51, CT: 1768283534043, Constraints: [{ L: 0, D: 86400000, C: CHARGING_NONE, I: IDLE_NONE, N: NET_ANY, B: BATTERY_ANY }, { L: 0, D: 0, C: CHARGING_NONE, I: IDLE_NONE, N: NET_NONE, B: BATTERY_ANY }]
01-13 05:52:14.480  1885  2125 I Finsky  : [53] rtl.accept(58): SCH: Scheduling phonesky job Id: 10-66, CT: 1768283534043, Constraints: [{ L: 0, D: 86400000, C: CHARGING_NONE, I: IDLE_NONE, N: NET_ANY, B: BATTERY_ANY }, { L: 0, D: 0, C: CHARGING_NONE, I: IDLE_NONE, N: NET_NONE, B: BATTERY_ANY }]
01-13 05:52:14.480  1885  2125 I Finsky  : [53] rtl.accept(58): SCH: Scheduling phonesky job Id: 10-71, CT: 1768283534043, Constraints: [{ L: 0, D: 86400000, C: CHARGING_NONE, I: IDLE_NONE, N: NET_ANY, B: BATTERY_ANY }, { L: 0, D: 0, C: CHARGING_NONE, I: IDLE_NONE, N: NET_NONE, B: BATTERY_ANY }]
01-13 05:52:14.480  1885  2125 I Finsky  : [53] rtl.accept(58): SCH: Scheduling phonesky job Id: 10-73, CT: 1768283534043, Constraints: [{ L: 0, D: 86400000, C: CHARGING_NONE, I: IDLE_NONE, N: NET_ANY, B: BATTERY_ANY }, { L: 0, D: 0, C: CHARGING_NONE, I: IDLE_NONE, N: NET_NONE, B: BATTERY_ANY }]
01-13 05:52:14.480  1885  2125 I Finsky  : [53] rtl.accept(58): SCH: Scheduling phonesky job Id: 10-76, CT: 1768283534043, Constraints: [{ L: 0, D: 86400000, C: CHARGING_NONE, I: IDLE_NONE, N: NET_ANY, B: BATTERY_ANY }, { L: 0, D: 0, C: CHARGING_NONE, I: IDLE_NONE, N: NET_NONE, B: BATTERY_ANY }]
01-13 05:52:14.480  1885  2125 I Finsky  : [53] rtl.accept(58): SCH: Scheduling phonesky job Id: 10-79, CT: 1768283534043, Constraints: [{ L: 0, D: 86400000, C: CHARGING_NONE, I: IDLE_REQUIRED, N: NET_ANY, B: BATTERY_ANY }]
01-13 05:52:14.480  1885  2125 I Finsky  : [53] rtl.accept(58): SCH: Scheduling phonesky job Id: 10-168, CT: 1768283534043, Constraints: [{ L: 0, D: 86400000, C: CHARGING_NONE, I: IDLE_REQUIRED, N: NET_ANY, B: BATTERY_ANY }]
01-13 05:52:14.480  1885  2125 I Finsky  : [53] rtl.accept(58): SCH: Scheduling phonesky job Id: 10-87, CT: 1768283534043, Constraints: [{ L: 0, D: 86400000, C: CHARGING_NONE, I: IDLE_NONE, N: NET_ANY, B: BATTERY_ANY }, { L: 0, D: 0, C: CHARGING_NONE, I: IDLE_NONE, N: NET_NONE, B: BATTERY_ANY }]
01-13 05:52:14.480  1885  2125 I Finsky  : [53] rtl.accept(58): SCH: Scheduling phonesky job Id: 10-107, CT: 1768283534043, Constraints: [{ L: 0, D: 43200000, C: CHARGING_NONE, I: IDLE_NONE, N: NET_ANY, B: BATTERY_ANY }, { L: 0, D: 0, C: CHARGING_NONE, I: IDLE_NONE, N: NET_NONE, B: BATTERY_ANY }]
01-13 05:52:14.481  1885  2125 I Finsky  : [53] rtl.accept(58): SCH: Scheduling phonesky job Id: 10-152, CT: 1768283534043, Constraints: [{ L: 0, D: 86400000, C: CHARGING_NONE, I: IDLE_NONE, N: NET_ANY, B: BATTERY_ANY }, { L: 0, D: 0, C: CHARGING_NONE, I: IDLE_NONE, N: NET_NONE, B: BATTERY_ANY }]
01-13 05:52:14.481  1885  2125 I Finsky  : [53] rtl.accept(58): SCH: Scheduling phonesky job Id: 10-122, CT: 1768283534043, Constraints: [{ L: 0, D: 43200000, C: CHARGING_NONE, I: IDLE_NONE, N: NET_ANY, B: BATTERY_ANY }, { L: 0, D: 0, C: CHARGING_NONE, I: IDLE_NONE, N: NET_NONE, B: BATTERY_ANY }]
01-13 05:52:14.481  1885  2125 I Finsky  : [53] rtl.accept(58): SCH: Scheduling phonesky job Id: 10-101, CT: 1768283534043, Constraints: [{ L: 60000, D: 86400000, C: CHARGING_NONE, I: IDLE_NONE, N: NET_ANY, B: BATTERY_ANY }]
01-13 05:52:14.481  1885  2125 I Finsky  : [53] rtl.accept(58): SCH: Scheduling phonesky job Id: 10-116, CT: 1768283534043, Constraints: [{ L: 0, D: 86400000, C: CHARGING_NONE, I: IDLE_NONE, N: NET_NONE, B: BATTERY_ANY }, { L: 0, D: 0, C: CHARGING_NONE, I: IDLE_NONE, N: NET_NONE, B: BATTERY_ANY }]
01-13 05:52:14.481  1885  2125 I Finsky  : [53] rtl.accept(58): SCH: Scheduling phonesky job Id: 10-123, CT: 1768283534043, Constraints: [{ L: 600000, D: 86400000, C: CHARGING_NONE, I: IDLE_NONE, N: NET_ANY, B: BATTERY_ANY }]
01-13 05:52:14.481  1885  2125 I Finsky  : [53] rtl.accept(58): SCH: Scheduling phonesky job Id: 10-127, CT: 1768283534043, Constraints: [{ L: 0, D: 43200000, C: CHARGING_NONE, I: IDLE_NONE, N: NET_ANY, B: BATTERY_ANY }, { L: 0, D: 0, C: CHARGING_NONE, I: IDLE_NONE, N: NET_NONE, B: BATTERY_ANY }]
01-13 05:52:14.481  1885  2125 I Finsky  : [53] rtl.accept(58): SCH: Scheduling phonesky job Id: 10-130, CT: 1768283534043, Constraints: [{ L: 0, D: 86400000, C: CHARGING_NONE, I: IDLE_NONE, N: NET_ANY, B: BATTERY_ANY }, { L: 0, D: 0, C: CHARGING_NONE, I: IDLE_NONE, N: NET_NONE, B: BATTERY_ANY }]
01-13 05:52:14.481  1885  2125 I Finsky  : [53] rtl.accept(58): SCH: Scheduling phonesky job Id: 10-131, CT: 1768283534043, Constraints: [{ L: 0, D: 86400000, C: CHARGING_NONE, I: IDLE_NONE, N: NET_ANY, B: BATTERY_ANY }, { L: 0, D: 0, C: CHARGING_NONE, I: IDLE_NONE, N: NET_NONE, B: BATTERY_ANY }]
01-13 05:52:14.481  1885  2125 I Finsky  : [53] rtl.accept(58): SCH: Scheduling phonesky job Id: 10-139, CT: 1768283534043, Constraints: [{ L: 0, D: 86400000, C: CHARGING_NONE, I: IDLE_NONE, N: NET_ANY, B: BATTERY_ANY }, { L: 0, D: 0, C: CHARGING_NONE, I: IDLE_NONE, N: NET_NONE, B: BATTERY_ANY }]
01-13 05:52:14.481  1885  2125 I Finsky  : [53] rtl.accept(58): SCH: Scheduling phonesky job Id: 10-142, CT: 1768283534043, Constraints: [{ L: 0, D: 86400000, C: CHARGING_NONE, I: IDLE_NONE, N: NET_ANY, B: BATTERY_ANY }, { L: 0, D: 0, C: CHARGING_NONE, I: IDLE_NONE, N: NET_NONE, B: BATTERY_ANY }]
01-13 05:52:14.481  1885  2125 I Finsky  : [53] rtl.accept(58): SCH: Scheduling phonesky job Id: 10-146, CT: 1768283534043, Constraints: [{ L: 0, D: 86400000, C: CHARGING_NONE, I: IDLE_NONE, N: NET_ANY, B: BATTERY_ANY }, { L: 0, D: 0, C: CHARGING_NONE, I: IDLE_NONE, N: NET_NONE, B: BATTERY_ANY }]
01-13 05:52:14.481  1885  2125 I Finsky  : [53] rtl.accept(58): SCH: Scheduling phonesky job Id: 10-162, CT: 1768283534043, Constraints: [{ L: 0, D: 86400000, C: CHARGING_NONE, I: IDLE_NONE, N: NET_ANY, B: BATTERY_ANY }, { L: 0, D: 0, C: CHARGING_NONE, I: IDLE_NONE, N: NET_NONE, B: BATTERY_ANY }]
01-13 05:52:14.495  2277  2277 I Finsky:background: [2] ahgm.onStartJob(126): SCH: job service start with id 10027.
01-13 05:52:14.516  2277  2277 I Finsky:background: [2] ahgm.onStartJob(126): SCH: job service start with id 10028.
01-13 05:52:14.527   936  1176 V WindowManagerShell: onTransitionReady(transaction=2985002271724)
01-13 05:52:14.530  1079  1129 D QuickstepModelDelegate: notifyAppTargetEvent action=1 launchLocation=workspace/0/[-1,-1]/[1,1]
01-13 05:52:14.532  1079  1079 I NotificationListener: Handling notification state refresh for android#0
01-13 05:52:14.532  1079  1079 I NotificationListener: Handling notification state refresh for com.android.systemui#0
01-13 05:52:14.532   936  1078 V WindowManagerShell: onTransitionReady (#32) android.os.BinderProxy@6709064: {id=32 t=CLOSE f=0x0 trk=0 r=[0@Point(0, 0)] c=[
01-13 05:52:14.532   936  1078 V WindowManagerShell:         {m=TO_FRONT f=SHOW_WALLPAPER|MOVE_TO_TOP leash=Surface(name=Task=1)/@0x62b7782 sb=Rect(0, 0 - 1080, 2400) eb=Rect(0, 0 - 1080, 2400) epz=Point(1080, 2400) d=0 taskParent=-1},
01-13 05:52:14.532   936  1078 V WindowManagerShell:         {m=CLOSE f=NONE leash=Surface(name=Task=14)/@0xf77ae93 sb=Rect(0, 0 - 1080, 2400) eb=Rect(0, 0 - 1080, 2400) epz=Point(1080, 2400) d=0 taskParent=-1},
